Running solver: DSN_thorough
Dataset: Gset
[GENERAL] Dataset: Gset, -----------------------------------------------------------
Warning: No configuration found for run 'DSN_thorough' in config file
Running: DSN_thorough
Solver: DSN_thorough
Dataset: Gset
==================================================
Processing instance: G1.txt
  Seed 1/10 (seed=42)
  Error processing G1.txt with seed 42: not enough values to unpack (expected 3, got 2)
  Seed 2/10 (seed=43)
  Error processing G1.txt with seed 43: not enough values to unpack (expected 3, got 2)
  Seed 3/10 (seed=44)
  Error processing G1.txt with seed 44: not enough values to unpack (expected 3, got 2)
  Seed 4/10 (seed=45)
  Error processing G1.txt with seed 45: not enough values to unpack (expected 3, got 2)
  Seed 5/10 (seed=46)
  Error processing G1.txt with seed 46: not enough values to unpack (expected 3, got 2)
  Seed 6/10 (seed=47)
  Error processing G1.txt with seed 47: not enough values to unpack (expected 3, got 2)
  Seed 7/10 (seed=48)
  Error processing G1.txt with seed 48: not enough values to unpack (expected 3, got 2)
  Seed 8/10 (seed=49)
  Error processing G1.txt with seed 49: not enough values to unpack (expected 3, got 2)
  Seed 9/10 (seed=50)
  Error processing G1.txt with seed 50: not enough values to unpack (expected 3, got 2)
  Seed 10/10 (seed=51)
  Error processing G1.txt with seed 51: not enough values to unpack (expected 3, got 2)
Processing instance: G10.txt
  Seed 1/10 (seed=42)
  Error processing G10.txt with seed 42: not enough values to unpack (expected 3, got 2)
  Seed 2/10 (seed=43)
  Error processing G10.txt with seed 43: not enough values to unpack (expected 3, got 2)
  Seed 3/10 (seed=44)
  Error processing G10.txt with seed 44: not enough values to unpack (expected 3, got 2)
  Seed 4/10 (seed=45)
  Error processing G10.txt with seed 45: not enough values to unpack (expected 3, got 2)
  Seed 5/10 (seed=46)
  Error processing G10.txt with seed 46: not enough values to unpack (expected 3, got 2)
  Seed 6/10 (seed=47)
  Error processing G10.txt with seed 47: not enough values to unpack (expected 3, got 2)
  Seed 7/10 (seed=48)
  Error processing G10.txt with seed 48: not enough values to unpack (expected 3, got 2)
  Seed 8/10 (seed=49)
  Error processing G10.txt with seed 49: not enough values to unpack (expected 3, got 2)
  Seed 9/10 (seed=50)
  Error processing G10.txt with seed 50: not enough values to unpack (expected 3, got 2)
  Seed 10/10 (seed=51)
  Error processing G10.txt with seed 51: not enough values to unpack (expected 3, got 2)
Processing instance: G11.txt
  Seed 1/10 (seed=42)
  Error processing G11.txt with seed 42: not enough values to unpack (expected 3, got 2)
  Seed 2/10 (seed=43)
  Error processing G11.txt with seed 43: not enough values to unpack (expected 3, got 2)
  Seed 3/10 (seed=44)
  Error processing G11.txt with seed 44: not enough values to unpack (expected 3, got 2)
  Seed 4/10 (seed=45)
  Error processing G11.txt with seed 45: not enough values to unpack (expected 3, got 2)
  Seed 5/10 (seed=46)
  Error processing G11.txt with seed 46: not enough values to unpack (expected 3, got 2)
  Seed 6/10 (seed=47)
  Error processing G11.txt with seed 47: not enough values to unpack (expected 3, got 2)
  Seed 7/10 (seed=48)
  Error processing G11.txt with seed 48: not enough values to unpack (expected 3, got 2)
  Seed 8/10 (seed=49)
  Error processing G11.txt with seed 49: not enough values to unpack (expected 3, got 2)
  Seed 9/10 (seed=50)
  Error processing G11.txt with seed 50: not enough values to unpack (expected 3, got 2)
  Seed 10/10 (seed=51)
  Error processing G11.txt with seed 51: not enough values to unpack (expected 3, got 2)
Processing instance: G12.txt
  Seed 1/10 (seed=42)
  Error processing G12.txt with seed 42: not enough values to unpack (expected 3, got 2)
  Seed 2/10 (seed=43)
  Error processing G12.txt with seed 43: not enough values to unpack (expected 3, got 2)
  Seed 3/10 (seed=44)
  Error processing G12.txt with seed 44: not enough values to unpack (expected 3, got 2)
  Seed 4/10 (seed=45)
  Error processing G12.txt with seed 45: not enough values to unpack (expected 3, got 2)
  Seed 5/10 (seed=46)
  Error processing G12.txt with seed 46: not enough values to unpack (expected 3, got 2)
  Seed 6/10 (seed=47)
  Error processing G12.txt with seed 47: not enough values to unpack (expected 3, got 2)
  Seed 7/10 (seed=48)
  Error processing G12.txt with seed 48: not enough values to unpack (expected 3, got 2)
  Seed 8/10 (seed=49)
  Error processing G12.txt with seed 49: not enough values to unpack (expected 3, got 2)
  Seed 9/10 (seed=50)
  Error processing G12.txt with seed 50: not enough values to unpack (expected 3, got 2)
  Seed 10/10 (seed=51)
  Error processing G12.txt with seed 51: not enough values to unpack (expected 3, got 2)
Processing instance: G13.txt
  Seed 1/10 (seed=42)
  Error processing G13.txt with seed 42: not enough values to unpack (expected 3, got 2)
  Seed 2/10 (seed=43)
  Error processing G13.txt with seed 43: not enough values to unpack (expected 3, got 2)
  Seed 3/10 (seed=44)
  Error processing G13.txt with seed 44: not enough values to unpack (expected 3, got 2)
  Seed 4/10 (seed=45)
  Error processing G13.txt with seed 45: not enough values to unpack (expected 3, got 2)
  Seed 5/10 (seed=46)
  Error processing G13.txt with seed 46: not enough values to unpack (expected 3, got 2)
  Seed 6/10 (seed=47)
  Error processing G13.txt with seed 47: not enough values to unpack (expected 3, got 2)
  Seed 7/10 (seed=48)
  Error processing G13.txt with seed 48: not enough values to unpack (expected 3, got 2)
  Seed 8/10 (seed=49)
  Error processing G13.txt with seed 49: not enough values to unpack (expected 3, got 2)
  Seed 9/10 (seed=50)
  Error processing G13.txt with seed 50: not enough values to unpack (expected 3, got 2)
  Seed 10/10 (seed=51)
  Error processing G13.txt with seed 51: not enough values to unpack (expected 3, got 2)
Processing instance: G14.txt
  Seed 1/10 (seed=42)
  Error processing G14.txt with seed 42: not enough values to unpack (expected 3, got 2)
  Seed 2/10 (seed=43)
  Error processing G14.txt with seed 43: not enough values to unpack (expected 3, got 2)
  Seed 3/10 (seed=44)
  Error processing G14.txt with seed 44: not enough values to unpack (expected 3, got 2)
  Seed 4/10 (seed=45)
  Error processing G14.txt with seed 45: not enough values to unpack (expected 3, got 2)
  Seed 5/10 (seed=46)
  Error processing G14.txt with seed 46: not enough values to unpack (expected 3, got 2)
  Seed 6/10 (seed=47)
  Error processing G14.txt with seed 47: not enough values to unpack (expected 3, got 2)
  Seed 7/10 (seed=48)
  Error processing G14.txt with seed 48: not enough values to unpack (expected 3, got 2)
  Seed 8/10 (seed=49)
  Error processing G14.txt with seed 49: not enough values to unpack (expected 3, got 2)
  Seed 9/10 (seed=50)
  Error processing G14.txt with seed 50: not enough values to unpack (expected 3, got 2)
  Seed 10/10 (seed=51)
  Error processing G14.txt with seed 51: not enough values to unpack (expected 3, got 2)
Processing instance: G15.txt
  Seed 1/10 (seed=42)
  Error processing G15.txt with seed 42: not enough values to unpack (expected 3, got 2)
  Seed 2/10 (seed=43)
  Error processing G15.txt with seed 43: not enough values to unpack (expected 3, got 2)
  Seed 3/10 (seed=44)
  Error processing G15.txt with seed 44: not enough values to unpack (expected 3, got 2)
  Seed 4/10 (seed=45)
  Error processing G15.txt with seed 45: not enough values to unpack (expected 3, got 2)
  Seed 5/10 (seed=46)
  Error processing G15.txt with seed 46: not enough values to unpack (expected 3, got 2)
  Seed 6/10 (seed=47)
  Error processing G15.txt with seed 47: not enough values to unpack (expected 3, got 2)
  Seed 7/10 (seed=48)
  Error processing G15.txt with seed 48: not enough values to unpack (expected 3, got 2)
  Seed 8/10 (seed=49)
  Error processing G15.txt with seed 49: not enough values to unpack (expected 3, got 2)
  Seed 9/10 (seed=50)
  Error processing G15.txt with seed 50: not enough values to unpack (expected 3, got 2)
  Seed 10/10 (seed=51)
  Error processing G15.txt with seed 51: not enough values to unpack (expected 3, got 2)
Processing instance: G16.txt
  Seed 1/10 (seed=42)
  Error processing G16.txt with seed 42: not enough values to unpack (expected 3, got 2)
  Seed 2/10 (seed=43)
  Error processing G16.txt with seed 43: not enough values to unpack (expected 3, got 2)
  Seed 3/10 (seed=44)
  Error processing G16.txt with seed 44: not enough values to unpack (expected 3, got 2)
  Seed 4/10 (seed=45)
  Error processing G16.txt with seed 45: not enough values to unpack (expected 3, got 2)
  Seed 5/10 (seed=46)
  Error processing G16.txt with seed 46: not enough values to unpack (expected 3, got 2)
  Seed 6/10 (seed=47)
  Error processing G16.txt with seed 47: not enough values to unpack (expected 3, got 2)
  Seed 7/10 (seed=48)
  Error processing G16.txt with seed 48: not enough values to unpack (expected 3, got 2)
  Seed 8/10 (seed=49)
  Error processing G16.txt with seed 49: not enough values to unpack (expected 3, got 2)
  Seed 9/10 (seed=50)
  Error processing G16.txt with seed 50: not enough values to unpack (expected 3, got 2)
  Seed 10/10 (seed=51)
  Error processing G16.txt with seed 51: not enough values to unpack (expected 3, got 2)
Processing instance: G17.txt
  Seed 1/10 (seed=42)
  Error processing G17.txt with seed 42: not enough values to unpack (expected 3, got 2)
  Seed 2/10 (seed=43)
  Error processing G17.txt with seed 43: not enough values to unpack (expected 3, got 2)
  Seed 3/10 (seed=44)
  Error processing G17.txt with seed 44: not enough values to unpack (expected 3, got 2)
  Seed 4/10 (seed=45)
  Error processing G17.txt with seed 45: not enough values to unpack (expected 3, got 2)
  Seed 5/10 (seed=46)
  Error processing G17.txt with seed 46: not enough values to unpack (expected 3, got 2)
  Seed 6/10 (seed=47)
  Error processing G17.txt with seed 47: not enough values to unpack (expected 3, got 2)
  Seed 7/10 (seed=48)
  Error processing G17.txt with seed 48: not enough values to unpack (expected 3, got 2)
  Seed 8/10 (seed=49)
  Error processing G17.txt with seed 49: not enough values to unpack (expected 3, got 2)
  Seed 9/10 (seed=50)
  Error processing G17.txt with seed 50: not enough values to unpack (expected 3, got 2)
  Seed 10/10 (seed=51)
  Error processing G17.txt with seed 51: not enough values to unpack (expected 3, got 2)
Processing instance: G18.txt
  Seed 1/10 (seed=42)
  Error processing G18.txt with seed 42: not enough values to unpack (expected 3, got 2)
  Seed 2/10 (seed=43)
  Error processing G18.txt with seed 43: not enough values to unpack (expected 3, got 2)
  Seed 3/10 (seed=44)
  Error processing G18.txt with seed 44: not enough values to unpack (expected 3, got 2)
  Seed 4/10 (seed=45)
  Error processing G18.txt with seed 45: not enough values to unpack (expected 3, got 2)
  Seed 5/10 (seed=46)
  Error processing G18.txt with seed 46: not enough values to unpack (expected 3, got 2)
  Seed 6/10 (seed=47)
  Error processing G18.txt with seed 47: not enough values to unpack (expected 3, got 2)
  Seed 7/10 (seed=48)
  Error processing G18.txt with seed 48: not enough values to unpack (expected 3, got 2)
  Seed 8/10 (seed=49)
  Error processing G18.txt with seed 49: not enough values to unpack (expected 3, got 2)
  Seed 9/10 (seed=50)
  Error processing G18.txt with seed 50: not enough values to unpack (expected 3, got 2)
  Seed 10/10 (seed=51)
  Error processing G18.txt with seed 51: not enough values to unpack (expected 3, got 2)
Processing instance: G19.txt
  Seed 1/10 (seed=42)
  Error processing G19.txt with seed 42: not enough values to unpack (expected 3, got 2)
  Seed 2/10 (seed=43)
  Error processing G19.txt with seed 43: not enough values to unpack (expected 3, got 2)
  Seed 3/10 (seed=44)
  Error processing G19.txt with seed 44: not enough values to unpack (expected 3, got 2)
  Seed 4/10 (seed=45)
  Error processing G19.txt with seed 45: not enough values to unpack (expected 3, got 2)
  Seed 5/10 (seed=46)
  Error processing G19.txt with seed 46: not enough values to unpack (expected 3, got 2)
  Seed 6/10 (seed=47)
  Error processing G19.txt with seed 47: not enough values to unpack (expected 3, got 2)
  Seed 7/10 (seed=48)
  Error processing G19.txt with seed 48: not enough values to unpack (expected 3, got 2)
  Seed 8/10 (seed=49)
  Error processing G19.txt with seed 49: not enough values to unpack (expected 3, got 2)
  Seed 9/10 (seed=50)
  Error processing G19.txt with seed 50: not enough values to unpack (expected 3, got 2)
  Seed 10/10 (seed=51)
  Error processing G19.txt with seed 51: not enough values to unpack (expected 3, got 2)
Processing instance: G2.txt
  Seed 1/10 (seed=42)
  Error processing G2.txt with seed 42: not enough values to unpack (expected 3, got 2)
  Seed 2/10 (seed=43)
  Error processing G2.txt with seed 43: not enough values to unpack (expected 3, got 2)
  Seed 3/10 (seed=44)
  Error processing G2.txt with seed 44: not enough values to unpack (expected 3, got 2)
  Seed 4/10 (seed=45)
  Error processing G2.txt with seed 45: not enough values to unpack (expected 3, got 2)
  Seed 5/10 (seed=46)
  Error processing G2.txt with seed 46: not enough values to unpack (expected 3, got 2)
  Seed 6/10 (seed=47)
  Error processing G2.txt with seed 47: not enough values to unpack (expected 3, got 2)
  Seed 7/10 (seed=48)
  Error processing G2.txt with seed 48: not enough values to unpack (expected 3, got 2)
  Seed 8/10 (seed=49)
  Error processing G2.txt with seed 49: not enough values to unpack (expected 3, got 2)
  Seed 9/10 (seed=50)
  Error processing G2.txt with seed 50: not enough values to unpack (expected 3, got 2)
  Seed 10/10 (seed=51)
  Error processing G2.txt with seed 51: not enough values to unpack (expected 3, got 2)
Processing instance: G20.txt
  Seed 1/10 (seed=42)
  Error processing G20.txt with seed 42: not enough values to unpack (expected 3, got 2)
  Seed 2/10 (seed=43)
  Error processing G20.txt with seed 43: not enough values to unpack (expected 3, got 2)
  Seed 3/10 (seed=44)
  Error processing G20.txt with seed 44: not enough values to unpack (expected 3, got 2)
  Seed 4/10 (seed=45)
  Error processing G20.txt with seed 45: not enough values to unpack (expected 3, got 2)
  Seed 5/10 (seed=46)
  Error processing G20.txt with seed 46: not enough values to unpack (expected 3, got 2)
  Seed 6/10 (seed=47)
  Error processing G20.txt with seed 47: not enough values to unpack (expected 3, got 2)
  Seed 7/10 (seed=48)
  Error processing G20.txt with seed 48: not enough values to unpack (expected 3, got 2)
  Seed 8/10 (seed=49)
  Error processing G20.txt with seed 49: not enough values to unpack (expected 3, got 2)
  Seed 9/10 (seed=50)
  Error processing G20.txt with seed 50: not enough values to unpack (expected 3, got 2)
  Seed 10/10 (seed=51)
  Error processing G20.txt with seed 51: not enough values to unpack (expected 3, got 2)
Processing instance: G21.txt
  Seed 1/10 (seed=42)
  Error processing G21.txt with seed 42: not enough values to unpack (expected 3, got 2)
  Seed 2/10 (seed=43)
  Error processing G21.txt with seed 43: not enough values to unpack (expected 3, got 2)
  Seed 3/10 (seed=44)
  Error processing G21.txt with seed 44: not enough values to unpack (expected 3, got 2)
  Seed 4/10 (seed=45)
  Error processing G21.txt with seed 45: not enough values to unpack (expected 3, got 2)
  Seed 5/10 (seed=46)
  Error processing G21.txt with seed 46: not enough values to unpack (expected 3, got 2)
  Seed 6/10 (seed=47)
  Error processing G21.txt with seed 47: not enough values to unpack (expected 3, got 2)
  Seed 7/10 (seed=48)
  Error processing G21.txt with seed 48: not enough values to unpack (expected 3, got 2)
  Seed 8/10 (seed=49)
  Error processing G21.txt with seed 49: not enough values to unpack (expected 3, got 2)
  Seed 9/10 (seed=50)
  Error processing G21.txt with seed 50: not enough values to unpack (expected 3, got 2)
  Seed 10/10 (seed=51)
  Error processing G21.txt with seed 51: not enough values to unpack (expected 3, got 2)
Processing instance: G22.txt
  Seed 1/10 (seed=42)
  Error processing G22.txt with seed 42: not enough values to unpack (expected 3, got 2)
  Seed 2/10 (seed=43)
  Error processing G22.txt with seed 43: not enough values to unpack (expected 3, got 2)
  Seed 3/10 (seed=44)
  Error processing G22.txt with seed 44: not enough values to unpack (expected 3, got 2)
  Seed 4/10 (seed=45)
  Error processing G22.txt with seed 45: not enough values to unpack (expected 3, got 2)
  Seed 5/10 (seed=46)
  Error processing G22.txt with seed 46: not enough values to unpack (expected 3, got 2)
  Seed 6/10 (seed=47)
  Error processing G22.txt with seed 47: not enough values to unpack (expected 3, got 2)
  Seed 7/10 (seed=48)
  Error processing G22.txt with seed 48: not enough values to unpack (expected 3, got 2)
  Seed 8/10 (seed=49)
  Error processing G22.txt with seed 49: not enough values to unpack (expected 3, got 2)
  Seed 9/10 (seed=50)
  Error processing G22.txt with seed 50: not enough values to unpack (expected 3, got 2)
  Seed 10/10 (seed=51)
  Error processing G22.txt with seed 51: not enough values to unpack (expected 3, got 2)
Processing instance: G23.txt
  Seed 1/10 (seed=42)
  Error processing G23.txt with seed 42: not enough values to unpack (expected 3, got 2)
  Seed 2/10 (seed=43)
  Error processing G23.txt with seed 43: not enough values to unpack (expected 3, got 2)
  Seed 3/10 (seed=44)
  Error processing G23.txt with seed 44: not enough values to unpack (expected 3, got 2)
  Seed 4/10 (seed=45)
  Error processing G23.txt with seed 45: not enough values to unpack (expected 3, got 2)
  Seed 5/10 (seed=46)
  Error processing G23.txt with seed 46: not enough values to unpack (expected 3, got 2)
  Seed 6/10 (seed=47)
  Error processing G23.txt with seed 47: not enough values to unpack (expected 3, got 2)
  Seed 7/10 (seed=48)
  Error processing G23.txt with seed 48: not enough values to unpack (expected 3, got 2)
  Seed 8/10 (seed=49)
  Error processing G23.txt with seed 49: not enough values to unpack (expected 3, got 2)
  Seed 9/10 (seed=50)
  Error processing G23.txt with seed 50: not enough values to unpack (expected 3, got 2)
  Seed 10/10 (seed=51)
  Error processing G23.txt with seed 51: not enough values to unpack (expected 3, got 2)
Processing instance: G24.txt
  Seed 1/10 (seed=42)
  Error processing G24.txt with seed 42: not enough values to unpack (expected 3, got 2)
  Seed 2/10 (seed=43)
  Error processing G24.txt with seed 43: not enough values to unpack (expected 3, got 2)
  Seed 3/10 (seed=44)
  Error processing G24.txt with seed 44: not enough values to unpack (expected 3, got 2)
  Seed 4/10 (seed=45)
  Error processing G24.txt with seed 45: not enough values to unpack (expected 3, got 2)
  Seed 5/10 (seed=46)
  Error processing G24.txt with seed 46: not enough values to unpack (expected 3, got 2)
  Seed 6/10 (seed=47)
  Error processing G24.txt with seed 47: not enough values to unpack (expected 3, got 2)
  Seed 7/10 (seed=48)
  Error processing G24.txt with seed 48: not enough values to unpack (expected 3, got 2)
  Seed 8/10 (seed=49)
  Error processing G24.txt with seed 49: not enough values to unpack (expected 3, got 2)
  Seed 9/10 (seed=50)
  Error processing G24.txt with seed 50: not enough values to unpack (expected 3, got 2)
  Seed 10/10 (seed=51)
  Error processing G24.txt with seed 51: not enough values to unpack (expected 3, got 2)
Processing instance: G25.txt
  Seed 1/10 (seed=42)
  Error processing G25.txt with seed 42: not enough values to unpack (expected 3, got 2)
  Seed 2/10 (seed=43)
  Error processing G25.txt with seed 43: not enough values to unpack (expected 3, got 2)
  Seed 3/10 (seed=44)
  Error processing G25.txt with seed 44: not enough values to unpack (expected 3, got 2)
  Seed 4/10 (seed=45)
  Error processing G25.txt with seed 45: not enough values to unpack (expected 3, got 2)
  Seed 5/10 (seed=46)
  Error processing G25.txt with seed 46: not enough values to unpack (expected 3, got 2)
  Seed 6/10 (seed=47)
  Error processing G25.txt with seed 47: not enough values to unpack (expected 3, got 2)
  Seed 7/10 (seed=48)
  Error processing G25.txt with seed 48: not enough values to unpack (expected 3, got 2)
  Seed 8/10 (seed=49)
  Error processing G25.txt with seed 49: not enough values to unpack (expected 3, got 2)
  Seed 9/10 (seed=50)
  Error processing G25.txt with seed 50: not enough values to unpack (expected 3, got 2)
  Seed 10/10 (seed=51)
  Error processing G25.txt with seed 51: not enough values to unpack (expected 3, got 2)
Processing instance: G26.txt
  Seed 1/10 (seed=42)
  Error processing G26.txt with seed 42: not enough values to unpack (expected 3, got 2)
  Seed 2/10 (seed=43)
  Error processing G26.txt with seed 43: not enough values to unpack (expected 3, got 2)
  Seed 3/10 (seed=44)
  Error processing G26.txt with seed 44: not enough values to unpack (expected 3, got 2)
  Seed 4/10 (seed=45)
  Error processing G26.txt with seed 45: not enough values to unpack (expected 3, got 2)
  Seed 5/10 (seed=46)
  Error processing G26.txt with seed 46: not enough values to unpack (expected 3, got 2)
  Seed 6/10 (seed=47)
  Error processing G26.txt with seed 47: not enough values to unpack (expected 3, got 2)
  Seed 7/10 (seed=48)
  Error processing G26.txt with seed 48: not enough values to unpack (expected 3, got 2)
  Seed 8/10 (seed=49)
  Error processing G26.txt with seed 49: not enough values to unpack (expected 3, got 2)
  Seed 9/10 (seed=50)
  Error processing G26.txt with seed 50: not enough values to unpack (expected 3, got 2)
  Seed 10/10 (seed=51)
  Error processing G26.txt with seed 51: not enough values to unpack (expected 3, got 2)
Processing instance: G27.txt
  Seed 1/10 (seed=42)
  Error processing G27.txt with seed 42: not enough values to unpack (expected 3, got 2)
  Seed 2/10 (seed=43)
  Error processing G27.txt with seed 43: not enough values to unpack (expected 3, got 2)
  Seed 3/10 (seed=44)
  Error processing G27.txt with seed 44: not enough values to unpack (expected 3, got 2)
  Seed 4/10 (seed=45)
  Error processing G27.txt with seed 45: not enough values to unpack (expected 3, got 2)
  Seed 5/10 (seed=46)
  Error processing G27.txt with seed 46: not enough values to unpack (expected 3, got 2)
  Seed 6/10 (seed=47)
  Error processing G27.txt with seed 47: not enough values to unpack (expected 3, got 2)
  Seed 7/10 (seed=48)
  Error processing G27.txt with seed 48: not enough values to unpack (expected 3, got 2)
  Seed 8/10 (seed=49)
  Error processing G27.txt with seed 49: not enough values to unpack (expected 3, got 2)
  Seed 9/10 (seed=50)
  Error processing G27.txt with seed 50: not enough values to unpack (expected 3, got 2)
  Seed 10/10 (seed=51)
  Error processing G27.txt with seed 51: not enough values to unpack (expected 3, got 2)
Processing instance: G28.txt
  Seed 1/10 (seed=42)
  Error processing G28.txt with seed 42: not enough values to unpack (expected 3, got 2)
  Seed 2/10 (seed=43)
  Error processing G28.txt with seed 43: not enough values to unpack (expected 3, got 2)
  Seed 3/10 (seed=44)
  Error processing G28.txt with seed 44: not enough values to unpack (expected 3, got 2)
  Seed 4/10 (seed=45)
  Error processing G28.txt with seed 45: not enough values to unpack (expected 3, got 2)
  Seed 5/10 (seed=46)
  Error processing G28.txt with seed 46: not enough values to unpack (expected 3, got 2)
  Seed 6/10 (seed=47)
  Error processing G28.txt with seed 47: not enough values to unpack (expected 3, got 2)
  Seed 7/10 (seed=48)
  Error processing G28.txt with seed 48: not enough values to unpack (expected 3, got 2)
  Seed 8/10 (seed=49)
  Error processing G28.txt with seed 49: not enough values to unpack (expected 3, got 2)
  Seed 9/10 (seed=50)
  Error processing G28.txt with seed 50: not enough values to unpack (expected 3, got 2)
  Seed 10/10 (seed=51)
  Error processing G28.txt with seed 51: not enough values to unpack (expected 3, got 2)
Processing instance: G29.txt
  Seed 1/10 (seed=42)
  Error processing G29.txt with seed 42: not enough values to unpack (expected 3, got 2)
  Seed 2/10 (seed=43)
  Error processing G29.txt with seed 43: not enough values to unpack (expected 3, got 2)
  Seed 3/10 (seed=44)
  Error processing G29.txt with seed 44: not enough values to unpack (expected 3, got 2)
  Seed 4/10 (seed=45)
  Error processing G29.txt with seed 45: not enough values to unpack (expected 3, got 2)
  Seed 5/10 (seed=46)
  Error processing G29.txt with seed 46: not enough values to unpack (expected 3, got 2)
  Seed 6/10 (seed=47)
  Error processing G29.txt with seed 47: not enough values to unpack (expected 3, got 2)
  Seed 7/10 (seed=48)
  Error processing G29.txt with seed 48: not enough values to unpack (expected 3, got 2)
  Seed 8/10 (seed=49)
  Error processing G29.txt with seed 49: not enough values to unpack (expected 3, got 2)
  Seed 9/10 (seed=50)
  Error processing G29.txt with seed 50: not enough values to unpack (expected 3, got 2)
  Seed 10/10 (seed=51)
  Error processing G29.txt with seed 51: not enough values to unpack (expected 3, got 2)
Processing instance: G3.txt
  Seed 1/10 (seed=42)
  Error processing G3.txt with seed 42: not enough values to unpack (expected 3, got 2)
  Seed 2/10 (seed=43)
  Error processing G3.txt with seed 43: not enough values to unpack (expected 3, got 2)
  Seed 3/10 (seed=44)
  Error processing G3.txt with seed 44: not enough values to unpack (expected 3, got 2)
  Seed 4/10 (seed=45)
  Error processing G3.txt with seed 45: not enough values to unpack (expected 3, got 2)
  Seed 5/10 (seed=46)
  Error processing G3.txt with seed 46: not enough values to unpack (expected 3, got 2)
  Seed 6/10 (seed=47)
  Error processing G3.txt with seed 47: not enough values to unpack (expected 3, got 2)
  Seed 7/10 (seed=48)
  Error processing G3.txt with seed 48: not enough values to unpack (expected 3, got 2)
  Seed 8/10 (seed=49)
  Error processing G3.txt with seed 49: not enough values to unpack (expected 3, got 2)
  Seed 9/10 (seed=50)
  Error processing G3.txt with seed 50: not enough values to unpack (expected 3, got 2)
  Seed 10/10 (seed=51)
  Error processing G3.txt with seed 51: not enough values to unpack (expected 3, got 2)
Processing instance: G30.txt
  Seed 1/10 (seed=42)
  Error processing G30.txt with seed 42: not enough values to unpack (expected 3, got 2)
  Seed 2/10 (seed=43)
  Error processing G30.txt with seed 43: not enough values to unpack (expected 3, got 2)
  Seed 3/10 (seed=44)
  Error processing G30.txt with seed 44: not enough values to unpack (expected 3, got 2)
  Seed 4/10 (seed=45)
  Error processing G30.txt with seed 45: not enough values to unpack (expected 3, got 2)
  Seed 5/10 (seed=46)
  Error processing G30.txt with seed 46: not enough values to unpack (expected 3, got 2)
  Seed 6/10 (seed=47)
  Error processing G30.txt with seed 47: not enough values to unpack (expected 3, got 2)
  Seed 7/10 (seed=48)
  Error processing G30.txt with seed 48: not enough values to unpack (expected 3, got 2)
  Seed 8/10 (seed=49)
  Error processing G30.txt with seed 49: not enough values to unpack (expected 3, got 2)
  Seed 9/10 (seed=50)
  Error processing G30.txt with seed 50: not enough values to unpack (expected 3, got 2)
  Seed 10/10 (seed=51)
  Error processing G30.txt with seed 51: not enough values to unpack (expected 3, got 2)
Processing instance: G31.txt
  Seed 1/10 (seed=42)
  Error processing G31.txt with seed 42: not enough values to unpack (expected 3, got 2)
  Seed 2/10 (seed=43)
  Error processing G31.txt with seed 43: not enough values to unpack (expected 3, got 2)
  Seed 3/10 (seed=44)
  Error processing G31.txt with seed 44: not enough values to unpack (expected 3, got 2)
  Seed 4/10 (seed=45)
  Error processing G31.txt with seed 45: not enough values to unpack (expected 3, got 2)
  Seed 5/10 (seed=46)
  Error processing G31.txt with seed 46: not enough values to unpack (expected 3, got 2)
  Seed 6/10 (seed=47)
  Error processing G31.txt with seed 47: not enough values to unpack (expected 3, got 2)
  Seed 7/10 (seed=48)
  Error processing G31.txt with seed 48: not enough values to unpack (expected 3, got 2)
  Seed 8/10 (seed=49)
  Error processing G31.txt with seed 49: not enough values to unpack (expected 3, got 2)
  Seed 9/10 (seed=50)
  Error processing G31.txt with seed 50: not enough values to unpack (expected 3, got 2)
  Seed 10/10 (seed=51)
  Error processing G31.txt with seed 51: not enough values to unpack (expected 3, got 2)
Processing instance: G32.txt
  Seed 1/10 (seed=42)
  Error processing G32.txt with seed 42: not enough values to unpack (expected 3, got 2)
  Seed 2/10 (seed=43)
  Error processing G32.txt with seed 43: not enough values to unpack (expected 3, got 2)
  Seed 3/10 (seed=44)
  Error processing G32.txt with seed 44: not enough values to unpack (expected 3, got 2)
  Seed 4/10 (seed=45)
  Error processing G32.txt with seed 45: not enough values to unpack (expected 3, got 2)
  Seed 5/10 (seed=46)
  Error processing G32.txt with seed 46: not enough values to unpack (expected 3, got 2)
  Seed 6/10 (seed=47)
  Error processing G32.txt with seed 47: not enough values to unpack (expected 3, got 2)
  Seed 7/10 (seed=48)
  Error processing G32.txt with seed 48: not enough values to unpack (expected 3, got 2)
  Seed 8/10 (seed=49)
  Error processing G32.txt with seed 49: not enough values to unpack (expected 3, got 2)
  Seed 9/10 (seed=50)
  Error processing G32.txt with seed 50: not enough values to unpack (expected 3, got 2)
  Seed 10/10 (seed=51)
  Error processing G32.txt with seed 51: not enough values to unpack (expected 3, got 2)
Processing instance: G33.txt
  Seed 1/10 (seed=42)
  Error processing G33.txt with seed 42: not enough values to unpack (expected 3, got 2)
  Seed 2/10 (seed=43)
  Error processing G33.txt with seed 43: not enough values to unpack (expected 3, got 2)
  Seed 3/10 (seed=44)
  Error processing G33.txt with seed 44: not enough values to unpack (expected 3, got 2)
  Seed 4/10 (seed=45)
  Error processing G33.txt with seed 45: not enough values to unpack (expected 3, got 2)
  Seed 5/10 (seed=46)
  Error processing G33.txt with seed 46: not enough values to unpack (expected 3, got 2)
  Seed 6/10 (seed=47)
  Error processing G33.txt with seed 47: not enough values to unpack (expected 3, got 2)
  Seed 7/10 (seed=48)
  Error processing G33.txt with seed 48: not enough values to unpack (expected 3, got 2)
  Seed 8/10 (seed=49)
  Error processing G33.txt with seed 49: not enough values to unpack (expected 3, got 2)
  Seed 9/10 (seed=50)
  Error processing G33.txt with seed 50: not enough values to unpack (expected 3, got 2)
  Seed 10/10 (seed=51)
  Error processing G33.txt with seed 51: not enough values to unpack (expected 3, got 2)
Processing instance: G34.txt
  Seed 1/10 (seed=42)
  Error processing G34.txt with seed 42: not enough values to unpack (expected 3, got 2)
  Seed 2/10 (seed=43)
  Error processing G34.txt with seed 43: not enough values to unpack (expected 3, got 2)
  Seed 3/10 (seed=44)
  Error processing G34.txt with seed 44: not enough values to unpack (expected 3, got 2)
  Seed 4/10 (seed=45)
  Error processing G34.txt with seed 45: not enough values to unpack (expected 3, got 2)
  Seed 5/10 (seed=46)
  Error processing G34.txt with seed 46: not enough values to unpack (expected 3, got 2)
  Seed 6/10 (seed=47)
  Error processing G34.txt with seed 47: not enough values to unpack (expected 3, got 2)
  Seed 7/10 (seed=48)
  Error processing G34.txt with seed 48: not enough values to unpack (expected 3, got 2)
  Seed 8/10 (seed=49)
  Error processing G34.txt with seed 49: not enough values to unpack (expected 3, got 2)
  Seed 9/10 (seed=50)
  Error processing G34.txt with seed 50: not enough values to unpack (expected 3, got 2)
  Seed 10/10 (seed=51)
  Error processing G34.txt with seed 51: not enough values to unpack (expected 3, got 2)
Processing instance: G35.txt
  Seed 1/10 (seed=42)
  Error processing G35.txt with seed 42: not enough values to unpack (expected 3, got 2)
  Seed 2/10 (seed=43)
  Error processing G35.txt with seed 43: not enough values to unpack (expected 3, got 2)
  Seed 3/10 (seed=44)
  Error processing G35.txt with seed 44: not enough values to unpack (expected 3, got 2)
  Seed 4/10 (seed=45)
  Error processing G35.txt with seed 45: not enough values to unpack (expected 3, got 2)
  Seed 5/10 (seed=46)
  Error processing G35.txt with seed 46: not enough values to unpack (expected 3, got 2)
  Seed 6/10 (seed=47)
  Error processing G35.txt with seed 47: not enough values to unpack (expected 3, got 2)
  Seed 7/10 (seed=48)
  Error processing G35.txt with seed 48: not enough values to unpack (expected 3, got 2)
  Seed 8/10 (seed=49)
  Error processing G35.txt with seed 49: not enough values to unpack (expected 3, got 2)
  Seed 9/10 (seed=50)
  Error processing G35.txt with seed 50: not enough values to unpack (expected 3, got 2)
  Seed 10/10 (seed=51)
  Error processing G35.txt with seed 51: not enough values to unpack (expected 3, got 2)
Processing instance: G36.txt
  Seed 1/10 (seed=42)
  Error processing G36.txt with seed 42: not enough values to unpack (expected 3, got 2)
  Seed 2/10 (seed=43)
  Error processing G36.txt with seed 43: not enough values to unpack (expected 3, got 2)
  Seed 3/10 (seed=44)
  Error processing G36.txt with seed 44: not enough values to unpack (expected 3, got 2)
  Seed 4/10 (seed=45)
  Error processing G36.txt with seed 45: not enough values to unpack (expected 3, got 2)
  Seed 5/10 (seed=46)
  Error processing G36.txt with seed 46: not enough values to unpack (expected 3, got 2)
  Seed 6/10 (seed=47)
  Error processing G36.txt with seed 47: not enough values to unpack (expected 3, got 2)
  Seed 7/10 (seed=48)
  Error processing G36.txt with seed 48: not enough values to unpack (expected 3, got 2)
  Seed 8/10 (seed=49)
  Error processing G36.txt with seed 49: not enough values to unpack (expected 3, got 2)
  Seed 9/10 (seed=50)
  Error processing G36.txt with seed 50: not enough values to unpack (expected 3, got 2)
  Seed 10/10 (seed=51)
  Error processing G36.txt with seed 51: not enough values to unpack (expected 3, got 2)
Processing instance: G37.txt
  Seed 1/10 (seed=42)
  Error processing G37.txt with seed 42: not enough values to unpack (expected 3, got 2)
  Seed 2/10 (seed=43)
  Error processing G37.txt with seed 43: not enough values to unpack (expected 3, got 2)
  Seed 3/10 (seed=44)
  Error processing G37.txt with seed 44: not enough values to unpack (expected 3, got 2)
  Seed 4/10 (seed=45)
  Error processing G37.txt with seed 45: not enough values to unpack (expected 3, got 2)
  Seed 5/10 (seed=46)
  Error processing G37.txt with seed 46: not enough values to unpack (expected 3, got 2)
  Seed 6/10 (seed=47)
  Error processing G37.txt with seed 47: not enough values to unpack (expected 3, got 2)
  Seed 7/10 (seed=48)
  Error processing G37.txt with seed 48: not enough values to unpack (expected 3, got 2)
  Seed 8/10 (seed=49)
  Error processing G37.txt with seed 49: not enough values to unpack (expected 3, got 2)
  Seed 9/10 (seed=50)
  Error processing G37.txt with seed 50: not enough values to unpack (expected 3, got 2)
  Seed 10/10 (seed=51)
  Error processing G37.txt with seed 51: not enough values to unpack (expected 3, got 2)
Processing instance: G38.txt
  Seed 1/10 (seed=42)
  Error processing G38.txt with seed 42: not enough values to unpack (expected 3, got 2)
  Seed 2/10 (seed=43)
  Error processing G38.txt with seed 43: not enough values to unpack (expected 3, got 2)
  Seed 3/10 (seed=44)
  Error processing G38.txt with seed 44: not enough values to unpack (expected 3, got 2)
  Seed 4/10 (seed=45)
  Error processing G38.txt with seed 45: not enough values to unpack (expected 3, got 2)
  Seed 5/10 (seed=46)
  Error processing G38.txt with seed 46: not enough values to unpack (expected 3, got 2)
  Seed 6/10 (seed=47)
  Error processing G38.txt with seed 47: not enough values to unpack (expected 3, got 2)
  Seed 7/10 (seed=48)
  Error processing G38.txt with seed 48: not enough values to unpack (expected 3, got 2)
  Seed 8/10 (seed=49)
  Error processing G38.txt with seed 49: not enough values to unpack (expected 3, got 2)
  Seed 9/10 (seed=50)
  Error processing G38.txt with seed 50: not enough values to unpack (expected 3, got 2)
  Seed 10/10 (seed=51)
  Error processing G38.txt with seed 51: not enough values to unpack (expected 3, got 2)
Processing instance: G39.txt
  Seed 1/10 (seed=42)
  Error processing G39.txt with seed 42: not enough values to unpack (expected 3, got 2)
  Seed 2/10 (seed=43)
  Error processing G39.txt with seed 43: not enough values to unpack (expected 3, got 2)
  Seed 3/10 (seed=44)
  Error processing G39.txt with seed 44: not enough values to unpack (expected 3, got 2)
  Seed 4/10 (seed=45)
  Error processing G39.txt with seed 45: not enough values to unpack (expected 3, got 2)
  Seed 5/10 (seed=46)
  Error processing G39.txt with seed 46: not enough values to unpack (expected 3, got 2)
  Seed 6/10 (seed=47)
  Error processing G39.txt with seed 47: not enough values to unpack (expected 3, got 2)
  Seed 7/10 (seed=48)
  Error processing G39.txt with seed 48: not enough values to unpack (expected 3, got 2)
  Seed 8/10 (seed=49)
  Error processing G39.txt with seed 49: not enough values to unpack (expected 3, got 2)
  Seed 9/10 (seed=50)
  Error processing G39.txt with seed 50: not enough values to unpack (expected 3, got 2)
  Seed 10/10 (seed=51)
  Error processing G39.txt with seed 51: not enough values to unpack (expected 3, got 2)
Processing instance: G4.txt
  Seed 1/10 (seed=42)
  Error processing G4.txt with seed 42: not enough values to unpack (expected 3, got 2)
  Seed 2/10 (seed=43)
  Error processing G4.txt with seed 43: not enough values to unpack (expected 3, got 2)
  Seed 3/10 (seed=44)
  Error processing G4.txt with seed 44: not enough values to unpack (expected 3, got 2)
  Seed 4/10 (seed=45)
  Error processing G4.txt with seed 45: not enough values to unpack (expected 3, got 2)
  Seed 5/10 (seed=46)
  Error processing G4.txt with seed 46: not enough values to unpack (expected 3, got 2)
  Seed 6/10 (seed=47)
  Error processing G4.txt with seed 47: not enough values to unpack (expected 3, got 2)
  Seed 7/10 (seed=48)
  Error processing G4.txt with seed 48: not enough values to unpack (expected 3, got 2)
  Seed 8/10 (seed=49)
  Error processing G4.txt with seed 49: not enough values to unpack (expected 3, got 2)
  Seed 9/10 (seed=50)
  Error processing G4.txt with seed 50: not enough values to unpack (expected 3, got 2)
  Seed 10/10 (seed=51)
  Error processing G4.txt with seed 51: not enough values to unpack (expected 3, got 2)
Processing instance: G40.txt
  Seed 1/10 (seed=42)
  Error processing G40.txt with seed 42: not enough values to unpack (expected 3, got 2)
  Seed 2/10 (seed=43)
  Error processing G40.txt with seed 43: not enough values to unpack (expected 3, got 2)
  Seed 3/10 (seed=44)
  Error processing G40.txt with seed 44: not enough values to unpack (expected 3, got 2)
  Seed 4/10 (seed=45)
  Error processing G40.txt with seed 45: not enough values to unpack (expected 3, got 2)
  Seed 5/10 (seed=46)
  Error processing G40.txt with seed 46: not enough values to unpack (expected 3, got 2)
  Seed 6/10 (seed=47)
  Error processing G40.txt with seed 47: not enough values to unpack (expected 3, got 2)
  Seed 7/10 (seed=48)
  Error processing G40.txt with seed 48: not enough values to unpack (expected 3, got 2)
  Seed 8/10 (seed=49)
  Error processing G40.txt with seed 49: not enough values to unpack (expected 3, got 2)
  Seed 9/10 (seed=50)
  Error processing G40.txt with seed 50: not enough values to unpack (expected 3, got 2)
  Seed 10/10 (seed=51)
  Error processing G40.txt with seed 51: not enough values to unpack (expected 3, got 2)
Processing instance: G41.txt
  Seed 1/10 (seed=42)
  Error processing G41.txt with seed 42: not enough values to unpack (expected 3, got 2)
  Seed 2/10 (seed=43)
  Error processing G41.txt with seed 43: not enough values to unpack (expected 3, got 2)
  Seed 3/10 (seed=44)
  Error processing G41.txt with seed 44: not enough values to unpack (expected 3, got 2)
  Seed 4/10 (seed=45)
  Error processing G41.txt with seed 45: not enough values to unpack (expected 3, got 2)
  Seed 5/10 (seed=46)
  Error processing G41.txt with seed 46: not enough values to unpack (expected 3, got 2)
  Seed 6/10 (seed=47)
  Error processing G41.txt with seed 47: not enough values to unpack (expected 3, got 2)
  Seed 7/10 (seed=48)
  Error processing G41.txt with seed 48: not enough values to unpack (expected 3, got 2)
  Seed 8/10 (seed=49)
  Error processing G41.txt with seed 49: not enough values to unpack (expected 3, got 2)
  Seed 9/10 (seed=50)
  Error processing G41.txt with seed 50: not enough values to unpack (expected 3, got 2)
  Seed 10/10 (seed=51)
  Error processing G41.txt with seed 51: not enough values to unpack (expected 3, got 2)
Processing instance: G42.txt
  Seed 1/10 (seed=42)
  Error processing G42.txt with seed 42: not enough values to unpack (expected 3, got 2)
  Seed 2/10 (seed=43)
  Error processing G42.txt with seed 43: not enough values to unpack (expected 3, got 2)
  Seed 3/10 (seed=44)
  Error processing G42.txt with seed 44: not enough values to unpack (expected 3, got 2)
  Seed 4/10 (seed=45)
  Error processing G42.txt with seed 45: not enough values to unpack (expected 3, got 2)
  Seed 5/10 (seed=46)
  Error processing G42.txt with seed 46: not enough values to unpack (expected 3, got 2)
  Seed 6/10 (seed=47)
  Error processing G42.txt with seed 47: not enough values to unpack (expected 3, got 2)
  Seed 7/10 (seed=48)
  Error processing G42.txt with seed 48: not enough values to unpack (expected 3, got 2)
  Seed 8/10 (seed=49)
  Error processing G42.txt with seed 49: not enough values to unpack (expected 3, got 2)
  Seed 9/10 (seed=50)
  Error processing G42.txt with seed 50: not enough values to unpack (expected 3, got 2)
  Seed 10/10 (seed=51)
  Error processing G42.txt with seed 51: not enough values to unpack (expected 3, got 2)
Processing instance: G43.txt
  Seed 1/10 (seed=42)
  Error processing G43.txt with seed 42: not enough values to unpack (expected 3, got 2)
  Seed 2/10 (seed=43)
  Error processing G43.txt with seed 43: not enough values to unpack (expected 3, got 2)
  Seed 3/10 (seed=44)
  Error processing G43.txt with seed 44: not enough values to unpack (expected 3, got 2)
  Seed 4/10 (seed=45)
  Error processing G43.txt with seed 45: not enough values to unpack (expected 3, got 2)
  Seed 5/10 (seed=46)
  Error processing G43.txt with seed 46: not enough values to unpack (expected 3, got 2)
  Seed 6/10 (seed=47)
  Error processing G43.txt with seed 47: not enough values to unpack (expected 3, got 2)
  Seed 7/10 (seed=48)
  Error processing G43.txt with seed 48: not enough values to unpack (expected 3, got 2)
  Seed 8/10 (seed=49)
  Error processing G43.txt with seed 49: not enough values to unpack (expected 3, got 2)
  Seed 9/10 (seed=50)
  Error processing G43.txt with seed 50: not enough values to unpack (expected 3, got 2)
  Seed 10/10 (seed=51)
  Error processing G43.txt with seed 51: not enough values to unpack (expected 3, got 2)
Processing instance: G44.txt
  Seed 1/10 (seed=42)
  Error processing G44.txt with seed 42: not enough values to unpack (expected 3, got 2)
  Seed 2/10 (seed=43)
  Error processing G44.txt with seed 43: not enough values to unpack (expected 3, got 2)
  Seed 3/10 (seed=44)
  Error processing G44.txt with seed 44: not enough values to unpack (expected 3, got 2)
  Seed 4/10 (seed=45)
  Error processing G44.txt with seed 45: not enough values to unpack (expected 3, got 2)
  Seed 5/10 (seed=46)
  Error processing G44.txt with seed 46: not enough values to unpack (expected 3, got 2)
  Seed 6/10 (seed=47)
  Error processing G44.txt with seed 47: not enough values to unpack (expected 3, got 2)
  Seed 7/10 (seed=48)
  Error processing G44.txt with seed 48: not enough values to unpack (expected 3, got 2)
  Seed 8/10 (seed=49)
  Error processing G44.txt with seed 49: not enough values to unpack (expected 3, got 2)
  Seed 9/10 (seed=50)
  Error processing G44.txt with seed 50: not enough values to unpack (expected 3, got 2)
  Seed 10/10 (seed=51)
  Error processing G44.txt with seed 51: not enough values to unpack (expected 3, got 2)
Processing instance: G45.txt
  Seed 1/10 (seed=42)
  Error processing G45.txt with seed 42: not enough values to unpack (expected 3, got 2)
  Seed 2/10 (seed=43)
  Error processing G45.txt with seed 43: not enough values to unpack (expected 3, got 2)
  Seed 3/10 (seed=44)
  Error processing G45.txt with seed 44: not enough values to unpack (expected 3, got 2)
  Seed 4/10 (seed=45)
  Error processing G45.txt with seed 45: not enough values to unpack (expected 3, got 2)
  Seed 5/10 (seed=46)
  Error processing G45.txt with seed 46: not enough values to unpack (expected 3, got 2)
  Seed 6/10 (seed=47)
  Error processing G45.txt with seed 47: not enough values to unpack (expected 3, got 2)
  Seed 7/10 (seed=48)
  Error processing G45.txt with seed 48: not enough values to unpack (expected 3, got 2)
  Seed 8/10 (seed=49)
  Error processing G45.txt with seed 49: not enough values to unpack (expected 3, got 2)
  Seed 9/10 (seed=50)
  Error processing G45.txt with seed 50: not enough values to unpack (expected 3, got 2)
  Seed 10/10 (seed=51)
  Error processing G45.txt with seed 51: not enough values to unpack (expected 3, got 2)
Processing instance: G46.txt
  Seed 1/10 (seed=42)
  Error processing G46.txt with seed 42: not enough values to unpack (expected 3, got 2)
  Seed 2/10 (seed=43)
  Error processing G46.txt with seed 43: not enough values to unpack (expected 3, got 2)
  Seed 3/10 (seed=44)
  Error processing G46.txt with seed 44: not enough values to unpack (expected 3, got 2)
  Seed 4/10 (seed=45)
  Error processing G46.txt with seed 45: not enough values to unpack (expected 3, got 2)
  Seed 5/10 (seed=46)
  Error processing G46.txt with seed 46: not enough values to unpack (expected 3, got 2)
  Seed 6/10 (seed=47)
  Error processing G46.txt with seed 47: not enough values to unpack (expected 3, got 2)
  Seed 7/10 (seed=48)
  Error processing G46.txt with seed 48: not enough values to unpack (expected 3, got 2)
  Seed 8/10 (seed=49)
  Error processing G46.txt with seed 49: not enough values to unpack (expected 3, got 2)
  Seed 9/10 (seed=50)
  Error processing G46.txt with seed 50: not enough values to unpack (expected 3, got 2)
  Seed 10/10 (seed=51)
  Error processing G46.txt with seed 51: not enough values to unpack (expected 3, got 2)
Processing instance: G47.txt
  Seed 1/10 (seed=42)
  Error processing G47.txt with seed 42: not enough values to unpack (expected 3, got 2)
  Seed 2/10 (seed=43)
  Error processing G47.txt with seed 43: not enough values to unpack (expected 3, got 2)
  Seed 3/10 (seed=44)
  Error processing G47.txt with seed 44: not enough values to unpack (expected 3, got 2)
  Seed 4/10 (seed=45)
  Error processing G47.txt with seed 45: not enough values to unpack (expected 3, got 2)
  Seed 5/10 (seed=46)
  Error processing G47.txt with seed 46: not enough values to unpack (expected 3, got 2)
  Seed 6/10 (seed=47)
  Error processing G47.txt with seed 47: not enough values to unpack (expected 3, got 2)
  Seed 7/10 (seed=48)
  Error processing G47.txt with seed 48: not enough values to unpack (expected 3, got 2)
  Seed 8/10 (seed=49)
  Error processing G47.txt with seed 49: not enough values to unpack (expected 3, got 2)
  Seed 9/10 (seed=50)
  Error processing G47.txt with seed 50: not enough values to unpack (expected 3, got 2)
  Seed 10/10 (seed=51)
  Error processing G47.txt with seed 51: not enough values to unpack (expected 3, got 2)
Processing instance: G48.txt
  Seed 1/10 (seed=42)
  Error processing G48.txt with seed 42: not enough values to unpack (expected 3, got 2)
  Seed 2/10 (seed=43)
  Error processing G48.txt with seed 43: not enough values to unpack (expected 3, got 2)
  Seed 3/10 (seed=44)
  Error processing G48.txt with seed 44: not enough values to unpack (expected 3, got 2)
  Seed 4/10 (seed=45)
  Error processing G48.txt with seed 45: not enough values to unpack (expected 3, got 2)
  Seed 5/10 (seed=46)
  Error processing G48.txt with seed 46: not enough values to unpack (expected 3, got 2)
  Seed 6/10 (seed=47)
  Error processing G48.txt with seed 47: not enough values to unpack (expected 3, got 2)
  Seed 7/10 (seed=48)
  Error processing G48.txt with seed 48: not enough values to unpack (expected 3, got 2)
  Seed 8/10 (seed=49)
  Error processing G48.txt with seed 49: not enough values to unpack (expected 3, got 2)
  Seed 9/10 (seed=50)
  Error processing G48.txt with seed 50: not enough values to unpack (expected 3, got 2)
  Seed 10/10 (seed=51)
  Error processing G48.txt with seed 51: not enough values to unpack (expected 3, got 2)
Processing instance: G49.txt
  Seed 1/10 (seed=42)
  Error processing G49.txt with seed 42: not enough values to unpack (expected 3, got 2)
  Seed 2/10 (seed=43)
  Error processing G49.txt with seed 43: not enough values to unpack (expected 3, got 2)
  Seed 3/10 (seed=44)
  Error processing G49.txt with seed 44: not enough values to unpack (expected 3, got 2)
  Seed 4/10 (seed=45)
  Error processing G49.txt with seed 45: not enough values to unpack (expected 3, got 2)
  Seed 5/10 (seed=46)
  Error processing G49.txt with seed 46: not enough values to unpack (expected 3, got 2)
  Seed 6/10 (seed=47)
  Error processing G49.txt with seed 47: not enough values to unpack (expected 3, got 2)
  Seed 7/10 (seed=48)
  Error processing G49.txt with seed 48: not enough values to unpack (expected 3, got 2)
  Seed 8/10 (seed=49)
  Error processing G49.txt with seed 49: not enough values to unpack (expected 3, got 2)
  Seed 9/10 (seed=50)
  Error processing G49.txt with seed 50: not enough values to unpack (expected 3, got 2)
  Seed 10/10 (seed=51)
  Error processing G49.txt with seed 51: not enough values to unpack (expected 3, got 2)
Processing instance: G5.txt
  Seed 1/10 (seed=42)
  Error processing G5.txt with seed 42: not enough values to unpack (expected 3, got 2)
  Seed 2/10 (seed=43)
  Error processing G5.txt with seed 43: not enough values to unpack (expected 3, got 2)
  Seed 3/10 (seed=44)
  Error processing G5.txt with seed 44: not enough values to unpack (expected 3, got 2)
  Seed 4/10 (seed=45)
  Error processing G5.txt with seed 45: not enough values to unpack (expected 3, got 2)
  Seed 5/10 (seed=46)
  Error processing G5.txt with seed 46: not enough values to unpack (expected 3, got 2)
  Seed 6/10 (seed=47)
  Error processing G5.txt with seed 47: not enough values to unpack (expected 3, got 2)
  Seed 7/10 (seed=48)
  Error processing G5.txt with seed 48: not enough values to unpack (expected 3, got 2)
  Seed 8/10 (seed=49)
  Error processing G5.txt with seed 49: not enough values to unpack (expected 3, got 2)
  Seed 9/10 (seed=50)
  Error processing G5.txt with seed 50: not enough values to unpack (expected 3, got 2)
  Seed 10/10 (seed=51)
  Error processing G5.txt with seed 51: not enough values to unpack (expected 3, got 2)
Processing instance: G50.txt
  Seed 1/10 (seed=42)
  Error processing G50.txt with seed 42: not enough values to unpack (expected 3, got 2)
  Seed 2/10 (seed=43)
  Error processing G50.txt with seed 43: not enough values to unpack (expected 3, got 2)
  Seed 3/10 (seed=44)
  Error processing G50.txt with seed 44: not enough values to unpack (expected 3, got 2)
  Seed 4/10 (seed=45)
  Error processing G50.txt with seed 45: not enough values to unpack (expected 3, got 2)
  Seed 5/10 (seed=46)
  Error processing G50.txt with seed 46: not enough values to unpack (expected 3, got 2)
  Seed 6/10 (seed=47)
  Error processing G50.txt with seed 47: not enough values to unpack (expected 3, got 2)
  Seed 7/10 (seed=48)
  Error processing G50.txt with seed 48: not enough values to unpack (expected 3, got 2)
  Seed 8/10 (seed=49)
  Error processing G50.txt with seed 49: not enough values to unpack (expected 3, got 2)
  Seed 9/10 (seed=50)
  Error processing G50.txt with seed 50: not enough values to unpack (expected 3, got 2)
  Seed 10/10 (seed=51)
  Error processing G50.txt with seed 51: not enough values to unpack (expected 3, got 2)
Processing instance: G51.txt
  Seed 1/10 (seed=42)
  Error processing G51.txt with seed 42: not enough values to unpack (expected 3, got 2)
  Seed 2/10 (seed=43)
  Error processing G51.txt with seed 43: not enough values to unpack (expected 3, got 2)
  Seed 3/10 (seed=44)
  Error processing G51.txt with seed 44: not enough values to unpack (expected 3, got 2)
  Seed 4/10 (seed=45)
  Error processing G51.txt with seed 45: not enough values to unpack (expected 3, got 2)
  Seed 5/10 (seed=46)
  Error processing G51.txt with seed 46: not enough values to unpack (expected 3, got 2)
  Seed 6/10 (seed=47)
  Error processing G51.txt with seed 47: not enough values to unpack (expected 3, got 2)
  Seed 7/10 (seed=48)
  Error processing G51.txt with seed 48: not enough values to unpack (expected 3, got 2)
  Seed 8/10 (seed=49)
  Error processing G51.txt with seed 49: not enough values to unpack (expected 3, got 2)
  Seed 9/10 (seed=50)
  Error processing G51.txt with seed 50: not enough values to unpack (expected 3, got 2)
  Seed 10/10 (seed=51)
  Error processing G51.txt with seed 51: not enough values to unpack (expected 3, got 2)
Processing instance: G52.txt
  Seed 1/10 (seed=42)
  Error processing G52.txt with seed 42: not enough values to unpack (expected 3, got 2)
  Seed 2/10 (seed=43)
  Error processing G52.txt with seed 43: not enough values to unpack (expected 3, got 2)
  Seed 3/10 (seed=44)
  Error processing G52.txt with seed 44: not enough values to unpack (expected 3, got 2)
  Seed 4/10 (seed=45)
  Error processing G52.txt with seed 45: not enough values to unpack (expected 3, got 2)
  Seed 5/10 (seed=46)
  Error processing G52.txt with seed 46: not enough values to unpack (expected 3, got 2)
  Seed 6/10 (seed=47)
  Error processing G52.txt with seed 47: not enough values to unpack (expected 3, got 2)
  Seed 7/10 (seed=48)
  Error processing G52.txt with seed 48: not enough values to unpack (expected 3, got 2)
  Seed 8/10 (seed=49)
  Error processing G52.txt with seed 49: not enough values to unpack (expected 3, got 2)
  Seed 9/10 (seed=50)
  Error processing G52.txt with seed 50: not enough values to unpack (expected 3, got 2)
  Seed 10/10 (seed=51)
  Error processing G52.txt with seed 51: not enough values to unpack (expected 3, got 2)
Processing instance: G53.txt
  Seed 1/10 (seed=42)
  Error processing G53.txt with seed 42: not enough values to unpack (expected 3, got 2)
  Seed 2/10 (seed=43)
  Error processing G53.txt with seed 43: not enough values to unpack (expected 3, got 2)
  Seed 3/10 (seed=44)
  Error processing G53.txt with seed 44: not enough values to unpack (expected 3, got 2)
  Seed 4/10 (seed=45)
  Error processing G53.txt with seed 45: not enough values to unpack (expected 3, got 2)
  Seed 5/10 (seed=46)
  Error processing G53.txt with seed 46: not enough values to unpack (expected 3, got 2)
  Seed 6/10 (seed=47)
  Error processing G53.txt with seed 47: not enough values to unpack (expected 3, got 2)
  Seed 7/10 (seed=48)
  Error processing G53.txt with seed 48: not enough values to unpack (expected 3, got 2)
  Seed 8/10 (seed=49)
  Error processing G53.txt with seed 49: not enough values to unpack (expected 3, got 2)
  Seed 9/10 (seed=50)
  Error processing G53.txt with seed 50: not enough values to unpack (expected 3, got 2)
  Seed 10/10 (seed=51)
  Error processing G53.txt with seed 51: not enough values to unpack (expected 3, got 2)
Processing instance: G54.txt
  Seed 1/10 (seed=42)
  Error processing G54.txt with seed 42: not enough values to unpack (expected 3, got 2)
  Seed 2/10 (seed=43)
  Error processing G54.txt with seed 43: not enough values to unpack (expected 3, got 2)
  Seed 3/10 (seed=44)
  Error processing G54.txt with seed 44: not enough values to unpack (expected 3, got 2)
  Seed 4/10 (seed=45)
  Error processing G54.txt with seed 45: not enough values to unpack (expected 3, got 2)
  Seed 5/10 (seed=46)
  Error processing G54.txt with seed 46: not enough values to unpack (expected 3, got 2)
  Seed 6/10 (seed=47)
  Error processing G54.txt with seed 47: not enough values to unpack (expected 3, got 2)
  Seed 7/10 (seed=48)
  Error processing G54.txt with seed 48: not enough values to unpack (expected 3, got 2)
  Seed 8/10 (seed=49)
  Error processing G54.txt with seed 49: not enough values to unpack (expected 3, got 2)
  Seed 9/10 (seed=50)
  Error processing G54.txt with seed 50: not enough values to unpack (expected 3, got 2)
  Seed 10/10 (seed=51)
  Error processing G54.txt with seed 51: not enough values to unpack (expected 3, got 2)
Processing instance: G57.txt
  Seed 1/10 (seed=42)
  Error processing G57.txt with seed 42: not enough values to unpack (expected 3, got 2)
  Seed 2/10 (seed=43)
  Error processing G57.txt with seed 43: not enough values to unpack (expected 3, got 2)
  Seed 3/10 (seed=44)
  Error processing G57.txt with seed 44: not enough values to unpack (expected 3, got 2)
  Seed 4/10 (seed=45)
  Error processing G57.txt with seed 45: not enough values to unpack (expected 3, got 2)
  Seed 5/10 (seed=46)
  Error processing G57.txt with seed 46: not enough values to unpack (expected 3, got 2)
  Seed 6/10 (seed=47)
  Error processing G57.txt with seed 47: not enough values to unpack (expected 3, got 2)
  Seed 7/10 (seed=48)
  Error processing G57.txt with seed 48: not enough values to unpack (expected 3, got 2)
  Seed 8/10 (seed=49)
  Error processing G57.txt with seed 49: not enough values to unpack (expected 3, got 2)
  Seed 9/10 (seed=50)
  Error processing G57.txt with seed 50: not enough values to unpack (expected 3, got 2)
  Seed 10/10 (seed=51)
  Error processing G57.txt with seed 51: not enough values to unpack (expected 3, got 2)
Processing instance: G58.txt
  Seed 1/10 (seed=42)
  Error processing G58.txt with seed 42: not enough values to unpack (expected 3, got 2)
  Seed 2/10 (seed=43)
  Error processing G58.txt with seed 43: not enough values to unpack (expected 3, got 2)
  Seed 3/10 (seed=44)
  Error processing G58.txt with seed 44: not enough values to unpack (expected 3, got 2)
  Seed 4/10 (seed=45)
  Error processing G58.txt with seed 45: not enough values to unpack (expected 3, got 2)
  Seed 5/10 (seed=46)
  Error processing G58.txt with seed 46: not enough values to unpack (expected 3, got 2)
  Seed 6/10 (seed=47)
  Error processing G58.txt with seed 47: not enough values to unpack (expected 3, got 2)
  Seed 7/10 (seed=48)
  Error processing G58.txt with seed 48: not enough values to unpack (expected 3, got 2)
  Seed 8/10 (seed=49)
  Error processing G58.txt with seed 49: not enough values to unpack (expected 3, got 2)
  Seed 9/10 (seed=50)
  Error processing G58.txt with seed 50: not enough values to unpack (expected 3, got 2)
  Seed 10/10 (seed=51)
  Error processing G58.txt with seed 51: not enough values to unpack (expected 3, got 2)
Processing instance: G59.txt
  Seed 1/10 (seed=42)
  Error processing G59.txt with seed 42: not enough values to unpack (expected 3, got 2)
  Seed 2/10 (seed=43)
  Error processing G59.txt with seed 43: not enough values to unpack (expected 3, got 2)
  Seed 3/10 (seed=44)
  Error processing G59.txt with seed 44: not enough values to unpack (expected 3, got 2)
  Seed 4/10 (seed=45)
  Error processing G59.txt with seed 45: not enough values to unpack (expected 3, got 2)
  Seed 5/10 (seed=46)
  Error processing G59.txt with seed 46: not enough values to unpack (expected 3, got 2)
  Seed 6/10 (seed=47)
  Error processing G59.txt with seed 47: not enough values to unpack (expected 3, got 2)
  Seed 7/10 (seed=48)
  Error processing G59.txt with seed 48: not enough values to unpack (expected 3, got 2)
  Seed 8/10 (seed=49)
  Error processing G59.txt with seed 49: not enough values to unpack (expected 3, got 2)
  Seed 9/10 (seed=50)
  Error processing G59.txt with seed 50: not enough values to unpack (expected 3, got 2)
  Seed 10/10 (seed=51)
  Error processing G59.txt with seed 51: not enough values to unpack (expected 3, got 2)
Processing instance: G6.txt
  Seed 1/10 (seed=42)
  Error processing G6.txt with seed 42: not enough values to unpack (expected 3, got 2)
  Seed 2/10 (seed=43)
  Error processing G6.txt with seed 43: not enough values to unpack (expected 3, got 2)
  Seed 3/10 (seed=44)
  Error processing G6.txt with seed 44: not enough values to unpack (expected 3, got 2)
  Seed 4/10 (seed=45)
  Error processing G6.txt with seed 45: not enough values to unpack (expected 3, got 2)
  Seed 5/10 (seed=46)
  Error processing G6.txt with seed 46: not enough values to unpack (expected 3, got 2)
  Seed 6/10 (seed=47)
  Error processing G6.txt with seed 47: not enough values to unpack (expected 3, got 2)
  Seed 7/10 (seed=48)
  Error processing G6.txt with seed 48: not enough values to unpack (expected 3, got 2)
  Seed 8/10 (seed=49)
  Error processing G6.txt with seed 49: not enough values to unpack (expected 3, got 2)
  Seed 9/10 (seed=50)
  Error processing G6.txt with seed 50: not enough values to unpack (expected 3, got 2)
  Seed 10/10 (seed=51)
  Error processing G6.txt with seed 51: not enough values to unpack (expected 3, got 2)
Processing instance: G62.txt
  Seed 1/10 (seed=42)
  Error processing G62.txt with seed 42: not enough values to unpack (expected 3, got 2)
  Seed 2/10 (seed=43)
  Error processing G62.txt with seed 43: not enough values to unpack (expected 3, got 2)
  Seed 3/10 (seed=44)
  Error processing G62.txt with seed 44: not enough values to unpack (expected 3, got 2)
  Seed 4/10 (seed=45)
  Error processing G62.txt with seed 45: not enough values to unpack (expected 3, got 2)
  Seed 5/10 (seed=46)
  Error processing G62.txt with seed 46: not enough values to unpack (expected 3, got 2)
  Seed 6/10 (seed=47)
  Error processing G62.txt with seed 47: not enough values to unpack (expected 3, got 2)
  Seed 7/10 (seed=48)
  Error processing G62.txt with seed 48: not enough values to unpack (expected 3, got 2)
  Seed 8/10 (seed=49)
  Error processing G62.txt with seed 49: not enough values to unpack (expected 3, got 2)
  Seed 9/10 (seed=50)
  Error processing G62.txt with seed 50: not enough values to unpack (expected 3, got 2)
  Seed 10/10 (seed=51)
  Error processing G62.txt with seed 51: not enough values to unpack (expected 3, got 2)
Processing instance: G63.txt
  Seed 1/10 (seed=42)
  Error processing G63.txt with seed 42: not enough values to unpack (expected 3, got 2)
  Seed 2/10 (seed=43)
  Error processing G63.txt with seed 43: not enough values to unpack (expected 3, got 2)
  Seed 3/10 (seed=44)
  Error processing G63.txt with seed 44: not enough values to unpack (expected 3, got 2)
  Seed 4/10 (seed=45)
  Error processing G63.txt with seed 45: not enough values to unpack (expected 3, got 2)
  Seed 5/10 (seed=46)
  Error processing G63.txt with seed 46: not enough values to unpack (expected 3, got 2)
  Seed 6/10 (seed=47)
  Error processing G63.txt with seed 47: not enough values to unpack (expected 3, got 2)
  Seed 7/10 (seed=48)
  Error processing G63.txt with seed 48: not enough values to unpack (expected 3, got 2)
  Seed 8/10 (seed=49)
  Error processing G63.txt with seed 49: not enough values to unpack (expected 3, got 2)
  Seed 9/10 (seed=50)
  Error processing G63.txt with seed 50: not enough values to unpack (expected 3, got 2)
  Seed 10/10 (seed=51)
  Error processing G63.txt with seed 51: not enough values to unpack (expected 3, got 2)
Processing instance: G64.txt
  Seed 1/10 (seed=42)
  Error processing G64.txt with seed 42: not enough values to unpack (expected 3, got 2)
  Seed 2/10 (seed=43)
  Error processing G64.txt with seed 43: not enough values to unpack (expected 3, got 2)
  Seed 3/10 (seed=44)
  Error processing G64.txt with seed 44: not enough values to unpack (expected 3, got 2)
  Seed 4/10 (seed=45)
  Error processing G64.txt with seed 45: not enough values to unpack (expected 3, got 2)
  Seed 5/10 (seed=46)
  Error processing G64.txt with seed 46: not enough values to unpack (expected 3, got 2)
  Seed 6/10 (seed=47)
  Error processing G64.txt with seed 47: not enough values to unpack (expected 3, got 2)
  Seed 7/10 (seed=48)
  Error processing G64.txt with seed 48: not enough values to unpack (expected 3, got 2)
  Seed 8/10 (seed=49)
  Error processing G64.txt with seed 49: not enough values to unpack (expected 3, got 2)
  Seed 9/10 (seed=50)
  Error processing G64.txt with seed 50: not enough values to unpack (expected 3, got 2)
  Seed 10/10 (seed=51)
  Error processing G64.txt with seed 51: not enough values to unpack (expected 3, got 2)
Processing instance: G65.txt
  Seed 1/10 (seed=42)
  Error processing G65.txt with seed 42: not enough values to unpack (expected 3, got 2)
  Seed 2/10 (seed=43)
  Error processing G65.txt with seed 43: not enough values to unpack (expected 3, got 2)
  Seed 3/10 (seed=44)
  Error processing G65.txt with seed 44: not enough values to unpack (expected 3, got 2)
  Seed 4/10 (seed=45)
  Error processing G65.txt with seed 45: not enough values to unpack (expected 3, got 2)
  Seed 5/10 (seed=46)
  Error processing G65.txt with seed 46: not enough values to unpack (expected 3, got 2)
  Seed 6/10 (seed=47)
  Error processing G65.txt with seed 47: not enough values to unpack (expected 3, got 2)
  Seed 7/10 (seed=48)
  Error processing G65.txt with seed 48: not enough values to unpack (expected 3, got 2)
  Seed 8/10 (seed=49)
  Error processing G65.txt with seed 49: not enough values to unpack (expected 3, got 2)
  Seed 9/10 (seed=50)
  Error processing G65.txt with seed 50: not enough values to unpack (expected 3, got 2)
  Seed 10/10 (seed=51)
  Error processing G65.txt with seed 51: not enough values to unpack (expected 3, got 2)
Processing instance: G66.txt
  Seed 1/10 (seed=42)
  Error processing G66.txt with seed 42: not enough values to unpack (expected 3, got 2)
  Seed 2/10 (seed=43)
  Error processing G66.txt with seed 43: not enough values to unpack (expected 3, got 2)
  Seed 3/10 (seed=44)
  Error processing G66.txt with seed 44: not enough values to unpack (expected 3, got 2)
  Seed 4/10 (seed=45)
  Error processing G66.txt with seed 45: not enough values to unpack (expected 3, got 2)
  Seed 5/10 (seed=46)
  Error processing G66.txt with seed 46: not enough values to unpack (expected 3, got 2)
  Seed 6/10 (seed=47)
  Error processing G66.txt with seed 47: not enough values to unpack (expected 3, got 2)
  Seed 7/10 (seed=48)
  Error processing G66.txt with seed 48: not enough values to unpack (expected 3, got 2)
  Seed 8/10 (seed=49)
  Error processing G66.txt with seed 49: not enough values to unpack (expected 3, got 2)
  Seed 9/10 (seed=50)
  Error processing G66.txt with seed 50: not enough values to unpack (expected 3, got 2)
  Seed 10/10 (seed=51)
  Error processing G66.txt with seed 51: not enough values to unpack (expected 3, got 2)
Processing instance: G67.txt
  Seed 1/10 (seed=42)
  Error processing G67.txt with seed 42: not enough values to unpack (expected 3, got 2)
  Seed 2/10 (seed=43)
  Error processing G67.txt with seed 43: not enough values to unpack (expected 3, got 2)
  Seed 3/10 (seed=44)
  Error processing G67.txt with seed 44: not enough values to unpack (expected 3, got 2)
  Seed 4/10 (seed=45)
  Error processing G67.txt with seed 45: not enough values to unpack (expected 3, got 2)
  Seed 5/10 (seed=46)
  Error processing G67.txt with seed 46: not enough values to unpack (expected 3, got 2)
  Seed 6/10 (seed=47)
  Error processing G67.txt with seed 47: not enough values to unpack (expected 3, got 2)
  Seed 7/10 (seed=48)
  Error processing G67.txt with seed 48: not enough values to unpack (expected 3, got 2)
  Seed 8/10 (seed=49)
  Error processing G67.txt with seed 49: not enough values to unpack (expected 3, got 2)
  Seed 9/10 (seed=50)
  Error processing G67.txt with seed 50: not enough values to unpack (expected 3, got 2)
  Seed 10/10 (seed=51)
  Error processing G67.txt with seed 51: not enough values to unpack (expected 3, got 2)
Processing instance: G7.txt
  Seed 1/10 (seed=42)
  Error processing G7.txt with seed 42: not enough values to unpack (expected 3, got 2)
  Seed 2/10 (seed=43)
  Error processing G7.txt with seed 43: not enough values to unpack (expected 3, got 2)
  Seed 3/10 (seed=44)
  Error processing G7.txt with seed 44: not enough values to unpack (expected 3, got 2)
  Seed 4/10 (seed=45)
  Error processing G7.txt with seed 45: not enough values to unpack (expected 3, got 2)
  Seed 5/10 (seed=46)
  Error processing G7.txt with seed 46: not enough values to unpack (expected 3, got 2)
  Seed 6/10 (seed=47)
  Error processing G7.txt with seed 47: not enough values to unpack (expected 3, got 2)
  Seed 7/10 (seed=48)
  Error processing G7.txt with seed 48: not enough values to unpack (expected 3, got 2)
  Seed 8/10 (seed=49)
  Error processing G7.txt with seed 49: not enough values to unpack (expected 3, got 2)
  Seed 9/10 (seed=50)
  Error processing G7.txt with seed 50: not enough values to unpack (expected 3, got 2)
  Seed 10/10 (seed=51)
  Error processing G7.txt with seed 51: not enough values to unpack (expected 3, got 2)
Processing instance: G72.txt
  Seed 1/10 (seed=42)
  Error processing G72.txt with seed 42: not enough values to unpack (expected 3, got 2)
  Seed 2/10 (seed=43)
  Error processing G72.txt with seed 43: not enough values to unpack (expected 3, got 2)
  Seed 3/10 (seed=44)
  Error processing G72.txt with seed 44: not enough values to unpack (expected 3, got 2)
  Seed 4/10 (seed=45)
  Error processing G72.txt with seed 45: not enough values to unpack (expected 3, got 2)
  Seed 5/10 (seed=46)
  Error processing G72.txt with seed 46: not enough values to unpack (expected 3, got 2)
  Seed 6/10 (seed=47)
  Error processing G72.txt with seed 47: not enough values to unpack (expected 3, got 2)
  Seed 7/10 (seed=48)
  Error processing G72.txt with seed 48: not enough values to unpack (expected 3, got 2)
  Seed 8/10 (seed=49)
  Error processing G72.txt with seed 49: not enough values to unpack (expected 3, got 2)
  Seed 9/10 (seed=50)
  Error processing G72.txt with seed 50: not enough values to unpack (expected 3, got 2)
  Seed 10/10 (seed=51)
  Error processing G72.txt with seed 51: not enough values to unpack (expected 3, got 2)
Processing instance: G77.txt
  Seed 1/10 (seed=42)
  Error processing G77.txt with seed 42: not enough values to unpack (expected 3, got 2)
  Seed 2/10 (seed=43)
  Error processing G77.txt with seed 43: not enough values to unpack (expected 3, got 2)
  Seed 3/10 (seed=44)
  Error processing G77.txt with seed 44: not enough values to unpack (expected 3, got 2)
  Seed 4/10 (seed=45)
  Error processing G77.txt with seed 45: not enough values to unpack (expected 3, got 2)
  Seed 5/10 (seed=46)
  Error processing G77.txt with seed 46: not enough values to unpack (expected 3, got 2)
  Seed 6/10 (seed=47)
  Error processing G77.txt with seed 47: not enough values to unpack (expected 3, got 2)
  Seed 7/10 (seed=48)
  Error processing G77.txt with seed 48: not enough values to unpack (expected 3, got 2)
  Seed 8/10 (seed=49)
  Error processing G77.txt with seed 49: not enough values to unpack (expected 3, got 2)
  Seed 9/10 (seed=50)
  Error processing G77.txt with seed 50: not enough values to unpack (expected 3, got 2)
  Seed 10/10 (seed=51)
  Error processing G77.txt with seed 51: not enough values to unpack (expected 3, got 2)
Processing instance: G8.txt
  Seed 1/10 (seed=42)
  Error processing G8.txt with seed 42: not enough values to unpack (expected 3, got 2)
  Seed 2/10 (seed=43)
  Error processing G8.txt with seed 43: not enough values to unpack (expected 3, got 2)
  Seed 3/10 (seed=44)
  Error processing G8.txt with seed 44: not enough values to unpack (expected 3, got 2)
  Seed 4/10 (seed=45)
  Error processing G8.txt with seed 45: not enough values to unpack (expected 3, got 2)
  Seed 5/10 (seed=46)
  Error processing G8.txt with seed 46: not enough values to unpack (expected 3, got 2)
  Seed 6/10 (seed=47)
  Error processing G8.txt with seed 47: not enough values to unpack (expected 3, got 2)
  Seed 7/10 (seed=48)
  Error processing G8.txt with seed 48: not enough values to unpack (expected 3, got 2)
  Seed 8/10 (seed=49)
  Error processing G8.txt with seed 49: not enough values to unpack (expected 3, got 2)
  Seed 9/10 (seed=50)
  Error processing G8.txt with seed 50: not enough values to unpack (expected 3, got 2)
  Seed 10/10 (seed=51)
  Error processing G8.txt with seed 51: not enough values to unpack (expected 3, got 2)
Processing instance: G81.txt
  Seed 1/10 (seed=42)
  Error processing G81.txt with seed 42: not enough values to unpack (expected 3, got 2)
  Seed 2/10 (seed=43)
  Error processing G81.txt with seed 43: not enough values to unpack (expected 3, got 2)
  Seed 3/10 (seed=44)
  Error processing G81.txt with seed 44: not enough values to unpack (expected 3, got 2)
  Seed 4/10 (seed=45)
  Error processing G81.txt with seed 45: not enough values to unpack (expected 3, got 2)
  Seed 5/10 (seed=46)
  Error processing G81.txt with seed 46: not enough values to unpack (expected 3, got 2)
  Seed 6/10 (seed=47)
  Error processing G81.txt with seed 47: not enough values to unpack (expected 3, got 2)
  Seed 7/10 (seed=48)
  Error processing G81.txt with seed 48: not enough values to unpack (expected 3, got 2)
  Seed 8/10 (seed=49)
  Error processing G81.txt with seed 49: not enough values to unpack (expected 3, got 2)
  Seed 9/10 (seed=50)
  Error processing G81.txt with seed 50: not enough values to unpack (expected 3, got 2)
  Seed 10/10 (seed=51)
  Error processing G81.txt with seed 51: not enough values to unpack (expected 3, got 2)
Processing instance: G9.txt
  Seed 1/10 (seed=42)
  Error processing G9.txt with seed 42: not enough values to unpack (expected 3, got 2)
  Seed 2/10 (seed=43)
  Error processing G9.txt with seed 43: not enough values to unpack (expected 3, got 2)
  Seed 3/10 (seed=44)
  Error processing G9.txt with seed 44: not enough values to unpack (expected 3, got 2)
  Seed 4/10 (seed=45)
  Error processing G9.txt with seed 45: not enough values to unpack (expected 3, got 2)
  Seed 5/10 (seed=46)
  Error processing G9.txt with seed 46: not enough values to unpack (expected 3, got 2)
  Seed 6/10 (seed=47)
  Error processing G9.txt with seed 47: not enough values to unpack (expected 3, got 2)
  Seed 7/10 (seed=48)
  Error processing G9.txt with seed 48: not enough values to unpack (expected 3, got 2)
  Seed 8/10 (seed=49)
  Error processing G9.txt with seed 49: not enough values to unpack (expected 3, got 2)
  Seed 9/10 (seed=50)
  Error processing G9.txt with seed 50: not enough values to unpack (expected 3, got 2)
  Seed 10/10 (seed=51)
  Error processing G9.txt with seed 51: not enough values to unpack (expected 3, got 2)
==================================================
Execution Finished.
✓ DSN_thorough on Gset SUCCESS
Completed 1 experiments in 25 seconds
