Running solver: SB_10000
Dataset: barabasi_albert_selective
[GENERAL] Dataset: barabasi_albert_selective, -----------------------------------------------------------
Running: SB_10000
Solver: SB
Dataset: barabasi_albert_selective
==================================================
Processing instance: ba_1024_1_0.txt
  Seed 1/1 (seed=42)
Initialized SB solver with 10000 agents on CUDA (float64). Results will be saved under 'SB_10000'.
Parameters:
  instance_name: ba_1024_1_0.txt
  dataset: barabasi_albert_selective
  random_seed: 42
  device: cuda
  use_local_search: False
  run_name: SB_10000
  agents: 10000
--------------------------------------------------
Results saved to: results/barabasi_albert_selective/SB_10000/ba_1024_1_0.csv
Energy (computed): -273573.000000
Energy (SB): -273573.000000
Time: 11.2287s
----------------------------------------
==================================================
Execution Finished.
✓ SB_10000 on barabasi_albert_selective SUCCESS
Completed 1 experiments in 13 seconds
