Running solver: SB_200
Dataset: barabasi_albert_selective
[GENERAL] Dataset: barabasi_albert_selective, -----------------------------------------------------------
Running: SB_200
Solver: SB
Dataset: barabasi_albert_selective
==================================================
Processing instance: ba_1024_1_0.txt
  Seed 1/1 (seed=42)
Initialized SB solver with 200 agents on CUDA (float64). Results will be saved under 'SB_200'.
Parameters:
  instance_name: ba_1024_1_0.txt
  dataset: barabasi_albert_selective
  random_seed: 42
  device: cuda
  use_local_search: False
  run_name: SB_200
  agents: 200
--------------------------------------------------
Results saved to: results/barabasi_albert_selective/SB_200/ba_1024_1_0.csv
Energy (computed): -271461.000000
Energy (SB): -271461.000000
Time: 1.0875s
----------------------------------------
==================================================
Execution Finished.
✓ SB_200 on barabasi_albert_selective SUCCESS
Completed 1 experiments in 3 seconds
