Running solver: SpecAdj
Dataset: erdos_renyi_10ins_m20
[GENERAL] Dataset: erdos_renyi_10ins_m20, -----------------------------------------------------------
Running: SpecAdj
Solver: spec_adj
Dataset: erdos_renyi_10ins_m20
==================================================
Processing instance: er_1024_1_0.txt
  Seed 1/10 (seed=42)
Initialized SpecAdj solver (GPU sparse). Results will be saved under 'SpecAdj'.
Parameters:
  instance_name: er_1024_1_0.txt
  dataset: erdos_renyi_10ins_m20
  random_seed: 42
  mode: 0
  beta: None
  alpha: 0
  use_local_search: True
  max_local_iterations: 1000
  eigsh_tol: 1e-06
  eigsh_maxiter: 1000
  run_name: SpecAdj
--------------------------------------------------
  Error processing er_1024_1_0.txt with seed 42: too many values to unpack (expected 2)
  Seed 2/10 (seed=43)
Initialized SpecAdj solver (GPU sparse). Results will be saved under 'SpecAdj'.
Parameters:
  instance_name: er_1024_1_0.txt
  dataset: erdos_renyi_10ins_m20
  random_seed: 43
  mode: 0
  beta: None
  alpha: 0
  use_local_search: True
  max_local_iterations: 1000
  eigsh_tol: 1e-06
  eigsh_maxiter: 1000
  run_name: SpecAdj
--------------------------------------------------
  Error processing er_1024_1_0.txt with seed 43: too many values to unpack (expected 2)
  Seed 3/10 (seed=44)
Initialized SpecAdj solver (GPU sparse). Results will be saved under 'SpecAdj'.
Parameters:
  instance_name: er_1024_1_0.txt
  dataset: erdos_renyi_10ins_m20
  random_seed: 44
  mode: 0
  beta: None
  alpha: 0
  use_local_search: True
  max_local_iterations: 1000
  eigsh_tol: 1e-06
  eigsh_maxiter: 1000
  run_name: SpecAdj
--------------------------------------------------
  Error processing er_1024_1_0.txt with seed 44: too many values to unpack (expected 2)
  Seed 4/10 (seed=45)
Initialized SpecAdj solver (GPU sparse). Results will be saved under 'SpecAdj'.
Parameters:
  instance_name: er_1024_1_0.txt
  dataset: erdos_renyi_10ins_m20
  random_seed: 45
  mode: 0
  beta: None
  alpha: 0
  use_local_search: True
  max_local_iterations: 1000
  eigsh_tol: 1e-06
  eigsh_maxiter: 1000
  run_name: SpecAdj
--------------------------------------------------
  Error processing er_1024_1_0.txt with seed 45: too many values to unpack (expected 2)
  Seed 5/10 (seed=46)
Initialized SpecAdj solver (GPU sparse). Results will be saved under 'SpecAdj'.
Parameters:
  instance_name: er_1024_1_0.txt
  dataset: erdos_renyi_10ins_m20
  random_seed: 46
  mode: 0
  beta: None
  alpha: 0
  use_local_search: True
  max_local_iterations: 1000
  eigsh_tol: 1e-06
  eigsh_maxiter: 1000
  run_name: SpecAdj
--------------------------------------------------
  Error processing er_1024_1_0.txt with seed 46: too many values to unpack (expected 2)
  Seed 6/10 (seed=47)
Initialized SpecAdj solver (GPU sparse). Results will be saved under 'SpecAdj'.
Parameters:
  instance_name: er_1024_1_0.txt
  dataset: erdos_renyi_10ins_m20
  random_seed: 47
  mode: 0
  beta: None
  alpha: 0
  use_local_search: True
  max_local_iterations: 1000
  eigsh_tol: 1e-06
  eigsh_maxiter: 1000
  run_name: SpecAdj
--------------------------------------------------
  Error processing er_1024_1_0.txt with seed 47: too many values to unpack (expected 2)
  Seed 7/10 (seed=48)
Initialized SpecAdj solver (GPU sparse). Results will be saved under 'SpecAdj'.
Parameters:
  instance_name: er_1024_1_0.txt
  dataset: erdos_renyi_10ins_m20
  random_seed: 48
  mode: 0
  beta: None
  alpha: 0
  use_local_search: True
  max_local_iterations: 1000
  eigsh_tol: 1e-06
  eigsh_maxiter: 1000
  run_name: SpecAdj
--------------------------------------------------
  Error processing er_1024_1_0.txt with seed 48: too many values to unpack (expected 2)
  Seed 8/10 (seed=49)
Initialized SpecAdj solver (GPU sparse). Results will be saved under 'SpecAdj'.
Parameters:
  instance_name: er_1024_1_0.txt
  dataset: erdos_renyi_10ins_m20
  random_seed: 49
  mode: 0
  beta: None
  alpha: 0
  use_local_search: True
  max_local_iterations: 1000
  eigsh_tol: 1e-06
  eigsh_maxiter: 1000
  run_name: SpecAdj
--------------------------------------------------
  Error processing er_1024_1_0.txt with seed 49: too many values to unpack (expected 2)
  Seed 9/10 (seed=50)
Initialized SpecAdj solver (GPU sparse). Results will be saved under 'SpecAdj'.
Parameters:
  instance_name: er_1024_1_0.txt
  dataset: erdos_renyi_10ins_m20
  random_seed: 50
  mode: 0
  beta: None
  alpha: 0
  use_local_search: True
  max_local_iterations: 1000
  eigsh_tol: 1e-06
  eigsh_maxiter: 1000
  run_name: SpecAdj
--------------------------------------------------
  Error processing er_1024_1_0.txt with seed 50: too many values to unpack (expected 2)
  Seed 10/10 (seed=51)
Initialized SpecAdj solver (GPU sparse). Results will be saved under 'SpecAdj'.
Parameters:
  instance_name: er_1024_1_0.txt
  dataset: erdos_renyi_10ins_m20
  random_seed: 51
  mode: 0
  beta: None
  alpha: 0
  use_local_search: True
  max_local_iterations: 1000
  eigsh_tol: 1e-06
  eigsh_maxiter: 1000
  run_name: SpecAdj
--------------------------------------------------
  Error processing er_1024_1_0.txt with seed 51: too many values to unpack (expected 2)
Processing instance: er_1024_1_1.txt
  Seed 1/10 (seed=42)
Initialized SpecAdj solver (GPU sparse). Results will be saved under 'SpecAdj'.
Parameters:
  instance_name: er_1024_1_1.txt
  dataset: erdos_renyi_10ins_m20
  random_seed: 42
  mode: 0
  beta: None
  alpha: 0
  use_local_search: True
  max_local_iterations: 1000
  eigsh_tol: 1e-06
  eigsh_maxiter: 1000
  run_name: SpecAdj
--------------------------------------------------
  Error processing er_1024_1_1.txt with seed 42: too many values to unpack (expected 2)
  Seed 2/10 (seed=43)
Initialized SpecAdj solver (GPU sparse). Results will be saved under 'SpecAdj'.
Parameters:
  instance_name: er_1024_1_1.txt
  dataset: erdos_renyi_10ins_m20
  random_seed: 43
  mode: 0
  beta: None
  alpha: 0
  use_local_search: True
  max_local_iterations: 1000
  eigsh_tol: 1e-06
  eigsh_maxiter: 1000
  run_name: SpecAdj
--------------------------------------------------
  Error processing er_1024_1_1.txt with seed 43: too many values to unpack (expected 2)
  Seed 3/10 (seed=44)
Initialized SpecAdj solver (GPU sparse). Results will be saved under 'SpecAdj'.
Parameters:
  instance_name: er_1024_1_1.txt
  dataset: erdos_renyi_10ins_m20
  random_seed: 44
  mode: 0
  beta: None
  alpha: 0
  use_local_search: True
  max_local_iterations: 1000
  eigsh_tol: 1e-06
  eigsh_maxiter: 1000
  run_name: SpecAdj
--------------------------------------------------
  Error processing er_1024_1_1.txt with seed 44: too many values to unpack (expected 2)
  Seed 4/10 (seed=45)
Initialized SpecAdj solver (GPU sparse). Results will be saved under 'SpecAdj'.
Parameters:
  instance_name: er_1024_1_1.txt
  dataset: erdos_renyi_10ins_m20
  random_seed: 45
  mode: 0
  beta: None
  alpha: 0
  use_local_search: True
  max_local_iterations: 1000
  eigsh_tol: 1e-06
  eigsh_maxiter: 1000
  run_name: SpecAdj
--------------------------------------------------
  Error processing er_1024_1_1.txt with seed 45: too many values to unpack (expected 2)
  Seed 5/10 (seed=46)
Initialized SpecAdj solver (GPU sparse). Results will be saved under 'SpecAdj'.
Parameters:
  instance_name: er_1024_1_1.txt
  dataset: erdos_renyi_10ins_m20
  random_seed: 46
  mode: 0
  beta: None
  alpha: 0
  use_local_search: True
  max_local_iterations: 1000
  eigsh_tol: 1e-06
  eigsh_maxiter: 1000
  run_name: SpecAdj
--------------------------------------------------
  Error processing er_1024_1_1.txt with seed 46: too many values to unpack (expected 2)
  Seed 6/10 (seed=47)
Initialized SpecAdj solver (GPU sparse). Results will be saved under 'SpecAdj'.
Parameters:
  instance_name: er_1024_1_1.txt
  dataset: erdos_renyi_10ins_m20
  random_seed: 47
  mode: 0
  beta: None
  alpha: 0
  use_local_search: True
  max_local_iterations: 1000
  eigsh_tol: 1e-06
  eigsh_maxiter: 1000
  run_name: SpecAdj
--------------------------------------------------
  Error processing er_1024_1_1.txt with seed 47: too many values to unpack (expected 2)
  Seed 7/10 (seed=48)
Initialized SpecAdj solver (GPU sparse). Results will be saved under 'SpecAdj'.
Parameters:
  instance_name: er_1024_1_1.txt
  dataset: erdos_renyi_10ins_m20
  random_seed: 48
  mode: 0
  beta: None
  alpha: 0
  use_local_search: True
  max_local_iterations: 1000
  eigsh_tol: 1e-06
  eigsh_maxiter: 1000
  run_name: SpecAdj
--------------------------------------------------
  Error processing er_1024_1_1.txt with seed 48: too many values to unpack (expected 2)
  Seed 8/10 (seed=49)
Initialized SpecAdj solver (GPU sparse). Results will be saved under 'SpecAdj'.
Parameters:
  instance_name: er_1024_1_1.txt
  dataset: erdos_renyi_10ins_m20
  random_seed: 49
  mode: 0
  beta: None
  alpha: 0
  use_local_search: True
  max_local_iterations: 1000
  eigsh_tol: 1e-06
  eigsh_maxiter: 1000
  run_name: SpecAdj
--------------------------------------------------
  Error processing er_1024_1_1.txt with seed 49: too many values to unpack (expected 2)
  Seed 9/10 (seed=50)
Initialized SpecAdj solver (GPU sparse). Results will be saved under 'SpecAdj'.
Parameters:
  instance_name: er_1024_1_1.txt
  dataset: erdos_renyi_10ins_m20
  random_seed: 50
  mode: 0
  beta: None
  alpha: 0
  use_local_search: True
  max_local_iterations: 1000
  eigsh_tol: 1e-06
  eigsh_maxiter: 1000
  run_name: SpecAdj
--------------------------------------------------
  Error processing er_1024_1_1.txt with seed 50: too many values to unpack (expected 2)
  Seed 10/10 (seed=51)
Initialized SpecAdj solver (GPU sparse). Results will be saved under 'SpecAdj'.
Parameters:
  instance_name: er_1024_1_1.txt
  dataset: erdos_renyi_10ins_m20
  random_seed: 51
  mode: 0
  beta: None
  alpha: 0
  use_local_search: True
  max_local_iterations: 1000
  eigsh_tol: 1e-06
  eigsh_maxiter: 1000
  run_name: SpecAdj
--------------------------------------------------
  Error processing er_1024_1_1.txt with seed 51: too many values to unpack (expected 2)
Processing instance: er_1024_1_2.txt
  Seed 1/10 (seed=42)
Initialized SpecAdj solver (GPU sparse). Results will be saved under 'SpecAdj'.
Parameters:
  instance_name: er_1024_1_2.txt
  dataset: erdos_renyi_10ins_m20
  random_seed: 42
  mode: 0
  beta: None
  alpha: 0
  use_local_search: True
  max_local_iterations: 1000
  eigsh_tol: 1e-06
  eigsh_maxiter: 1000
  run_name: SpecAdj
--------------------------------------------------
  Error processing er_1024_1_2.txt with seed 42: too many values to unpack (expected 2)
  Seed 2/10 (seed=43)
Initialized SpecAdj solver (GPU sparse). Results will be saved under 'SpecAdj'.
Parameters:
  instance_name: er_1024_1_2.txt
  dataset: erdos_renyi_10ins_m20
  random_seed: 43
  mode: 0
  beta: None
  alpha: 0
  use_local_search: True
  max_local_iterations: 1000
  eigsh_tol: 1e-06
  eigsh_maxiter: 1000
  run_name: SpecAdj
--------------------------------------------------
  Error processing er_1024_1_2.txt with seed 43: too many values to unpack (expected 2)
  Seed 3/10 (seed=44)
Initialized SpecAdj solver (GPU sparse). Results will be saved under 'SpecAdj'.
Parameters:
  instance_name: er_1024_1_2.txt
  dataset: erdos_renyi_10ins_m20
  random_seed: 44
  mode: 0
  beta: None
  alpha: 0
  use_local_search: True
  max_local_iterations: 1000
  eigsh_tol: 1e-06
  eigsh_maxiter: 1000
  run_name: SpecAdj
--------------------------------------------------
  Error processing er_1024_1_2.txt with seed 44: too many values to unpack (expected 2)
  Seed 4/10 (seed=45)
Initialized SpecAdj solver (GPU sparse). Results will be saved under 'SpecAdj'.
Parameters:
  instance_name: er_1024_1_2.txt
  dataset: erdos_renyi_10ins_m20
  random_seed: 45
  mode: 0
  beta: None
  alpha: 0
  use_local_search: True
  max_local_iterations: 1000
  eigsh_tol: 1e-06
  eigsh_maxiter: 1000
  run_name: SpecAdj
--------------------------------------------------
  Error processing er_1024_1_2.txt with seed 45: too many values to unpack (expected 2)
  Seed 5/10 (seed=46)
Initialized SpecAdj solver (GPU sparse). Results will be saved under 'SpecAdj'.
Parameters:
  instance_name: er_1024_1_2.txt
  dataset: erdos_renyi_10ins_m20
  random_seed: 46
  mode: 0
  beta: None
  alpha: 0
  use_local_search: True
  max_local_iterations: 1000
  eigsh_tol: 1e-06
  eigsh_maxiter: 1000
  run_name: SpecAdj
--------------------------------------------------
  Error processing er_1024_1_2.txt with seed 46: too many values to unpack (expected 2)
  Seed 6/10 (seed=47)
Initialized SpecAdj solver (GPU sparse). Results will be saved under 'SpecAdj'.
Parameters:
  instance_name: er_1024_1_2.txt
  dataset: erdos_renyi_10ins_m20
  random_seed: 47
  mode: 0
  beta: None
  alpha: 0
  use_local_search: True
  max_local_iterations: 1000
  eigsh_tol: 1e-06
  eigsh_maxiter: 1000
  run_name: SpecAdj
--------------------------------------------------
  Error processing er_1024_1_2.txt with seed 47: too many values to unpack (expected 2)
  Seed 7/10 (seed=48)
Initialized SpecAdj solver (GPU sparse). Results will be saved under 'SpecAdj'.
Parameters:
  instance_name: er_1024_1_2.txt
  dataset: erdos_renyi_10ins_m20
  random_seed: 48
  mode: 0
  beta: None
  alpha: 0
  use_local_search: True
  max_local_iterations: 1000
  eigsh_tol: 1e-06
  eigsh_maxiter: 1000
  run_name: SpecAdj
--------------------------------------------------
  Error processing er_1024_1_2.txt with seed 48: too many values to unpack (expected 2)
  Seed 8/10 (seed=49)
Initialized SpecAdj solver (GPU sparse). Results will be saved under 'SpecAdj'.
Parameters:
  instance_name: er_1024_1_2.txt
  dataset: erdos_renyi_10ins_m20
  random_seed: 49
  mode: 0
  beta: None
  alpha: 0
  use_local_search: True
  max_local_iterations: 1000
  eigsh_tol: 1e-06
  eigsh_maxiter: 1000
  run_name: SpecAdj
--------------------------------------------------
  Error processing er_1024_1_2.txt with seed 49: too many values to unpack (expected 2)
  Seed 9/10 (seed=50)
Initialized SpecAdj solver (GPU sparse). Results will be saved under 'SpecAdj'.
Parameters:
  instance_name: er_1024_1_2.txt
  dataset: erdos_renyi_10ins_m20
  random_seed: 50
  mode: 0
  beta: None
  alpha: 0
  use_local_search: True
  max_local_iterations: 1000
  eigsh_tol: 1e-06
  eigsh_maxiter: 1000
  run_name: SpecAdj
--------------------------------------------------
  Error processing er_1024_1_2.txt with seed 50: too many values to unpack (expected 2)
  Seed 10/10 (seed=51)
Initialized SpecAdj solver (GPU sparse). Results will be saved under 'SpecAdj'.
Parameters:
  instance_name: er_1024_1_2.txt
  dataset: erdos_renyi_10ins_m20
  random_seed: 51
  mode: 0
  beta: None
  alpha: 0
  use_local_search: True
  max_local_iterations: 1000
  eigsh_tol: 1e-06
  eigsh_maxiter: 1000
  run_name: SpecAdj
--------------------------------------------------
  Error processing er_1024_1_2.txt with seed 51: too many values to unpack (expected 2)
Processing instance: er_1024_1_3.txt
  Seed 1/10 (seed=42)
Initialized SpecAdj solver (GPU sparse). Results will be saved under 'SpecAdj'.
Parameters:
  instance_name: er_1024_1_3.txt
  dataset: erdos_renyi_10ins_m20
  random_seed: 42
  mode: 0
  beta: None
  alpha: 0
  use_local_search: True
  max_local_iterations: 1000
  eigsh_tol: 1e-06
  eigsh_maxiter: 1000
  run_name: SpecAdj
--------------------------------------------------
  Error processing er_1024_1_3.txt with seed 42: too many values to unpack (expected 2)
  Seed 2/10 (seed=43)
Initialized SpecAdj solver (GPU sparse). Results will be saved under 'SpecAdj'.
Parameters:
  instance_name: er_1024_1_3.txt
  dataset: erdos_renyi_10ins_m20
  random_seed: 43
  mode: 0
  beta: None
  alpha: 0
  use_local_search: True
  max_local_iterations: 1000
  eigsh_tol: 1e-06
  eigsh_maxiter: 1000
  run_name: SpecAdj
--------------------------------------------------
  Error processing er_1024_1_3.txt with seed 43: too many values to unpack (expected 2)
  Seed 3/10 (seed=44)
Initialized SpecAdj solver (GPU sparse). Results will be saved under 'SpecAdj'.
Parameters:
  instance_name: er_1024_1_3.txt
  dataset: erdos_renyi_10ins_m20
  random_seed: 44
  mode: 0
  beta: None
  alpha: 0
  use_local_search: True
  max_local_iterations: 1000
  eigsh_tol: 1e-06
  eigsh_maxiter: 1000
  run_name: SpecAdj
--------------------------------------------------
  Error processing er_1024_1_3.txt with seed 44: too many values to unpack (expected 2)
  Seed 4/10 (seed=45)
Initialized SpecAdj solver (GPU sparse). Results will be saved under 'SpecAdj'.
Parameters:
  instance_name: er_1024_1_3.txt
  dataset: erdos_renyi_10ins_m20
  random_seed: 45
  mode: 0
  beta: None
  alpha: 0
  use_local_search: True
  max_local_iterations: 1000
  eigsh_tol: 1e-06
  eigsh_maxiter: 1000
  run_name: SpecAdj
--------------------------------------------------
  Error processing er_1024_1_3.txt with seed 45: too many values to unpack (expected 2)
  Seed 5/10 (seed=46)
Initialized SpecAdj solver (GPU sparse). Results will be saved under 'SpecAdj'.
Parameters:
  instance_name: er_1024_1_3.txt
  dataset: erdos_renyi_10ins_m20
  random_seed: 46
  mode: 0
  beta: None
  alpha: 0
  use_local_search: True
  max_local_iterations: 1000
  eigsh_tol: 1e-06
  eigsh_maxiter: 1000
  run_name: SpecAdj
--------------------------------------------------
  Error processing er_1024_1_3.txt with seed 46: too many values to unpack (expected 2)
  Seed 6/10 (seed=47)
Initialized SpecAdj solver (GPU sparse). Results will be saved under 'SpecAdj'.
Parameters:
  instance_name: er_1024_1_3.txt
  dataset: erdos_renyi_10ins_m20
  random_seed: 47
  mode: 0
  beta: None
  alpha: 0
  use_local_search: True
  max_local_iterations: 1000
  eigsh_tol: 1e-06
  eigsh_maxiter: 1000
  run_name: SpecAdj
--------------------------------------------------
  Error processing er_1024_1_3.txt with seed 47: too many values to unpack (expected 2)
  Seed 7/10 (seed=48)
Initialized SpecAdj solver (GPU sparse). Results will be saved under 'SpecAdj'.
Parameters:
  instance_name: er_1024_1_3.txt
  dataset: erdos_renyi_10ins_m20
  random_seed: 48
  mode: 0
  beta: None
  alpha: 0
  use_local_search: True
  max_local_iterations: 1000
  eigsh_tol: 1e-06
  eigsh_maxiter: 1000
  run_name: SpecAdj
--------------------------------------------------
  Error processing er_1024_1_3.txt with seed 48: too many values to unpack (expected 2)
  Seed 8/10 (seed=49)
Initialized SpecAdj solver (GPU sparse). Results will be saved under 'SpecAdj'.
Parameters:
  instance_name: er_1024_1_3.txt
  dataset: erdos_renyi_10ins_m20
  random_seed: 49
  mode: 0
  beta: None
  alpha: 0
  use_local_search: True
  max_local_iterations: 1000
  eigsh_tol: 1e-06
  eigsh_maxiter: 1000
  run_name: SpecAdj
--------------------------------------------------
  Error processing er_1024_1_3.txt with seed 49: too many values to unpack (expected 2)
  Seed 9/10 (seed=50)
Initialized SpecAdj solver (GPU sparse). Results will be saved under 'SpecAdj'.
Parameters:
  instance_name: er_1024_1_3.txt
  dataset: erdos_renyi_10ins_m20
  random_seed: 50
  mode: 0
  beta: None
  alpha: 0
  use_local_search: True
  max_local_iterations: 1000
  eigsh_tol: 1e-06
  eigsh_maxiter: 1000
  run_name: SpecAdj
--------------------------------------------------
  Error processing er_1024_1_3.txt with seed 50: too many values to unpack (expected 2)
  Seed 10/10 (seed=51)
Initialized SpecAdj solver (GPU sparse). Results will be saved under 'SpecAdj'.
Parameters:
  instance_name: er_1024_1_3.txt
  dataset: erdos_renyi_10ins_m20
  random_seed: 51
  mode: 0
  beta: None
  alpha: 0
  use_local_search: True
  max_local_iterations: 1000
  eigsh_tol: 1e-06
  eigsh_maxiter: 1000
  run_name: SpecAdj
--------------------------------------------------
  Error processing er_1024_1_3.txt with seed 51: too many values to unpack (expected 2)
Processing instance: er_1024_1_4.txt
  Seed 1/10 (seed=42)
Initialized SpecAdj solver (GPU sparse). Results will be saved under 'SpecAdj'.
Parameters:
  instance_name: er_1024_1_4.txt
  dataset: erdos_renyi_10ins_m20
  random_seed: 42
  mode: 0
  beta: None
  alpha: 0
  use_local_search: True
  max_local_iterations: 1000
  eigsh_tol: 1e-06
  eigsh_maxiter: 1000
  run_name: SpecAdj
--------------------------------------------------
  Error processing er_1024_1_4.txt with seed 42: too many values to unpack (expected 2)
  Seed 2/10 (seed=43)
Initialized SpecAdj solver (GPU sparse). Results will be saved under 'SpecAdj'.
Parameters:
  instance_name: er_1024_1_4.txt
  dataset: erdos_renyi_10ins_m20
  random_seed: 43
  mode: 0
  beta: None
  alpha: 0
  use_local_search: True
  max_local_iterations: 1000
  eigsh_tol: 1e-06
  eigsh_maxiter: 1000
  run_name: SpecAdj
--------------------------------------------------
  Error processing er_1024_1_4.txt with seed 43: too many values to unpack (expected 2)
  Seed 3/10 (seed=44)
Initialized SpecAdj solver (GPU sparse). Results will be saved under 'SpecAdj'.
Parameters:
  instance_name: er_1024_1_4.txt
  dataset: erdos_renyi_10ins_m20
  random_seed: 44
  mode: 0
  beta: None
  alpha: 0
  use_local_search: True
  max_local_iterations: 1000
  eigsh_tol: 1e-06
  eigsh_maxiter: 1000
  run_name: SpecAdj
--------------------------------------------------
  Error processing er_1024_1_4.txt with seed 44: too many values to unpack (expected 2)
  Seed 4/10 (seed=45)
Initialized SpecAdj solver (GPU sparse). Results will be saved under 'SpecAdj'.
Parameters:
  instance_name: er_1024_1_4.txt
  dataset: erdos_renyi_10ins_m20
  random_seed: 45
  mode: 0
  beta: None
  alpha: 0
  use_local_search: True
  max_local_iterations: 1000
  eigsh_tol: 1e-06
  eigsh_maxiter: 1000
  run_name: SpecAdj
--------------------------------------------------
  Error processing er_1024_1_4.txt with seed 45: too many values to unpack (expected 2)
  Seed 5/10 (seed=46)
Initialized SpecAdj solver (GPU sparse). Results will be saved under 'SpecAdj'.
Parameters:
  instance_name: er_1024_1_4.txt
  dataset: erdos_renyi_10ins_m20
  random_seed: 46
  mode: 0
  beta: None
  alpha: 0
  use_local_search: True
  max_local_iterations: 1000
  eigsh_tol: 1e-06
  eigsh_maxiter: 1000
  run_name: SpecAdj
--------------------------------------------------
  Error processing er_1024_1_4.txt with seed 46: too many values to unpack (expected 2)
  Seed 6/10 (seed=47)
Initialized SpecAdj solver (GPU sparse). Results will be saved under 'SpecAdj'.
Parameters:
  instance_name: er_1024_1_4.txt
  dataset: erdos_renyi_10ins_m20
  random_seed: 47
  mode: 0
  beta: None
  alpha: 0
  use_local_search: True
  max_local_iterations: 1000
  eigsh_tol: 1e-06
  eigsh_maxiter: 1000
  run_name: SpecAdj
--------------------------------------------------
  Error processing er_1024_1_4.txt with seed 47: too many values to unpack (expected 2)
  Seed 7/10 (seed=48)
Initialized SpecAdj solver (GPU sparse). Results will be saved under 'SpecAdj'.
Parameters:
  instance_name: er_1024_1_4.txt
  dataset: erdos_renyi_10ins_m20
  random_seed: 48
  mode: 0
  beta: None
  alpha: 0
  use_local_search: True
  max_local_iterations: 1000
  eigsh_tol: 1e-06
  eigsh_maxiter: 1000
  run_name: SpecAdj
--------------------------------------------------
  Error processing er_1024_1_4.txt with seed 48: too many values to unpack (expected 2)
  Seed 8/10 (seed=49)
Initialized SpecAdj solver (GPU sparse). Results will be saved under 'SpecAdj'.
Parameters:
  instance_name: er_1024_1_4.txt
  dataset: erdos_renyi_10ins_m20
  random_seed: 49
  mode: 0
  beta: None
  alpha: 0
  use_local_search: True
  max_local_iterations: 1000
  eigsh_tol: 1e-06
  eigsh_maxiter: 1000
  run_name: SpecAdj
--------------------------------------------------
  Error processing er_1024_1_4.txt with seed 49: too many values to unpack (expected 2)
  Seed 9/10 (seed=50)
Initialized SpecAdj solver (GPU sparse). Results will be saved under 'SpecAdj'.
Parameters:
  instance_name: er_1024_1_4.txt
  dataset: erdos_renyi_10ins_m20
  random_seed: 50
  mode: 0
  beta: None
  alpha: 0
  use_local_search: True
  max_local_iterations: 1000
  eigsh_tol: 1e-06
  eigsh_maxiter: 1000
  run_name: SpecAdj
--------------------------------------------------
  Error processing er_1024_1_4.txt with seed 50: too many values to unpack (expected 2)
  Seed 10/10 (seed=51)
Initialized SpecAdj solver (GPU sparse). Results will be saved under 'SpecAdj'.
Parameters:
  instance_name: er_1024_1_4.txt
  dataset: erdos_renyi_10ins_m20
  random_seed: 51
  mode: 0
  beta: None
  alpha: 0
  use_local_search: True
  max_local_iterations: 1000
  eigsh_tol: 1e-06
  eigsh_maxiter: 1000
  run_name: SpecAdj
--------------------------------------------------
  Error processing er_1024_1_4.txt with seed 51: too many values to unpack (expected 2)
Processing instance: er_1024_1_5.txt
  Seed 1/10 (seed=42)
Initialized SpecAdj solver (GPU sparse). Results will be saved under 'SpecAdj'.
Parameters:
  instance_name: er_1024_1_5.txt
  dataset: erdos_renyi_10ins_m20
  random_seed: 42
  mode: 0
  beta: None
  alpha: 0
  use_local_search: True
  max_local_iterations: 1000
  eigsh_tol: 1e-06
  eigsh_maxiter: 1000
  run_name: SpecAdj
--------------------------------------------------
  Error processing er_1024_1_5.txt with seed 42: too many values to unpack (expected 2)
  Seed 2/10 (seed=43)
Initialized SpecAdj solver (GPU sparse). Results will be saved under 'SpecAdj'.
Parameters:
  instance_name: er_1024_1_5.txt
  dataset: erdos_renyi_10ins_m20
  random_seed: 43
  mode: 0
  beta: None
  alpha: 0
  use_local_search: True
  max_local_iterations: 1000
  eigsh_tol: 1e-06
  eigsh_maxiter: 1000
  run_name: SpecAdj
--------------------------------------------------
  Error processing er_1024_1_5.txt with seed 43: too many values to unpack (expected 2)
  Seed 3/10 (seed=44)
Initialized SpecAdj solver (GPU sparse). Results will be saved under 'SpecAdj'.
Parameters:
  instance_name: er_1024_1_5.txt
  dataset: erdos_renyi_10ins_m20
  random_seed: 44
  mode: 0
  beta: None
  alpha: 0
  use_local_search: True
  max_local_iterations: 1000
  eigsh_tol: 1e-06
  eigsh_maxiter: 1000
  run_name: SpecAdj
--------------------------------------------------
  Error processing er_1024_1_5.txt with seed 44: too many values to unpack (expected 2)
  Seed 4/10 (seed=45)
Initialized SpecAdj solver (GPU sparse). Results will be saved under 'SpecAdj'.
Parameters:
  instance_name: er_1024_1_5.txt
  dataset: erdos_renyi_10ins_m20
  random_seed: 45
  mode: 0
  beta: None
  alpha: 0
  use_local_search: True
  max_local_iterations: 1000
  eigsh_tol: 1e-06
  eigsh_maxiter: 1000
  run_name: SpecAdj
--------------------------------------------------
  Error processing er_1024_1_5.txt with seed 45: too many values to unpack (expected 2)
  Seed 5/10 (seed=46)
Initialized SpecAdj solver (GPU sparse). Results will be saved under 'SpecAdj'.
Parameters:
  instance_name: er_1024_1_5.txt
  dataset: erdos_renyi_10ins_m20
  random_seed: 46
  mode: 0
  beta: None
  alpha: 0
  use_local_search: True
  max_local_iterations: 1000
  eigsh_tol: 1e-06
  eigsh_maxiter: 1000
  run_name: SpecAdj
--------------------------------------------------
  Error processing er_1024_1_5.txt with seed 46: too many values to unpack (expected 2)
  Seed 6/10 (seed=47)
Initialized SpecAdj solver (GPU sparse). Results will be saved under 'SpecAdj'.
Parameters:
  instance_name: er_1024_1_5.txt
  dataset: erdos_renyi_10ins_m20
  random_seed: 47
  mode: 0
  beta: None
  alpha: 0
  use_local_search: True
  max_local_iterations: 1000
  eigsh_tol: 1e-06
  eigsh_maxiter: 1000
  run_name: SpecAdj
--------------------------------------------------
  Error processing er_1024_1_5.txt with seed 47: too many values to unpack (expected 2)
  Seed 7/10 (seed=48)
Initialized SpecAdj solver (GPU sparse). Results will be saved under 'SpecAdj'.
Parameters:
  instance_name: er_1024_1_5.txt
  dataset: erdos_renyi_10ins_m20
  random_seed: 48
  mode: 0
  beta: None
  alpha: 0
  use_local_search: True
  max_local_iterations: 1000
  eigsh_tol: 1e-06
  eigsh_maxiter: 1000
  run_name: SpecAdj
--------------------------------------------------
  Error processing er_1024_1_5.txt with seed 48: too many values to unpack (expected 2)
  Seed 8/10 (seed=49)
Initialized SpecAdj solver (GPU sparse). Results will be saved under 'SpecAdj'.
Parameters:
  instance_name: er_1024_1_5.txt
  dataset: erdos_renyi_10ins_m20
  random_seed: 49
  mode: 0
  beta: None
  alpha: 0
  use_local_search: True
  max_local_iterations: 1000
  eigsh_tol: 1e-06
  eigsh_maxiter: 1000
  run_name: SpecAdj
--------------------------------------------------
  Error processing er_1024_1_5.txt with seed 49: too many values to unpack (expected 2)
  Seed 9/10 (seed=50)
Initialized SpecAdj solver (GPU sparse). Results will be saved under 'SpecAdj'.
Parameters:
  instance_name: er_1024_1_5.txt
  dataset: erdos_renyi_10ins_m20
  random_seed: 50
  mode: 0
  beta: None
  alpha: 0
  use_local_search: True
  max_local_iterations: 1000
  eigsh_tol: 1e-06
  eigsh_maxiter: 1000
  run_name: SpecAdj
--------------------------------------------------
  Error processing er_1024_1_5.txt with seed 50: too many values to unpack (expected 2)
  Seed 10/10 (seed=51)
Initialized SpecAdj solver (GPU sparse). Results will be saved under 'SpecAdj'.
Parameters:
  instance_name: er_1024_1_5.txt
  dataset: erdos_renyi_10ins_m20
  random_seed: 51
  mode: 0
  beta: None
  alpha: 0
  use_local_search: True
  max_local_iterations: 1000
  eigsh_tol: 1e-06
  eigsh_maxiter: 1000
  run_name: SpecAdj
--------------------------------------------------
  Error processing er_1024_1_5.txt with seed 51: too many values to unpack (expected 2)
Processing instance: er_1024_1_6.txt
  Seed 1/10 (seed=42)
Initialized SpecAdj solver (GPU sparse). Results will be saved under 'SpecAdj'.
Parameters:
  instance_name: er_1024_1_6.txt
  dataset: erdos_renyi_10ins_m20
  random_seed: 42
  mode: 0
  beta: None
  alpha: 0
  use_local_search: True
  max_local_iterations: 1000
  eigsh_tol: 1e-06
  eigsh_maxiter: 1000
  run_name: SpecAdj
--------------------------------------------------
  Error processing er_1024_1_6.txt with seed 42: too many values to unpack (expected 2)
  Seed 2/10 (seed=43)
Initialized SpecAdj solver (GPU sparse). Results will be saved under 'SpecAdj'.
Parameters:
  instance_name: er_1024_1_6.txt
  dataset: erdos_renyi_10ins_m20
  random_seed: 43
  mode: 0
  beta: None
  alpha: 0
  use_local_search: True
  max_local_iterations: 1000
  eigsh_tol: 1e-06
  eigsh_maxiter: 1000
  run_name: SpecAdj
--------------------------------------------------
  Error processing er_1024_1_6.txt with seed 43: too many values to unpack (expected 2)
  Seed 3/10 (seed=44)
Initialized SpecAdj solver (GPU sparse). Results will be saved under 'SpecAdj'.
Parameters:
  instance_name: er_1024_1_6.txt
  dataset: erdos_renyi_10ins_m20
  random_seed: 44
  mode: 0
  beta: None
  alpha: 0
  use_local_search: True
  max_local_iterations: 1000
  eigsh_tol: 1e-06
  eigsh_maxiter: 1000
  run_name: SpecAdj
--------------------------------------------------
  Error processing er_1024_1_6.txt with seed 44: too many values to unpack (expected 2)
  Seed 4/10 (seed=45)
Initialized SpecAdj solver (GPU sparse). Results will be saved under 'SpecAdj'.
Parameters:
  instance_name: er_1024_1_6.txt
  dataset: erdos_renyi_10ins_m20
  random_seed: 45
  mode: 0
  beta: None
  alpha: 0
  use_local_search: True
  max_local_iterations: 1000
  eigsh_tol: 1e-06
  eigsh_maxiter: 1000
  run_name: SpecAdj
--------------------------------------------------
  Error processing er_1024_1_6.txt with seed 45: too many values to unpack (expected 2)
  Seed 5/10 (seed=46)
Initialized SpecAdj solver (GPU sparse). Results will be saved under 'SpecAdj'.
Parameters:
  instance_name: er_1024_1_6.txt
  dataset: erdos_renyi_10ins_m20
  random_seed: 46
  mode: 0
  beta: None
  alpha: 0
  use_local_search: True
  max_local_iterations: 1000
  eigsh_tol: 1e-06
  eigsh_maxiter: 1000
  run_name: SpecAdj
--------------------------------------------------
  Error processing er_1024_1_6.txt with seed 46: too many values to unpack (expected 2)
  Seed 6/10 (seed=47)
Initialized SpecAdj solver (GPU sparse). Results will be saved under 'SpecAdj'.
Parameters:
  instance_name: er_1024_1_6.txt
  dataset: erdos_renyi_10ins_m20
  random_seed: 47
  mode: 0
  beta: None
  alpha: 0
  use_local_search: True
  max_local_iterations: 1000
  eigsh_tol: 1e-06
  eigsh_maxiter: 1000
  run_name: SpecAdj
--------------------------------------------------
  Error processing er_1024_1_6.txt with seed 47: too many values to unpack (expected 2)
  Seed 7/10 (seed=48)
Initialized SpecAdj solver (GPU sparse). Results will be saved under 'SpecAdj'.
Parameters:
  instance_name: er_1024_1_6.txt
  dataset: erdos_renyi_10ins_m20
  random_seed: 48
  mode: 0
  beta: None
  alpha: 0
  use_local_search: True
  max_local_iterations: 1000
  eigsh_tol: 1e-06
  eigsh_maxiter: 1000
  run_name: SpecAdj
--------------------------------------------------
  Error processing er_1024_1_6.txt with seed 48: too many values to unpack (expected 2)
  Seed 8/10 (seed=49)
Initialized SpecAdj solver (GPU sparse). Results will be saved under 'SpecAdj'.
Parameters:
  instance_name: er_1024_1_6.txt
  dataset: erdos_renyi_10ins_m20
  random_seed: 49
  mode: 0
  beta: None
  alpha: 0
  use_local_search: True
  max_local_iterations: 1000
  eigsh_tol: 1e-06
  eigsh_maxiter: 1000
  run_name: SpecAdj
--------------------------------------------------
  Error processing er_1024_1_6.txt with seed 49: too many values to unpack (expected 2)
  Seed 9/10 (seed=50)
Initialized SpecAdj solver (GPU sparse). Results will be saved under 'SpecAdj'.
Parameters:
  instance_name: er_1024_1_6.txt
  dataset: erdos_renyi_10ins_m20
  random_seed: 50
  mode: 0
  beta: None
  alpha: 0
  use_local_search: True
  max_local_iterations: 1000
  eigsh_tol: 1e-06
  eigsh_maxiter: 1000
  run_name: SpecAdj
--------------------------------------------------
  Error processing er_1024_1_6.txt with seed 50: too many values to unpack (expected 2)
  Seed 10/10 (seed=51)
Initialized SpecAdj solver (GPU sparse). Results will be saved under 'SpecAdj'.
Parameters:
  instance_name: er_1024_1_6.txt
  dataset: erdos_renyi_10ins_m20
  random_seed: 51
  mode: 0
  beta: None
  alpha: 0
  use_local_search: True
  max_local_iterations: 1000
  eigsh_tol: 1e-06
  eigsh_maxiter: 1000
  run_name: SpecAdj
--------------------------------------------------
  Error processing er_1024_1_6.txt with seed 51: too many values to unpack (expected 2)
Processing instance: er_1024_1_7.txt
  Seed 1/10 (seed=42)
Initialized SpecAdj solver (GPU sparse). Results will be saved under 'SpecAdj'.
Parameters:
  instance_name: er_1024_1_7.txt
  dataset: erdos_renyi_10ins_m20
  random_seed: 42
  mode: 0
  beta: None
  alpha: 0
  use_local_search: True
  max_local_iterations: 1000
  eigsh_tol: 1e-06
  eigsh_maxiter: 1000
  run_name: SpecAdj
--------------------------------------------------
  Error processing er_1024_1_7.txt with seed 42: too many values to unpack (expected 2)
  Seed 2/10 (seed=43)
Initialized SpecAdj solver (GPU sparse). Results will be saved under 'SpecAdj'.
Parameters:
  instance_name: er_1024_1_7.txt
  dataset: erdos_renyi_10ins_m20
  random_seed: 43
  mode: 0
  beta: None
  alpha: 0
  use_local_search: True
  max_local_iterations: 1000
  eigsh_tol: 1e-06
  eigsh_maxiter: 1000
  run_name: SpecAdj
--------------------------------------------------
  Error processing er_1024_1_7.txt with seed 43: too many values to unpack (expected 2)
  Seed 3/10 (seed=44)
Initialized SpecAdj solver (GPU sparse). Results will be saved under 'SpecAdj'.
Parameters:
  instance_name: er_1024_1_7.txt
  dataset: erdos_renyi_10ins_m20
  random_seed: 44
  mode: 0
  beta: None
  alpha: 0
  use_local_search: True
  max_local_iterations: 1000
  eigsh_tol: 1e-06
  eigsh_maxiter: 1000
  run_name: SpecAdj
--------------------------------------------------
  Error processing er_1024_1_7.txt with seed 44: too many values to unpack (expected 2)
  Seed 4/10 (seed=45)
Initialized SpecAdj solver (GPU sparse). Results will be saved under 'SpecAdj'.
Parameters:
  instance_name: er_1024_1_7.txt
  dataset: erdos_renyi_10ins_m20
  random_seed: 45
  mode: 0
  beta: None
  alpha: 0
  use_local_search: True
  max_local_iterations: 1000
  eigsh_tol: 1e-06
  eigsh_maxiter: 1000
  run_name: SpecAdj
--------------------------------------------------
  Error processing er_1024_1_7.txt with seed 45: too many values to unpack (expected 2)
  Seed 5/10 (seed=46)
Initialized SpecAdj solver (GPU sparse). Results will be saved under 'SpecAdj'.
Parameters:
  instance_name: er_1024_1_7.txt
  dataset: erdos_renyi_10ins_m20
  random_seed: 46
  mode: 0
  beta: None
  alpha: 0
  use_local_search: True
  max_local_iterations: 1000
  eigsh_tol: 1e-06
  eigsh_maxiter: 1000
  run_name: SpecAdj
--------------------------------------------------
  Error processing er_1024_1_7.txt with seed 46: too many values to unpack (expected 2)
  Seed 6/10 (seed=47)
Initialized SpecAdj solver (GPU sparse). Results will be saved under 'SpecAdj'.
Parameters:
  instance_name: er_1024_1_7.txt
  dataset: erdos_renyi_10ins_m20
  random_seed: 47
  mode: 0
  beta: None
  alpha: 0
  use_local_search: True
  max_local_iterations: 1000
  eigsh_tol: 1e-06
  eigsh_maxiter: 1000
  run_name: SpecAdj
--------------------------------------------------
  Error processing er_1024_1_7.txt with seed 47: too many values to unpack (expected 2)
  Seed 7/10 (seed=48)
Initialized SpecAdj solver (GPU sparse). Results will be saved under 'SpecAdj'.
Parameters:
  instance_name: er_1024_1_7.txt
  dataset: erdos_renyi_10ins_m20
  random_seed: 48
  mode: 0
  beta: None
  alpha: 0
  use_local_search: True
  max_local_iterations: 1000
  eigsh_tol: 1e-06
  eigsh_maxiter: 1000
  run_name: SpecAdj
--------------------------------------------------
  Error processing er_1024_1_7.txt with seed 48: too many values to unpack (expected 2)
  Seed 8/10 (seed=49)
Initialized SpecAdj solver (GPU sparse). Results will be saved under 'SpecAdj'.
Parameters:
  instance_name: er_1024_1_7.txt
  dataset: erdos_renyi_10ins_m20
  random_seed: 49
  mode: 0
  beta: None
  alpha: 0
  use_local_search: True
  max_local_iterations: 1000
  eigsh_tol: 1e-06
  eigsh_maxiter: 1000
  run_name: SpecAdj
--------------------------------------------------
  Error processing er_1024_1_7.txt with seed 49: too many values to unpack (expected 2)
  Seed 9/10 (seed=50)
Initialized SpecAdj solver (GPU sparse). Results will be saved under 'SpecAdj'.
Parameters:
  instance_name: er_1024_1_7.txt
  dataset: erdos_renyi_10ins_m20
  random_seed: 50
  mode: 0
  beta: None
  alpha: 0
  use_local_search: True
  max_local_iterations: 1000
  eigsh_tol: 1e-06
  eigsh_maxiter: 1000
  run_name: SpecAdj
--------------------------------------------------
  Error processing er_1024_1_7.txt with seed 50: too many values to unpack (expected 2)
  Seed 10/10 (seed=51)
Initialized SpecAdj solver (GPU sparse). Results will be saved under 'SpecAdj'.
Parameters:
  instance_name: er_1024_1_7.txt
  dataset: erdos_renyi_10ins_m20
  random_seed: 51
  mode: 0
  beta: None
  alpha: 0
  use_local_search: True
  max_local_iterations: 1000
  eigsh_tol: 1e-06
  eigsh_maxiter: 1000
  run_name: SpecAdj
--------------------------------------------------
  Error processing er_1024_1_7.txt with seed 51: too many values to unpack (expected 2)
Processing instance: er_1024_1_8.txt
  Seed 1/10 (seed=42)
Initialized SpecAdj solver (GPU sparse). Results will be saved under 'SpecAdj'.
Parameters:
  instance_name: er_1024_1_8.txt
  dataset: erdos_renyi_10ins_m20
  random_seed: 42
  mode: 0
  beta: None
  alpha: 0
  use_local_search: True
  max_local_iterations: 1000
  eigsh_tol: 1e-06
  eigsh_maxiter: 1000
  run_name: SpecAdj
--------------------------------------------------
  Error processing er_1024_1_8.txt with seed 42: too many values to unpack (expected 2)
  Seed 2/10 (seed=43)
Initialized SpecAdj solver (GPU sparse). Results will be saved under 'SpecAdj'.
Parameters:
  instance_name: er_1024_1_8.txt
  dataset: erdos_renyi_10ins_m20
  random_seed: 43
  mode: 0
  beta: None
  alpha: 0
  use_local_search: True
  max_local_iterations: 1000
  eigsh_tol: 1e-06
  eigsh_maxiter: 1000
  run_name: SpecAdj
--------------------------------------------------
  Error processing er_1024_1_8.txt with seed 43: too many values to unpack (expected 2)
  Seed 3/10 (seed=44)
Initialized SpecAdj solver (GPU sparse). Results will be saved under 'SpecAdj'.
Parameters:
  instance_name: er_1024_1_8.txt
  dataset: erdos_renyi_10ins_m20
  random_seed: 44
  mode: 0
  beta: None
  alpha: 0
  use_local_search: True
  max_local_iterations: 1000
  eigsh_tol: 1e-06
  eigsh_maxiter: 1000
  run_name: SpecAdj
--------------------------------------------------
  Error processing er_1024_1_8.txt with seed 44: too many values to unpack (expected 2)
  Seed 4/10 (seed=45)
Initialized SpecAdj solver (GPU sparse). Results will be saved under 'SpecAdj'.
Parameters:
  instance_name: er_1024_1_8.txt
  dataset: erdos_renyi_10ins_m20
  random_seed: 45
  mode: 0
  beta: None
  alpha: 0
  use_local_search: True
  max_local_iterations: 1000
  eigsh_tol: 1e-06
  eigsh_maxiter: 1000
  run_name: SpecAdj
--------------------------------------------------
  Error processing er_1024_1_8.txt with seed 45: too many values to unpack (expected 2)
  Seed 5/10 (seed=46)
Initialized SpecAdj solver (GPU sparse). Results will be saved under 'SpecAdj'.
Parameters:
  instance_name: er_1024_1_8.txt
  dataset: erdos_renyi_10ins_m20
  random_seed: 46
  mode: 0
  beta: None
  alpha: 0
  use_local_search: True
  max_local_iterations: 1000
  eigsh_tol: 1e-06
  eigsh_maxiter: 1000
  run_name: SpecAdj
--------------------------------------------------
  Error processing er_1024_1_8.txt with seed 46: too many values to unpack (expected 2)
  Seed 6/10 (seed=47)
Initialized SpecAdj solver (GPU sparse). Results will be saved under 'SpecAdj'.
Parameters:
  instance_name: er_1024_1_8.txt
  dataset: erdos_renyi_10ins_m20
  random_seed: 47
  mode: 0
  beta: None
  alpha: 0
  use_local_search: True
  max_local_iterations: 1000
  eigsh_tol: 1e-06
  eigsh_maxiter: 1000
  run_name: SpecAdj
--------------------------------------------------
  Error processing er_1024_1_8.txt with seed 47: too many values to unpack (expected 2)
  Seed 7/10 (seed=48)
Initialized SpecAdj solver (GPU sparse). Results will be saved under 'SpecAdj'.
Parameters:
  instance_name: er_1024_1_8.txt
  dataset: erdos_renyi_10ins_m20
  random_seed: 48
  mode: 0
  beta: None
  alpha: 0
  use_local_search: True
  max_local_iterations: 1000
  eigsh_tol: 1e-06
  eigsh_maxiter: 1000
  run_name: SpecAdj
--------------------------------------------------
  Error processing er_1024_1_8.txt with seed 48: too many values to unpack (expected 2)
  Seed 8/10 (seed=49)
Initialized SpecAdj solver (GPU sparse). Results will be saved under 'SpecAdj'.
Parameters:
  instance_name: er_1024_1_8.txt
  dataset: erdos_renyi_10ins_m20
  random_seed: 49
  mode: 0
  beta: None
  alpha: 0
  use_local_search: True
  max_local_iterations: 1000
  eigsh_tol: 1e-06
  eigsh_maxiter: 1000
  run_name: SpecAdj
--------------------------------------------------
  Error processing er_1024_1_8.txt with seed 49: too many values to unpack (expected 2)
  Seed 9/10 (seed=50)
Initialized SpecAdj solver (GPU sparse). Results will be saved under 'SpecAdj'.
Parameters:
  instance_name: er_1024_1_8.txt
  dataset: erdos_renyi_10ins_m20
  random_seed: 50
  mode: 0
  beta: None
  alpha: 0
  use_local_search: True
  max_local_iterations: 1000
  eigsh_tol: 1e-06
  eigsh_maxiter: 1000
  run_name: SpecAdj
--------------------------------------------------
  Error processing er_1024_1_8.txt with seed 50: too many values to unpack (expected 2)
  Seed 10/10 (seed=51)
Initialized SpecAdj solver (GPU sparse). Results will be saved under 'SpecAdj'.
Parameters:
  instance_name: er_1024_1_8.txt
  dataset: erdos_renyi_10ins_m20
  random_seed: 51
  mode: 0
  beta: None
  alpha: 0
  use_local_search: True
  max_local_iterations: 1000
  eigsh_tol: 1e-06
  eigsh_maxiter: 1000
  run_name: SpecAdj
--------------------------------------------------
  Error processing er_1024_1_8.txt with seed 51: too many values to unpack (expected 2)
Processing instance: er_1024_1_9.txt
  Seed 1/10 (seed=42)
Initialized SpecAdj solver (GPU sparse). Results will be saved under 'SpecAdj'.
Parameters:
  instance_name: er_1024_1_9.txt
  dataset: erdos_renyi_10ins_m20
  random_seed: 42
  mode: 0
  beta: None
  alpha: 0
  use_local_search: True
  max_local_iterations: 1000
  eigsh_tol: 1e-06
  eigsh_maxiter: 1000
  run_name: SpecAdj
--------------------------------------------------
  Error processing er_1024_1_9.txt with seed 42: too many values to unpack (expected 2)
  Seed 2/10 (seed=43)
Initialized SpecAdj solver (GPU sparse). Results will be saved under 'SpecAdj'.
Parameters:
  instance_name: er_1024_1_9.txt
  dataset: erdos_renyi_10ins_m20
  random_seed: 43
  mode: 0
  beta: None
  alpha: 0
  use_local_search: True
  max_local_iterations: 1000
  eigsh_tol: 1e-06
  eigsh_maxiter: 1000
  run_name: SpecAdj
--------------------------------------------------
  Error processing er_1024_1_9.txt with seed 43: too many values to unpack (expected 2)
  Seed 3/10 (seed=44)
Initialized SpecAdj solver (GPU sparse). Results will be saved under 'SpecAdj'.
Parameters:
  instance_name: er_1024_1_9.txt
  dataset: erdos_renyi_10ins_m20
  random_seed: 44
  mode: 0
  beta: None
  alpha: 0
  use_local_search: True
  max_local_iterations: 1000
  eigsh_tol: 1e-06
  eigsh_maxiter: 1000
  run_name: SpecAdj
--------------------------------------------------
  Error processing er_1024_1_9.txt with seed 44: too many values to unpack (expected 2)
  Seed 4/10 (seed=45)
Initialized SpecAdj solver (GPU sparse). Results will be saved under 'SpecAdj'.
Parameters:
  instance_name: er_1024_1_9.txt
  dataset: erdos_renyi_10ins_m20
  random_seed: 45
  mode: 0
  beta: None
  alpha: 0
  use_local_search: True
  max_local_iterations: 1000
  eigsh_tol: 1e-06
  eigsh_maxiter: 1000
  run_name: SpecAdj
--------------------------------------------------
  Error processing er_1024_1_9.txt with seed 45: too many values to unpack (expected 2)
  Seed 5/10 (seed=46)
Initialized SpecAdj solver (GPU sparse). Results will be saved under 'SpecAdj'.
Parameters:
  instance_name: er_1024_1_9.txt
  dataset: erdos_renyi_10ins_m20
  random_seed: 46
  mode: 0
  beta: None
  alpha: 0
  use_local_search: True
  max_local_iterations: 1000
  eigsh_tol: 1e-06
  eigsh_maxiter: 1000
  run_name: SpecAdj
--------------------------------------------------
  Error processing er_1024_1_9.txt with seed 46: too many values to unpack (expected 2)
  Seed 6/10 (seed=47)
Initialized SpecAdj solver (GPU sparse). Results will be saved under 'SpecAdj'.
Parameters:
  instance_name: er_1024_1_9.txt
  dataset: erdos_renyi_10ins_m20
  random_seed: 47
  mode: 0
  beta: None
  alpha: 0
  use_local_search: True
  max_local_iterations: 1000
  eigsh_tol: 1e-06
  eigsh_maxiter: 1000
  run_name: SpecAdj
--------------------------------------------------
  Error processing er_1024_1_9.txt with seed 47: too many values to unpack (expected 2)
  Seed 7/10 (seed=48)
Initialized SpecAdj solver (GPU sparse). Results will be saved under 'SpecAdj'.
Parameters:
  instance_name: er_1024_1_9.txt
  dataset: erdos_renyi_10ins_m20
  random_seed: 48
  mode: 0
  beta: None
  alpha: 0
  use_local_search: True
  max_local_iterations: 1000
  eigsh_tol: 1e-06
  eigsh_maxiter: 1000
  run_name: SpecAdj
--------------------------------------------------
  Error processing er_1024_1_9.txt with seed 48: too many values to unpack (expected 2)
  Seed 8/10 (seed=49)
Initialized SpecAdj solver (GPU sparse). Results will be saved under 'SpecAdj'.
Parameters:
  instance_name: er_1024_1_9.txt
  dataset: erdos_renyi_10ins_m20
  random_seed: 49
  mode: 0
  beta: None
  alpha: 0
  use_local_search: True
  max_local_iterations: 1000
  eigsh_tol: 1e-06
  eigsh_maxiter: 1000
  run_name: SpecAdj
--------------------------------------------------
  Error processing er_1024_1_9.txt with seed 49: too many values to unpack (expected 2)
  Seed 9/10 (seed=50)
Initialized SpecAdj solver (GPU sparse). Results will be saved under 'SpecAdj'.
Parameters:
  instance_name: er_1024_1_9.txt
  dataset: erdos_renyi_10ins_m20
  random_seed: 50
  mode: 0
  beta: None
  alpha: 0
  use_local_search: True
  max_local_iterations: 1000
  eigsh_tol: 1e-06
  eigsh_maxiter: 1000
  run_name: SpecAdj
--------------------------------------------------
  Error processing er_1024_1_9.txt with seed 50: too many values to unpack (expected 2)
  Seed 10/10 (seed=51)
Initialized SpecAdj solver (GPU sparse). Results will be saved under 'SpecAdj'.
Parameters:
  instance_name: er_1024_1_9.txt
  dataset: erdos_renyi_10ins_m20
  random_seed: 51
  mode: 0
  beta: None
  alpha: 0
  use_local_search: True
  max_local_iterations: 1000
  eigsh_tol: 1e-06
  eigsh_maxiter: 1000
  run_name: SpecAdj
--------------------------------------------------
  Error processing er_1024_1_9.txt with seed 51: too many values to unpack (expected 2)
Processing instance: er_1048576_1_0.txt
  Seed 1/10 (seed=42)
Initialized SpecAdj solver (GPU sparse). Results will be saved under 'SpecAdj'.
Parameters:
  instance_name: er_1048576_1_0.txt
  dataset: erdos_renyi_10ins_m20
  random_seed: 42
  mode: 0
  beta: None
  alpha: 0
  use_local_search: True
  max_local_iterations: 1000
  eigsh_tol: 1e-06
  eigsh_maxiter: 1000
  run_name: SpecAdj
--------------------------------------------------
  Error processing er_1048576_1_0.txt with seed 42: too many values to unpack (expected 2)
  Seed 2/10 (seed=43)
Initialized SpecAdj solver (GPU sparse). Results will be saved under 'SpecAdj'.
Parameters:
  instance_name: er_1048576_1_0.txt
  dataset: erdos_renyi_10ins_m20
  random_seed: 43
  mode: 0
  beta: None
  alpha: 0
  use_local_search: True
  max_local_iterations: 1000
  eigsh_tol: 1e-06
  eigsh_maxiter: 1000
  run_name: SpecAdj
--------------------------------------------------
  Error processing er_1048576_1_0.txt with seed 43: too many values to unpack (expected 2)
  Seed 3/10 (seed=44)
Initialized SpecAdj solver (GPU sparse). Results will be saved under 'SpecAdj'.
Parameters:
  instance_name: er_1048576_1_0.txt
  dataset: erdos_renyi_10ins_m20
  random_seed: 44
  mode: 0
  beta: None
  alpha: 0
  use_local_search: True
  max_local_iterations: 1000
  eigsh_tol: 1e-06
  eigsh_maxiter: 1000
  run_name: SpecAdj
--------------------------------------------------
  Error processing er_1048576_1_0.txt with seed 44: too many values to unpack (expected 2)
  Seed 4/10 (seed=45)
Initialized SpecAdj solver (GPU sparse). Results will be saved under 'SpecAdj'.
Parameters:
  instance_name: er_1048576_1_0.txt
  dataset: erdos_renyi_10ins_m20
  random_seed: 45
  mode: 0
  beta: None
  alpha: 0
  use_local_search: True
  max_local_iterations: 1000
  eigsh_tol: 1e-06
  eigsh_maxiter: 1000
  run_name: SpecAdj
--------------------------------------------------
  Error processing er_1048576_1_0.txt with seed 45: too many values to unpack (expected 2)
  Seed 5/10 (seed=46)
Initialized SpecAdj solver (GPU sparse). Results will be saved under 'SpecAdj'.
Parameters:
  instance_name: er_1048576_1_0.txt
  dataset: erdos_renyi_10ins_m20
  random_seed: 46
  mode: 0
  beta: None
  alpha: 0
  use_local_search: True
  max_local_iterations: 1000
  eigsh_tol: 1e-06
  eigsh_maxiter: 1000
  run_name: SpecAdj
--------------------------------------------------
  Error processing er_1048576_1_0.txt with seed 46: too many values to unpack (expected 2)
  Seed 6/10 (seed=47)
Initialized SpecAdj solver (GPU sparse). Results will be saved under 'SpecAdj'.
Parameters:
  instance_name: er_1048576_1_0.txt
  dataset: erdos_renyi_10ins_m20
  random_seed: 47
  mode: 0
  beta: None
  alpha: 0
  use_local_search: True
  max_local_iterations: 1000
  eigsh_tol: 1e-06
  eigsh_maxiter: 1000
  run_name: SpecAdj
--------------------------------------------------
  Error processing er_1048576_1_0.txt with seed 47: too many values to unpack (expected 2)
  Seed 7/10 (seed=48)
Initialized SpecAdj solver (GPU sparse). Results will be saved under 'SpecAdj'.
Parameters:
  instance_name: er_1048576_1_0.txt
  dataset: erdos_renyi_10ins_m20
  random_seed: 48
  mode: 0
  beta: None
  alpha: 0
  use_local_search: True
  max_local_iterations: 1000
  eigsh_tol: 1e-06
  eigsh_maxiter: 1000
  run_name: SpecAdj
--------------------------------------------------
  Error processing er_1048576_1_0.txt with seed 48: too many values to unpack (expected 2)
  Seed 8/10 (seed=49)
Initialized SpecAdj solver (GPU sparse). Results will be saved under 'SpecAdj'.
Parameters:
  instance_name: er_1048576_1_0.txt
  dataset: erdos_renyi_10ins_m20
  random_seed: 49
  mode: 0
  beta: None
  alpha: 0
  use_local_search: True
  max_local_iterations: 1000
  eigsh_tol: 1e-06
  eigsh_maxiter: 1000
  run_name: SpecAdj
--------------------------------------------------
  Error processing er_1048576_1_0.txt with seed 49: too many values to unpack (expected 2)
  Seed 9/10 (seed=50)
Initialized SpecAdj solver (GPU sparse). Results will be saved under 'SpecAdj'.
Parameters:
  instance_name: er_1048576_1_0.txt
  dataset: erdos_renyi_10ins_m20
  random_seed: 50
  mode: 0
  beta: None
  alpha: 0
  use_local_search: True
  max_local_iterations: 1000
  eigsh_tol: 1e-06
  eigsh_maxiter: 1000
  run_name: SpecAdj
--------------------------------------------------
  Error processing er_1048576_1_0.txt with seed 50: too many values to unpack (expected 2)
  Seed 10/10 (seed=51)
Initialized SpecAdj solver (GPU sparse). Results will be saved under 'SpecAdj'.
Parameters:
  instance_name: er_1048576_1_0.txt
  dataset: erdos_renyi_10ins_m20
  random_seed: 51
  mode: 0
  beta: None
  alpha: 0
  use_local_search: True
  max_local_iterations: 1000
  eigsh_tol: 1e-06
  eigsh_maxiter: 1000
  run_name: SpecAdj
--------------------------------------------------
  Error processing er_1048576_1_0.txt with seed 51: too many values to unpack (expected 2)
Processing instance: er_1048576_1_1.txt
  Seed 1/10 (seed=42)
Initialized SpecAdj solver (GPU sparse). Results will be saved under 'SpecAdj'.
Parameters:
  instance_name: er_1048576_1_1.txt
  dataset: erdos_renyi_10ins_m20
  random_seed: 42
  mode: 0
  beta: None
  alpha: 0
  use_local_search: True
  max_local_iterations: 1000
  eigsh_tol: 1e-06
  eigsh_maxiter: 1000
  run_name: SpecAdj
--------------------------------------------------
  Error processing er_1048576_1_1.txt with seed 42: too many values to unpack (expected 2)
  Seed 2/10 (seed=43)
Initialized SpecAdj solver (GPU sparse). Results will be saved under 'SpecAdj'.
Parameters:
  instance_name: er_1048576_1_1.txt
  dataset: erdos_renyi_10ins_m20
  random_seed: 43
  mode: 0
  beta: None
  alpha: 0
  use_local_search: True
  max_local_iterations: 1000
  eigsh_tol: 1e-06
  eigsh_maxiter: 1000
  run_name: SpecAdj
--------------------------------------------------
  Error processing er_1048576_1_1.txt with seed 43: too many values to unpack (expected 2)
  Seed 3/10 (seed=44)
Initialized SpecAdj solver (GPU sparse). Results will be saved under 'SpecAdj'.
Parameters:
  instance_name: er_1048576_1_1.txt
  dataset: erdos_renyi_10ins_m20
  random_seed: 44
  mode: 0
  beta: None
  alpha: 0
  use_local_search: True
  max_local_iterations: 1000
  eigsh_tol: 1e-06
  eigsh_maxiter: 1000
  run_name: SpecAdj
--------------------------------------------------
  Error processing er_1048576_1_1.txt with seed 44: too many values to unpack (expected 2)
  Seed 4/10 (seed=45)
Initialized SpecAdj solver (GPU sparse). Results will be saved under 'SpecAdj'.
Parameters:
  instance_name: er_1048576_1_1.txt
  dataset: erdos_renyi_10ins_m20
  random_seed: 45
  mode: 0
  beta: None
  alpha: 0
  use_local_search: True
  max_local_iterations: 1000
  eigsh_tol: 1e-06
  eigsh_maxiter: 1000
  run_name: SpecAdj
--------------------------------------------------
  Error processing er_1048576_1_1.txt with seed 45: too many values to unpack (expected 2)
  Seed 5/10 (seed=46)
Initialized SpecAdj solver (GPU sparse). Results will be saved under 'SpecAdj'.
Parameters:
  instance_name: er_1048576_1_1.txt
  dataset: erdos_renyi_10ins_m20
  random_seed: 46
  mode: 0
  beta: None
  alpha: 0
  use_local_search: True
  max_local_iterations: 1000
  eigsh_tol: 1e-06
  eigsh_maxiter: 1000
  run_name: SpecAdj
--------------------------------------------------
  Error processing er_1048576_1_1.txt with seed 46: too many values to unpack (expected 2)
  Seed 6/10 (seed=47)
Initialized SpecAdj solver (GPU sparse). Results will be saved under 'SpecAdj'.
Parameters:
  instance_name: er_1048576_1_1.txt
  dataset: erdos_renyi_10ins_m20
  random_seed: 47
  mode: 0
  beta: None
  alpha: 0
  use_local_search: True
  max_local_iterations: 1000
  eigsh_tol: 1e-06
  eigsh_maxiter: 1000
  run_name: SpecAdj
--------------------------------------------------
  Error processing er_1048576_1_1.txt with seed 47: too many values to unpack (expected 2)
  Seed 7/10 (seed=48)
Initialized SpecAdj solver (GPU sparse). Results will be saved under 'SpecAdj'.
Parameters:
  instance_name: er_1048576_1_1.txt
  dataset: erdos_renyi_10ins_m20
  random_seed: 48
  mode: 0
  beta: None
  alpha: 0
  use_local_search: True
  max_local_iterations: 1000
  eigsh_tol: 1e-06
  eigsh_maxiter: 1000
  run_name: SpecAdj
--------------------------------------------------
  Error processing er_1048576_1_1.txt with seed 48: too many values to unpack (expected 2)
  Seed 8/10 (seed=49)
Initialized SpecAdj solver (GPU sparse). Results will be saved under 'SpecAdj'.
Parameters:
  instance_name: er_1048576_1_1.txt
  dataset: erdos_renyi_10ins_m20
  random_seed: 49
  mode: 0
  beta: None
  alpha: 0
  use_local_search: True
  max_local_iterations: 1000
  eigsh_tol: 1e-06
  eigsh_maxiter: 1000
  run_name: SpecAdj
--------------------------------------------------
  Error processing er_1048576_1_1.txt with seed 49: too many values to unpack (expected 2)
  Seed 9/10 (seed=50)
Initialized SpecAdj solver (GPU sparse). Results will be saved under 'SpecAdj'.
Parameters:
  instance_name: er_1048576_1_1.txt
  dataset: erdos_renyi_10ins_m20
  random_seed: 50
  mode: 0
  beta: None
  alpha: 0
  use_local_search: True
  max_local_iterations: 1000
  eigsh_tol: 1e-06
  eigsh_maxiter: 1000
  run_name: SpecAdj
--------------------------------------------------
  Error processing er_1048576_1_1.txt with seed 50: too many values to unpack (expected 2)
  Seed 10/10 (seed=51)
Initialized SpecAdj solver (GPU sparse). Results will be saved under 'SpecAdj'.
Parameters:
  instance_name: er_1048576_1_1.txt
  dataset: erdos_renyi_10ins_m20
  random_seed: 51
  mode: 0
  beta: None
  alpha: 0
  use_local_search: True
  max_local_iterations: 1000
  eigsh_tol: 1e-06
  eigsh_maxiter: 1000
  run_name: SpecAdj
--------------------------------------------------
  Error processing er_1048576_1_1.txt with seed 51: too many values to unpack (expected 2)
Processing instance: er_1048576_1_2.txt
  Seed 1/10 (seed=42)
Initialized SpecAdj solver (GPU sparse). Results will be saved under 'SpecAdj'.
Parameters:
  instance_name: er_1048576_1_2.txt
  dataset: erdos_renyi_10ins_m20
  random_seed: 42
  mode: 0
  beta: None
  alpha: 0
  use_local_search: True
  max_local_iterations: 1000
  eigsh_tol: 1e-06
  eigsh_maxiter: 1000
  run_name: SpecAdj
--------------------------------------------------
  Error processing er_1048576_1_2.txt with seed 42: too many values to unpack (expected 2)
  Seed 2/10 (seed=43)
Initialized SpecAdj solver (GPU sparse). Results will be saved under 'SpecAdj'.
Parameters:
  instance_name: er_1048576_1_2.txt
  dataset: erdos_renyi_10ins_m20
  random_seed: 43
  mode: 0
  beta: None
  alpha: 0
  use_local_search: True
  max_local_iterations: 1000
  eigsh_tol: 1e-06
  eigsh_maxiter: 1000
  run_name: SpecAdj
--------------------------------------------------
  Error processing er_1048576_1_2.txt with seed 43: too many values to unpack (expected 2)
  Seed 3/10 (seed=44)
Initialized SpecAdj solver (GPU sparse). Results will be saved under 'SpecAdj'.
Parameters:
  instance_name: er_1048576_1_2.txt
  dataset: erdos_renyi_10ins_m20
  random_seed: 44
  mode: 0
  beta: None
  alpha: 0
  use_local_search: True
  max_local_iterations: 1000
  eigsh_tol: 1e-06
  eigsh_maxiter: 1000
  run_name: SpecAdj
--------------------------------------------------
  Error processing er_1048576_1_2.txt with seed 44: too many values to unpack (expected 2)
  Seed 4/10 (seed=45)
Initialized SpecAdj solver (GPU sparse). Results will be saved under 'SpecAdj'.
Parameters:
  instance_name: er_1048576_1_2.txt
  dataset: erdos_renyi_10ins_m20
  random_seed: 45
  mode: 0
  beta: None
  alpha: 0
  use_local_search: True
  max_local_iterations: 1000
  eigsh_tol: 1e-06
  eigsh_maxiter: 1000
  run_name: SpecAdj
--------------------------------------------------
  Error processing er_1048576_1_2.txt with seed 45: too many values to unpack (expected 2)
  Seed 5/10 (seed=46)
Initialized SpecAdj solver (GPU sparse). Results will be saved under 'SpecAdj'.
Parameters:
  instance_name: er_1048576_1_2.txt
  dataset: erdos_renyi_10ins_m20
  random_seed: 46
  mode: 0
  beta: None
  alpha: 0
  use_local_search: True
  max_local_iterations: 1000
  eigsh_tol: 1e-06
  eigsh_maxiter: 1000
  run_name: SpecAdj
--------------------------------------------------
  Error processing er_1048576_1_2.txt with seed 46: too many values to unpack (expected 2)
  Seed 6/10 (seed=47)
Initialized SpecAdj solver (GPU sparse). Results will be saved under 'SpecAdj'.
Parameters:
  instance_name: er_1048576_1_2.txt
  dataset: erdos_renyi_10ins_m20
  random_seed: 47
  mode: 0
  beta: None
  alpha: 0
  use_local_search: True
  max_local_iterations: 1000
  eigsh_tol: 1e-06
  eigsh_maxiter: 1000
  run_name: SpecAdj
--------------------------------------------------
  Error processing er_1048576_1_2.txt with seed 47: too many values to unpack (expected 2)
  Seed 7/10 (seed=48)
Initialized SpecAdj solver (GPU sparse). Results will be saved under 'SpecAdj'.
Parameters:
  instance_name: er_1048576_1_2.txt
  dataset: erdos_renyi_10ins_m20
  random_seed: 48
  mode: 0
  beta: None
  alpha: 0
  use_local_search: True
  max_local_iterations: 1000
  eigsh_tol: 1e-06
  eigsh_maxiter: 1000
  run_name: SpecAdj
--------------------------------------------------
  Error processing er_1048576_1_2.txt with seed 48: too many values to unpack (expected 2)
  Seed 8/10 (seed=49)
Initialized SpecAdj solver (GPU sparse). Results will be saved under 'SpecAdj'.
Parameters:
  instance_name: er_1048576_1_2.txt
  dataset: erdos_renyi_10ins_m20
  random_seed: 49
  mode: 0
  beta: None
  alpha: 0
  use_local_search: True
  max_local_iterations: 1000
  eigsh_tol: 1e-06
  eigsh_maxiter: 1000
  run_name: SpecAdj
--------------------------------------------------
  Error processing er_1048576_1_2.txt with seed 49: too many values to unpack (expected 2)
  Seed 9/10 (seed=50)
Initialized SpecAdj solver (GPU sparse). Results will be saved under 'SpecAdj'.
Parameters:
  instance_name: er_1048576_1_2.txt
  dataset: erdos_renyi_10ins_m20
  random_seed: 50
  mode: 0
  beta: None
  alpha: 0
  use_local_search: True
  max_local_iterations: 1000
  eigsh_tol: 1e-06
  eigsh_maxiter: 1000
  run_name: SpecAdj
--------------------------------------------------
  Error processing er_1048576_1_2.txt with seed 50: too many values to unpack (expected 2)
  Seed 10/10 (seed=51)
Initialized SpecAdj solver (GPU sparse). Results will be saved under 'SpecAdj'.
Parameters:
  instance_name: er_1048576_1_2.txt
  dataset: erdos_renyi_10ins_m20
  random_seed: 51
  mode: 0
  beta: None
  alpha: 0
  use_local_search: True
  max_local_iterations: 1000
  eigsh_tol: 1e-06
  eigsh_maxiter: 1000
  run_name: SpecAdj
--------------------------------------------------
  Error processing er_1048576_1_2.txt with seed 51: too many values to unpack (expected 2)
Processing instance: er_1048576_1_3.txt
  Seed 1/10 (seed=42)
Initialized SpecAdj solver (GPU sparse). Results will be saved under 'SpecAdj'.
Parameters:
  instance_name: er_1048576_1_3.txt
  dataset: erdos_renyi_10ins_m20
  random_seed: 42
  mode: 0
  beta: None
  alpha: 0
  use_local_search: True
  max_local_iterations: 1000
  eigsh_tol: 1e-06
  eigsh_maxiter: 1000
  run_name: SpecAdj
--------------------------------------------------
  Error processing er_1048576_1_3.txt with seed 42: too many values to unpack (expected 2)
  Seed 2/10 (seed=43)
Initialized SpecAdj solver (GPU sparse). Results will be saved under 'SpecAdj'.
Parameters:
  instance_name: er_1048576_1_3.txt
  dataset: erdos_renyi_10ins_m20
  random_seed: 43
  mode: 0
  beta: None
  alpha: 0
  use_local_search: True
  max_local_iterations: 1000
  eigsh_tol: 1e-06
  eigsh_maxiter: 1000
  run_name: SpecAdj
--------------------------------------------------
  Error processing er_1048576_1_3.txt with seed 43: too many values to unpack (expected 2)
  Seed 3/10 (seed=44)
Initialized SpecAdj solver (GPU sparse). Results will be saved under 'SpecAdj'.
Parameters:
  instance_name: er_1048576_1_3.txt
  dataset: erdos_renyi_10ins_m20
  random_seed: 44
  mode: 0
  beta: None
  alpha: 0
  use_local_search: True
  max_local_iterations: 1000
  eigsh_tol: 1e-06
  eigsh_maxiter: 1000
  run_name: SpecAdj
--------------------------------------------------
  Error processing er_1048576_1_3.txt with seed 44: too many values to unpack (expected 2)
  Seed 4/10 (seed=45)
Initialized SpecAdj solver (GPU sparse). Results will be saved under 'SpecAdj'.
Parameters:
  instance_name: er_1048576_1_3.txt
  dataset: erdos_renyi_10ins_m20
  random_seed: 45
  mode: 0
  beta: None
  alpha: 0
  use_local_search: True
  max_local_iterations: 1000
  eigsh_tol: 1e-06
  eigsh_maxiter: 1000
  run_name: SpecAdj
--------------------------------------------------
  Error processing er_1048576_1_3.txt with seed 45: too many values to unpack (expected 2)
  Seed 5/10 (seed=46)
Initialized SpecAdj solver (GPU sparse). Results will be saved under 'SpecAdj'.
Parameters:
  instance_name: er_1048576_1_3.txt
  dataset: erdos_renyi_10ins_m20
  random_seed: 46
  mode: 0
  beta: None
  alpha: 0
  use_local_search: True
  max_local_iterations: 1000
  eigsh_tol: 1e-06
  eigsh_maxiter: 1000
  run_name: SpecAdj
--------------------------------------------------
  Error processing er_1048576_1_3.txt with seed 46: too many values to unpack (expected 2)
  Seed 6/10 (seed=47)
Initialized SpecAdj solver (GPU sparse). Results will be saved under 'SpecAdj'.
Parameters:
  instance_name: er_1048576_1_3.txt
  dataset: erdos_renyi_10ins_m20
  random_seed: 47
  mode: 0
  beta: None
  alpha: 0
  use_local_search: True
  max_local_iterations: 1000
  eigsh_tol: 1e-06
  eigsh_maxiter: 1000
  run_name: SpecAdj
--------------------------------------------------
  Error processing er_1048576_1_3.txt with seed 47: too many values to unpack (expected 2)
  Seed 7/10 (seed=48)
Initialized SpecAdj solver (GPU sparse). Results will be saved under 'SpecAdj'.
Parameters:
  instance_name: er_1048576_1_3.txt
  dataset: erdos_renyi_10ins_m20
  random_seed: 48
  mode: 0
  beta: None
  alpha: 0
  use_local_search: True
  max_local_iterations: 1000
  eigsh_tol: 1e-06
  eigsh_maxiter: 1000
  run_name: SpecAdj
--------------------------------------------------
  Error processing er_1048576_1_3.txt with seed 48: too many values to unpack (expected 2)
  Seed 8/10 (seed=49)
Initialized SpecAdj solver (GPU sparse). Results will be saved under 'SpecAdj'.
Parameters:
  instance_name: er_1048576_1_3.txt
  dataset: erdos_renyi_10ins_m20
  random_seed: 49
  mode: 0
  beta: None
  alpha: 0
  use_local_search: True
  max_local_iterations: 1000
  eigsh_tol: 1e-06
  eigsh_maxiter: 1000
  run_name: SpecAdj
--------------------------------------------------
  Error processing er_1048576_1_3.txt with seed 49: too many values to unpack (expected 2)
  Seed 9/10 (seed=50)
Initialized SpecAdj solver (GPU sparse). Results will be saved under 'SpecAdj'.
Parameters:
  instance_name: er_1048576_1_3.txt
  dataset: erdos_renyi_10ins_m20
  random_seed: 50
  mode: 0
  beta: None
  alpha: 0
  use_local_search: True
  max_local_iterations: 1000
  eigsh_tol: 1e-06
  eigsh_maxiter: 1000
  run_name: SpecAdj
--------------------------------------------------
  Error processing er_1048576_1_3.txt with seed 50: too many values to unpack (expected 2)
  Seed 10/10 (seed=51)
Initialized SpecAdj solver (GPU sparse). Results will be saved under 'SpecAdj'.
Parameters:
  instance_name: er_1048576_1_3.txt
  dataset: erdos_renyi_10ins_m20
  random_seed: 51
  mode: 0
  beta: None
  alpha: 0
  use_local_search: True
  max_local_iterations: 1000
  eigsh_tol: 1e-06
  eigsh_maxiter: 1000
  run_name: SpecAdj
--------------------------------------------------
  Error processing er_1048576_1_3.txt with seed 51: too many values to unpack (expected 2)
Processing instance: er_1048576_1_4.txt
  Seed 1/10 (seed=42)
Initialized SpecAdj solver (GPU sparse). Results will be saved under 'SpecAdj'.
Parameters:
  instance_name: er_1048576_1_4.txt
  dataset: erdos_renyi_10ins_m20
  random_seed: 42
  mode: 0
  beta: None
  alpha: 0
  use_local_search: True
  max_local_iterations: 1000
  eigsh_tol: 1e-06
  eigsh_maxiter: 1000
  run_name: SpecAdj
--------------------------------------------------
  Error processing er_1048576_1_4.txt with seed 42: too many values to unpack (expected 2)
  Seed 2/10 (seed=43)
Initialized SpecAdj solver (GPU sparse). Results will be saved under 'SpecAdj'.
Parameters:
  instance_name: er_1048576_1_4.txt
  dataset: erdos_renyi_10ins_m20
  random_seed: 43
  mode: 0
  beta: None
  alpha: 0
  use_local_search: True
  max_local_iterations: 1000
  eigsh_tol: 1e-06
  eigsh_maxiter: 1000
  run_name: SpecAdj
--------------------------------------------------
  Error processing er_1048576_1_4.txt with seed 43: too many values to unpack (expected 2)
  Seed 3/10 (seed=44)
Initialized SpecAdj solver (GPU sparse). Results will be saved under 'SpecAdj'.
Parameters:
  instance_name: er_1048576_1_4.txt
  dataset: erdos_renyi_10ins_m20
  random_seed: 44
  mode: 0
  beta: None
  alpha: 0
  use_local_search: True
  max_local_iterations: 1000
  eigsh_tol: 1e-06
  eigsh_maxiter: 1000
  run_name: SpecAdj
--------------------------------------------------
  Error processing er_1048576_1_4.txt with seed 44: too many values to unpack (expected 2)
  Seed 4/10 (seed=45)
Initialized SpecAdj solver (GPU sparse). Results will be saved under 'SpecAdj'.
Parameters:
  instance_name: er_1048576_1_4.txt
  dataset: erdos_renyi_10ins_m20
  random_seed: 45
  mode: 0
  beta: None
  alpha: 0
  use_local_search: True
  max_local_iterations: 1000
  eigsh_tol: 1e-06
  eigsh_maxiter: 1000
  run_name: SpecAdj
--------------------------------------------------
  Error processing er_1048576_1_4.txt with seed 45: too many values to unpack (expected 2)
  Seed 5/10 (seed=46)
Initialized SpecAdj solver (GPU sparse). Results will be saved under 'SpecAdj'.
Parameters:
  instance_name: er_1048576_1_4.txt
  dataset: erdos_renyi_10ins_m20
  random_seed: 46
  mode: 0
  beta: None
  alpha: 0
  use_local_search: True
  max_local_iterations: 1000
  eigsh_tol: 1e-06
  eigsh_maxiter: 1000
  run_name: SpecAdj
--------------------------------------------------
  Error processing er_1048576_1_4.txt with seed 46: too many values to unpack (expected 2)
  Seed 6/10 (seed=47)
Initialized SpecAdj solver (GPU sparse). Results will be saved under 'SpecAdj'.
Parameters:
  instance_name: er_1048576_1_4.txt
  dataset: erdos_renyi_10ins_m20
  random_seed: 47
  mode: 0
  beta: None
  alpha: 0
  use_local_search: True
  max_local_iterations: 1000
  eigsh_tol: 1e-06
  eigsh_maxiter: 1000
  run_name: SpecAdj
--------------------------------------------------
  Error processing er_1048576_1_4.txt with seed 47: too many values to unpack (expected 2)
  Seed 7/10 (seed=48)
Initialized SpecAdj solver (GPU sparse). Results will be saved under 'SpecAdj'.
Parameters:
  instance_name: er_1048576_1_4.txt
  dataset: erdos_renyi_10ins_m20
  random_seed: 48
  mode: 0
  beta: None
  alpha: 0
  use_local_search: True
  max_local_iterations: 1000
  eigsh_tol: 1e-06
  eigsh_maxiter: 1000
  run_name: SpecAdj
--------------------------------------------------
  Error processing er_1048576_1_4.txt with seed 48: too many values to unpack (expected 2)
  Seed 8/10 (seed=49)
Initialized SpecAdj solver (GPU sparse). Results will be saved under 'SpecAdj'.
Parameters:
  instance_name: er_1048576_1_4.txt
  dataset: erdos_renyi_10ins_m20
  random_seed: 49
  mode: 0
  beta: None
  alpha: 0
  use_local_search: True
  max_local_iterations: 1000
  eigsh_tol: 1e-06
  eigsh_maxiter: 1000
  run_name: SpecAdj
--------------------------------------------------
  Error processing er_1048576_1_4.txt with seed 49: too many values to unpack (expected 2)
  Seed 9/10 (seed=50)
Initialized SpecAdj solver (GPU sparse). Results will be saved under 'SpecAdj'.
Parameters:
  instance_name: er_1048576_1_4.txt
  dataset: erdos_renyi_10ins_m20
  random_seed: 50
  mode: 0
  beta: None
  alpha: 0
  use_local_search: True
  max_local_iterations: 1000
  eigsh_tol: 1e-06
  eigsh_maxiter: 1000
  run_name: SpecAdj
--------------------------------------------------
  Error processing er_1048576_1_4.txt with seed 50: too many values to unpack (expected 2)
  Seed 10/10 (seed=51)
Initialized SpecAdj solver (GPU sparse). Results will be saved under 'SpecAdj'.
Parameters:
  instance_name: er_1048576_1_4.txt
  dataset: erdos_renyi_10ins_m20
  random_seed: 51
  mode: 0
  beta: None
  alpha: 0
  use_local_search: True
  max_local_iterations: 1000
  eigsh_tol: 1e-06
  eigsh_maxiter: 1000
  run_name: SpecAdj
--------------------------------------------------
  Error processing er_1048576_1_4.txt with seed 51: too many values to unpack (expected 2)
Processing instance: er_1048576_1_5.txt
  Seed 1/10 (seed=42)
Initialized SpecAdj solver (GPU sparse). Results will be saved under 'SpecAdj'.
Parameters:
  instance_name: er_1048576_1_5.txt
  dataset: erdos_renyi_10ins_m20
  random_seed: 42
  mode: 0
  beta: None
  alpha: 0
  use_local_search: True
  max_local_iterations: 1000
  eigsh_tol: 1e-06
  eigsh_maxiter: 1000
  run_name: SpecAdj
--------------------------------------------------
  Error processing er_1048576_1_5.txt with seed 42: too many values to unpack (expected 2)
  Seed 2/10 (seed=43)
Initialized SpecAdj solver (GPU sparse). Results will be saved under 'SpecAdj'.
Parameters:
  instance_name: er_1048576_1_5.txt
  dataset: erdos_renyi_10ins_m20
  random_seed: 43
  mode: 0
  beta: None
  alpha: 0
  use_local_search: True
  max_local_iterations: 1000
  eigsh_tol: 1e-06
  eigsh_maxiter: 1000
  run_name: SpecAdj
--------------------------------------------------
  Error processing er_1048576_1_5.txt with seed 43: too many values to unpack (expected 2)
  Seed 3/10 (seed=44)
Initialized SpecAdj solver (GPU sparse). Results will be saved under 'SpecAdj'.
Parameters:
  instance_name: er_1048576_1_5.txt
  dataset: erdos_renyi_10ins_m20
  random_seed: 44
  mode: 0
  beta: None
  alpha: 0
  use_local_search: True
  max_local_iterations: 1000
  eigsh_tol: 1e-06
  eigsh_maxiter: 1000
  run_name: SpecAdj
--------------------------------------------------
  Error processing er_1048576_1_5.txt with seed 44: too many values to unpack (expected 2)
  Seed 4/10 (seed=45)
Initialized SpecAdj solver (GPU sparse). Results will be saved under 'SpecAdj'.
Parameters:
  instance_name: er_1048576_1_5.txt
  dataset: erdos_renyi_10ins_m20
  random_seed: 45
  mode: 0
  beta: None
  alpha: 0
  use_local_search: True
  max_local_iterations: 1000
  eigsh_tol: 1e-06
  eigsh_maxiter: 1000
  run_name: SpecAdj
--------------------------------------------------
  Error processing er_1048576_1_5.txt with seed 45: too many values to unpack (expected 2)
  Seed 5/10 (seed=46)
Initialized SpecAdj solver (GPU sparse). Results will be saved under 'SpecAdj'.
Parameters:
  instance_name: er_1048576_1_5.txt
  dataset: erdos_renyi_10ins_m20
  random_seed: 46
  mode: 0
  beta: None
  alpha: 0
  use_local_search: True
  max_local_iterations: 1000
  eigsh_tol: 1e-06
  eigsh_maxiter: 1000
  run_name: SpecAdj
--------------------------------------------------
  Error processing er_1048576_1_5.txt with seed 46: too many values to unpack (expected 2)
  Seed 6/10 (seed=47)
Initialized SpecAdj solver (GPU sparse). Results will be saved under 'SpecAdj'.
Parameters:
  instance_name: er_1048576_1_5.txt
  dataset: erdos_renyi_10ins_m20
  random_seed: 47
  mode: 0
  beta: None
  alpha: 0
  use_local_search: True
  max_local_iterations: 1000
  eigsh_tol: 1e-06
  eigsh_maxiter: 1000
  run_name: SpecAdj
--------------------------------------------------
  Error processing er_1048576_1_5.txt with seed 47: too many values to unpack (expected 2)
  Seed 7/10 (seed=48)
Initialized SpecAdj solver (GPU sparse). Results will be saved under 'SpecAdj'.
Parameters:
  instance_name: er_1048576_1_5.txt
  dataset: erdos_renyi_10ins_m20
  random_seed: 48
  mode: 0
  beta: None
  alpha: 0
  use_local_search: True
  max_local_iterations: 1000
  eigsh_tol: 1e-06
  eigsh_maxiter: 1000
  run_name: SpecAdj
--------------------------------------------------
  Error processing er_1048576_1_5.txt with seed 48: too many values to unpack (expected 2)
  Seed 8/10 (seed=49)
Initialized SpecAdj solver (GPU sparse). Results will be saved under 'SpecAdj'.
Parameters:
  instance_name: er_1048576_1_5.txt
  dataset: erdos_renyi_10ins_m20
  random_seed: 49
  mode: 0
  beta: None
  alpha: 0
  use_local_search: True
  max_local_iterations: 1000
  eigsh_tol: 1e-06
  eigsh_maxiter: 1000
  run_name: SpecAdj
--------------------------------------------------
  Error processing er_1048576_1_5.txt with seed 49: too many values to unpack (expected 2)
  Seed 9/10 (seed=50)
Initialized SpecAdj solver (GPU sparse). Results will be saved under 'SpecAdj'.
Parameters:
  instance_name: er_1048576_1_5.txt
  dataset: erdos_renyi_10ins_m20
  random_seed: 50
  mode: 0
  beta: None
  alpha: 0
  use_local_search: True
  max_local_iterations: 1000
  eigsh_tol: 1e-06
  eigsh_maxiter: 1000
  run_name: SpecAdj
--------------------------------------------------
  Error processing er_1048576_1_5.txt with seed 50: too many values to unpack (expected 2)
  Seed 10/10 (seed=51)
Initialized SpecAdj solver (GPU sparse). Results will be saved under 'SpecAdj'.
Parameters:
  instance_name: er_1048576_1_5.txt
  dataset: erdos_renyi_10ins_m20
  random_seed: 51
  mode: 0
  beta: None
  alpha: 0
  use_local_search: True
  max_local_iterations: 1000
  eigsh_tol: 1e-06
  eigsh_maxiter: 1000
  run_name: SpecAdj
--------------------------------------------------
  Error processing er_1048576_1_5.txt with seed 51: too many values to unpack (expected 2)
Processing instance: er_1048576_1_6.txt
  Seed 1/10 (seed=42)
Initialized SpecAdj solver (GPU sparse). Results will be saved under 'SpecAdj'.
Parameters:
  instance_name: er_1048576_1_6.txt
  dataset: erdos_renyi_10ins_m20
  random_seed: 42
  mode: 0
  beta: None
  alpha: 0
  use_local_search: True
  max_local_iterations: 1000
  eigsh_tol: 1e-06
  eigsh_maxiter: 1000
  run_name: SpecAdj
--------------------------------------------------
  Error processing er_1048576_1_6.txt with seed 42: too many values to unpack (expected 2)
  Seed 2/10 (seed=43)
Initialized SpecAdj solver (GPU sparse). Results will be saved under 'SpecAdj'.
Parameters:
  instance_name: er_1048576_1_6.txt
  dataset: erdos_renyi_10ins_m20
  random_seed: 43
  mode: 0
  beta: None
  alpha: 0
  use_local_search: True
  max_local_iterations: 1000
  eigsh_tol: 1e-06
  eigsh_maxiter: 1000
  run_name: SpecAdj
--------------------------------------------------
  Error processing er_1048576_1_6.txt with seed 43: too many values to unpack (expected 2)
  Seed 3/10 (seed=44)
Initialized SpecAdj solver (GPU sparse). Results will be saved under 'SpecAdj'.
Parameters:
  instance_name: er_1048576_1_6.txt
  dataset: erdos_renyi_10ins_m20
  random_seed: 44
  mode: 0
  beta: None
  alpha: 0
  use_local_search: True
  max_local_iterations: 1000
  eigsh_tol: 1e-06
  eigsh_maxiter: 1000
  run_name: SpecAdj
--------------------------------------------------
  Error processing er_1048576_1_6.txt with seed 44: too many values to unpack (expected 2)
  Seed 4/10 (seed=45)
Initialized SpecAdj solver (GPU sparse). Results will be saved under 'SpecAdj'.
Parameters:
  instance_name: er_1048576_1_6.txt
  dataset: erdos_renyi_10ins_m20
  random_seed: 45
  mode: 0
  beta: None
  alpha: 0
  use_local_search: True
  max_local_iterations: 1000
  eigsh_tol: 1e-06
  eigsh_maxiter: 1000
  run_name: SpecAdj
--------------------------------------------------
  Error processing er_1048576_1_6.txt with seed 45: too many values to unpack (expected 2)
  Seed 5/10 (seed=46)
Initialized SpecAdj solver (GPU sparse). Results will be saved under 'SpecAdj'.
Parameters:
  instance_name: er_1048576_1_6.txt
  dataset: erdos_renyi_10ins_m20
  random_seed: 46
  mode: 0
  beta: None
  alpha: 0
  use_local_search: True
  max_local_iterations: 1000
  eigsh_tol: 1e-06
  eigsh_maxiter: 1000
  run_name: SpecAdj
--------------------------------------------------
  Error processing er_1048576_1_6.txt with seed 46: too many values to unpack (expected 2)
  Seed 6/10 (seed=47)
Initialized SpecAdj solver (GPU sparse). Results will be saved under 'SpecAdj'.
Parameters:
  instance_name: er_1048576_1_6.txt
  dataset: erdos_renyi_10ins_m20
  random_seed: 47
  mode: 0
  beta: None
  alpha: 0
  use_local_search: True
  max_local_iterations: 1000
  eigsh_tol: 1e-06
  eigsh_maxiter: 1000
  run_name: SpecAdj
--------------------------------------------------
  Error processing er_1048576_1_6.txt with seed 47: too many values to unpack (expected 2)
  Seed 7/10 (seed=48)
Initialized SpecAdj solver (GPU sparse). Results will be saved under 'SpecAdj'.
Parameters:
  instance_name: er_1048576_1_6.txt
  dataset: erdos_renyi_10ins_m20
  random_seed: 48
  mode: 0
  beta: None
  alpha: 0
  use_local_search: True