Running solver: SpecAnn
Dataset: erdos_renyi
[GENERAL] Dataset: erdos_renyi, -----------------------------------------------------------
Running: SpecAnn
Solver: spectral_annealing
Dataset: erdos_renyi
==================================================
Processing instance: er_2097152_1_0.bin.gz
  Seed 1/10 (seed=42)
Initialized SpecAnn solver (GPU sparse). Results will be saved under 'SpecAnn'.
Parameters:
  instance_name: er_2097152_1_0.bin.gz
  dataset: erdos_renyi
  random_seed: 42
  mode: 0
  beta: None
  alpha: None
  use_local_search: True
  max_local_iterations: 1000
  eigsh_tol: 1e-06
  eigsh_maxiter: 1000
  eigsh_ncv: None
  disable_warm_start: False
  precision: 32 bits (<class 'numpy.float32'>)
  run_name: SpecAnn
--------------------------------------------------
Applying local search to 128 unique solutions (out of 128 total)
General results saved to: results/erdos_renyi/SpecAnn/er_2097152_1_0.bin.gz.csv
Alpha results saved to: results/erdos_renyi/SpecAnn/alphas/er_2097152_1_0.bin.gz_alphas.csv (128 alpha values)
  Seed 2/10 (seed=43)
Initialized SpecAnn solver (GPU sparse). Results will be saved under 'SpecAnn'.
Parameters:
  instance_name: er_2097152_1_0.bin.gz
  dataset: erdos_renyi
  random_seed: 43
  mode: 0
  beta: None
  alpha: None
  use_local_search: True
  max_local_iterations: 1000
  eigsh_tol: 1e-06
  eigsh_maxiter: 1000
  eigsh_ncv: None
  disable_warm_start: False
  precision: 32 bits (<class 'numpy.float32'>)
  run_name: SpecAnn
--------------------------------------------------
Applying local search to 128 unique solutions (out of 128 total)
General results saved to: results/erdos_renyi/SpecAnn/er_2097152_1_0.bin.gz.csv
Alpha results saved to: results/erdos_renyi/SpecAnn/alphas/er_2097152_1_0.bin.gz_alphas.csv (128 alpha values)
  Seed 3/10 (seed=44)
Initialized SpecAnn solver (GPU sparse). Results will be saved under 'SpecAnn'.
Parameters:
  instance_name: er_2097152_1_0.bin.gz
  dataset: erdos_renyi
  random_seed: 44
  mode: 0
  beta: None
  alpha: None
  use_local_search: True
  max_local_iterations: 1000
  eigsh_tol: 1e-06
  eigsh_maxiter: 1000
  eigsh_ncv: None
  disable_warm_start: False
  precision: 32 bits (<class 'numpy.float32'>)
  run_name: SpecAnn
--------------------------------------------------
Applying local search to 128 unique solutions (out of 128 total)
General results saved to: results/erdos_renyi/SpecAnn/er_2097152_1_0.bin.gz.csv
Alpha results saved to: results/erdos_renyi/SpecAnn/alphas/er_2097152_1_0.bin.gz_alphas.csv (128 alpha values)
  Seed 4/10 (seed=45)
Initialized SpecAnn solver (GPU sparse). Results will be saved under 'SpecAnn'.
Parameters:
  instance_name: er_2097152_1_0.bin.gz
  dataset: erdos_renyi
  random_seed: 45
  mode: 0
  beta: None
  alpha: None
  use_local_search: True
  max_local_iterations: 1000
  eigsh_tol: 1e-06
  eigsh_maxiter: 1000
  eigsh_ncv: None
  disable_warm_start: False
  precision: 32 bits (<class 'numpy.float32'>)
  run_name: SpecAnn
--------------------------------------------------
Applying local search to 128 unique solutions (out of 128 total)
General results saved to: results/erdos_renyi/SpecAnn/er_2097152_1_0.bin.gz.csv
Alpha results saved to: results/erdos_renyi/SpecAnn/alphas/er_2097152_1_0.bin.gz_alphas.csv (128 alpha values)
  Seed 5/10 (seed=46)
Initialized SpecAnn solver (GPU sparse). Results will be saved under 'SpecAnn'.
Parameters:
  instance_name: er_2097152_1_0.bin.gz
  dataset: erdos_renyi
  random_seed: 46
  mode: 0
  beta: None
  alpha: None
  use_local_search: True
  max_local_iterations: 1000
  eigsh_tol: 1e-06
  eigsh_maxiter: 1000
  eigsh_ncv: None
  disable_warm_start: False
  precision: 32 bits (<class 'numpy.float32'>)
  run_name: SpecAnn
--------------------------------------------------
Applying local search to 128 unique solutions (out of 128 total)
General results saved to: results/erdos_renyi/SpecAnn/er_2097152_1_0.bin.gz.csv
Alpha results saved to: results/erdos_renyi/SpecAnn/alphas/er_2097152_1_0.bin.gz_alphas.csv (128 alpha values)
  Seed 6/10 (seed=47)
Initialized SpecAnn solver (GPU sparse). Results will be saved under 'SpecAnn'.
Parameters:
  instance_name: er_2097152_1_0.bin.gz
  dataset: erdos_renyi
  random_seed: 47
  mode: 0
  beta: None
  alpha: None
  use_local_search: True
  max_local_iterations: 1000
  eigsh_tol: 1e-06
  eigsh_maxiter: 1000
  eigsh_ncv: None
  disable_warm_start: False
  precision: 32 bits (<class 'numpy.float32'>)
  run_name: SpecAnn
--------------------------------------------------
Applying local search to 128 unique solutions (out of 128 total)
General results saved to: results/erdos_renyi/SpecAnn/er_2097152_1_0.bin.gz.csv
Alpha results saved to: results/erdos_renyi/SpecAnn/alphas/er_2097152_1_0.bin.gz_alphas.csv (128 alpha values)
  Seed 7/10 (seed=48)
Initialized SpecAnn solver (GPU sparse). Results will be saved under 'SpecAnn'.
Parameters:
  instance_name: er_2097152_1_0.bin.gz
  dataset: erdos_renyi
  random_seed: 48
  mode: 0
  beta: None
  alpha: None
  use_local_search: True
  max_local_iterations: 1000
  eigsh_tol: 1e-06
  eigsh_maxiter: 1000
  eigsh_ncv: None
  disable_warm_start: False
  precision: 32 bits (<class 'numpy.float32'>)
  run_name: SpecAnn
--------------------------------------------------
Applying local search to 128 unique solutions (out of 128 total)
General results saved to: results/erdos_renyi/SpecAnn/er_2097152_1_0.bin.gz.csv
Alpha results saved to: results/erdos_renyi/SpecAnn/alphas/er_2097152_1_0.bin.gz_alphas.csv (128 alpha values)
  Seed 8/10 (seed=49)
Initialized SpecAnn solver (GPU sparse). Results will be saved under 'SpecAnn'.
Parameters:
  instance_name: er_2097152_1_0.bin.gz
  dataset: erdos_renyi
  random_seed: 49
  mode: 0
  beta: None
  alpha: None
  use_local_search: True
  max_local_iterations: 1000
  eigsh_tol: 1e-06
  eigsh_maxiter: 1000
  eigsh_ncv: None
  disable_warm_start: False
  precision: 32 bits (<class 'numpy.float32'>)
  run_name: SpecAnn
--------------------------------------------------
Applying local search to 128 unique solutions (out of 128 total)
General results saved to: results/erdos_renyi/SpecAnn/er_2097152_1_0.bin.gz.csv
Alpha results saved to: results/erdos_renyi/SpecAnn/alphas/er_2097152_1_0.bin.gz_alphas.csv (128 alpha values)
  Seed 9/10 (seed=50)
Initialized SpecAnn solver (GPU sparse). Results will be saved under 'SpecAnn'.
Parameters:
  instance_name: er_2097152_1_0.bin.gz
  dataset: erdos_renyi
  random_seed: 50
  mode: 0
  beta: None
  alpha: None
  use_local_search: True
  max_local_iterations: 1000
  eigsh_tol: 1e-06
  eigsh_maxiter: 1000
  eigsh_ncv: None
  disable_warm_start: False
  precision: 32 bits (<class 'numpy.float32'>)
  run_name: SpecAnn
--------------------------------------------------
Applying local search to 128 unique solutions (out of 128 total)
General results saved to: results/erdos_renyi/SpecAnn/er_2097152_1_0.bin.gz.csv
Alpha results saved to: results/erdos_renyi/SpecAnn/alphas/er_2097152_1_0.bin.gz_alphas.csv (128 alpha values)
  Seed 10/10 (seed=51)
Initialized SpecAnn solver (GPU sparse). Results will be saved under 'SpecAnn'.
Parameters:
  instance_name: er_2097152_1_0.bin.gz
  dataset: erdos_renyi
  random_seed: 51
  mode: 0
  beta: None
  alpha: None
  use_local_search: True
  max_local_iterations: 1000
  eigsh_tol: 1e-06
  eigsh_maxiter: 1000
  eigsh_ncv: None
  disable_warm_start: False
  precision: 32 bits (<class 'numpy.float32'>)
  run_name: SpecAnn
--------------------------------------------------
Applying local search to 128 unique solutions (out of 128 total)
General results saved to: results/erdos_renyi/SpecAnn/er_2097152_1_0.bin.gz.csv
Alpha results saved to: results/erdos_renyi/SpecAnn/alphas/er_2097152_1_0.bin.gz_alphas.csv (128 alpha values)
Processing instance: er_2097152_1_1.bin.gz
  Seed 1/10 (seed=42)
Initialized SpecAnn solver (GPU sparse). Results will be saved under 'SpecAnn'.
Parameters:
  instance_name: er_2097152_1_1.bin.gz
  dataset: erdos_renyi
  random_seed: 42
  mode: 0
  beta: None
  alpha: None
  use_local_search: True
  max_local_iterations: 1000
  eigsh_tol: 1e-06
  eigsh_maxiter: 1000
  eigsh_ncv: None
  disable_warm_start: False
  precision: 32 bits (<class 'numpy.float32'>)
  run_name: SpecAnn
--------------------------------------------------
Applying local search to 128 unique solutions (out of 128 total)
General results saved to: results/erdos_renyi/SpecAnn/er_2097152_1_1.bin.gz.csv
Alpha results saved to: results/erdos_renyi/SpecAnn/alphas/er_2097152_1_1.bin.gz_alphas.csv (128 alpha values)
  Seed 2/10 (seed=43)
Initialized SpecAnn solver (GPU sparse). Results will be saved under 'SpecAnn'.
Parameters:
  instance_name: er_2097152_1_1.bin.gz
  dataset: erdos_renyi
  random_seed: 43
  mode: 0
  beta: None
  alpha: None
  use_local_search: True
  max_local_iterations: 1000
  eigsh_tol: 1e-06
  eigsh_maxiter: 1000
  eigsh_ncv: None
  disable_warm_start: False
  precision: 32 bits (<class 'numpy.float32'>)
  run_name: SpecAnn
--------------------------------------------------
Applying local search to 128 unique solutions (out of 128 total)
General results saved to: results/erdos_renyi/SpecAnn/er_2097152_1_1.bin.gz.csv
Alpha results saved to: results/erdos_renyi/SpecAnn/alphas/er_2097152_1_1.bin.gz_alphas.csv (128 alpha values)
  Seed 3/10 (seed=44)
Initialized SpecAnn solver (GPU sparse). Results will be saved under 'SpecAnn'.
Parameters:
  instance_name: er_2097152_1_1.bin.gz
  dataset: erdos_renyi
  random_seed: 44
  mode: 0
  beta: None
  alpha: None
  use_local_search: True
  max_local_iterations: 1000
  eigsh_tol: 1e-06
  eigsh_maxiter: 1000
  eigsh_ncv: None
  disable_warm_start: False
  precision: 32 bits (<class 'numpy.float32'>)
  run_name: SpecAnn
--------------------------------------------------
Applying local search to 128 unique solutions (out of 128 total)
General results saved to: results/erdos_renyi/SpecAnn/er_2097152_1_1.bin.gz.csv
Alpha results saved to: results/erdos_renyi/SpecAnn/alphas/er_2097152_1_1.bin.gz_alphas.csv (128 alpha values)
  Seed 4/10 (seed=45)
Initialized SpecAnn solver (GPU sparse). Results will be saved under 'SpecAnn'.
Parameters:
  instance_name: er_2097152_1_1.bin.gz
  dataset: erdos_renyi
  random_seed: 45
  mode: 0
  beta: None
  alpha: None
  use_local_search: True
  max_local_iterations: 1000
  eigsh_tol: 1e-06
  eigsh_maxiter: 1000
  eigsh_ncv: None
  disable_warm_start: False
  precision: 32 bits (<class 'numpy.float32'>)
  run_name: SpecAnn
--------------------------------------------------
Applying local search to 128 unique solutions (out of 128 total)
General results saved to: results/erdos_renyi/SpecAnn/er_2097152_1_1.bin.gz.csv
Alpha results saved to: results/erdos_renyi/SpecAnn/alphas/er_2097152_1_1.bin.gz_alphas.csv (128 alpha values)
  Seed 5/10 (seed=46)
Initialized SpecAnn solver (GPU sparse). Results will be saved under 'SpecAnn'.
Parameters:
  instance_name: er_2097152_1_1.bin.gz
  dataset: erdos_renyi
  random_seed: 46
  mode: 0
  beta: None
  alpha: None
  use_local_search: True
  max_local_iterations: 1000
  eigsh_tol: 1e-06
  eigsh_maxiter: 1000
  eigsh_ncv: None
  disable_warm_start: False
  precision: 32 bits (<class 'numpy.float32'>)
  run_name: SpecAnn
--------------------------------------------------
Applying local search to 128 unique solutions (out of 128 total)
General results saved to: results/erdos_renyi/SpecAnn/er_2097152_1_1.bin.gz.csv
Alpha results saved to: results/erdos_renyi/SpecAnn/alphas/er_2097152_1_1.bin.gz_alphas.csv (128 alpha values)
  Seed 6/10 (seed=47)
Initialized SpecAnn solver (GPU sparse). Results will be saved under 'SpecAnn'.
Parameters:
  instance_name: er_2097152_1_1.bin.gz
  dataset: erdos_renyi
  random_seed: 47
  mode: 0
  beta: None
  alpha: None
  use_local_search: True
  max_local_iterations: 1000
  eigsh_tol: 1e-06
  eigsh_maxiter: 1000
  eigsh_ncv: None
  disable_warm_start: False
  precision: 32 bits (<class 'numpy.float32'>)
  run_name: SpecAnn
--------------------------------------------------
Applying local search to 128 unique solutions (out of 128 total)
General results saved to: results/erdos_renyi/SpecAnn/er_2097152_1_1.bin.gz.csv
Alpha results saved to: results/erdos_renyi/SpecAnn/alphas/er_2097152_1_1.bin.gz_alphas.csv (128 alpha values)
  Seed 7/10 (seed=48)
Initialized SpecAnn solver (GPU sparse). Results will be saved under 'SpecAnn'.
Parameters:
  instance_name: er_2097152_1_1.bin.gz
  dataset: erdos_renyi
  random_seed: 48
  mode: 0
  beta: None
  alpha: None
  use_local_search: True
  max_local_iterations: 1000
  eigsh_tol: 1e-06
  eigsh_maxiter: 1000
  eigsh_ncv: None
  disable_warm_start: False
  precision: 32 bits (<class 'numpy.float32'>)
  run_name: SpecAnn
--------------------------------------------------
Applying local search to 128 unique solutions (out of 128 total)
General results saved to: results/erdos_renyi/SpecAnn/er_2097152_1_1.bin.gz.csv
Alpha results saved to: results/erdos_renyi/SpecAnn/alphas/er_2097152_1_1.bin.gz_alphas.csv (128 alpha values)
  Seed 8/10 (seed=49)
Initialized SpecAnn solver (GPU sparse). Results will be saved under 'SpecAnn'.
Parameters:
  instance_name: er_2097152_1_1.bin.gz
  dataset: erdos_renyi
  random_seed: 49
  mode: 0
  beta: None
  alpha: None
  use_local_search: True
  max_local_iterations: 1000
  eigsh_tol: 1e-06
  eigsh_maxiter: 1000
  eigsh_ncv: None
  disable_warm_start: False
  precision: 32 bits (<class 'numpy.float32'>)
  run_name: SpecAnn
--------------------------------------------------
Applying local search to 128 unique solutions (out of 128 total)
General results saved to: results/erdos_renyi/SpecAnn/er_2097152_1_1.bin.gz.csv
Alpha results saved to: results/erdos_renyi/SpecAnn/alphas/er_2097152_1_1.bin.gz_alphas.csv (128 alpha values)
  Seed 9/10 (seed=50)
Initialized SpecAnn solver (GPU sparse). Results will be saved under 'SpecAnn'.
Parameters:
  instance_name: er_2097152_1_1.bin.gz
  dataset: erdos_renyi
  random_seed: 50
  mode: 0
  beta: None
  alpha: None
  use_local_search: True
  max_local_iterations: 1000
  eigsh_tol: 1e-06
  eigsh_maxiter: 1000
  eigsh_ncv: None
  disable_warm_start: False
  precision: 32 bits (<class 'numpy.float32'>)
  run_name: SpecAnn
--------------------------------------------------
Applying local search to 128 unique solutions (out of 128 total)
General results saved to: results/erdos_renyi/SpecAnn/er_2097152_1_1.bin.gz.csv
Alpha results saved to: results/erdos_renyi/SpecAnn/alphas/er_2097152_1_1.bin.gz_alphas.csv (128 alpha values)
  Seed 10/10 (seed=51)
Initialized SpecAnn solver (GPU sparse). Results will be saved under 'SpecAnn'.
Parameters:
  instance_name: er_2097152_1_1.bin.gz
  dataset: erdos_renyi
  random_seed: 51
  mode: 0
  beta: None
  alpha: None
  use_local_search: True
  max_local_iterations: 1000
  eigsh_tol: 1e-06
  eigsh_maxiter: 1000
  eigsh_ncv: None
  disable_warm_start: False
  precision: 32 bits (<class 'numpy.float32'>)
  run_name: SpecAnn
--------------------------------------------------
Applying local search to 128 unique solutions (out of 128 total)
General results saved to: results/erdos_renyi/SpecAnn/er_2097152_1_1.bin.gz.csv
Alpha results saved to: results/erdos_renyi/SpecAnn/alphas/er_2097152_1_1.bin.gz_alphas.csv (128 alpha values)
Processing instance: er_2097152_1_2.bin.gz
  Seed 1/10 (seed=42)
Initialized SpecAnn solver (GPU sparse). Results will be saved under 'SpecAnn'.
Parameters:
  instance_name: er_2097152_1_2.bin.gz
  dataset: erdos_renyi
  random_seed: 42
  mode: 0
  beta: None
  alpha: None
  use_local_search: True
  max_local_iterations: 1000
  eigsh_tol: 1e-06
  eigsh_maxiter: 1000
  eigsh_ncv: None
  disable_warm_start: False
  precision: 32 bits (<class 'numpy.float32'>)
  run_name: SpecAnn
--------------------------------------------------
Applying local search to 128 unique solutions (out of 128 total)
General results saved to: results/erdos_renyi/SpecAnn/er_2097152_1_2.bin.gz.csv
Alpha results saved to: results/erdos_renyi/SpecAnn/alphas/er_2097152_1_2.bin.gz_alphas.csv (128 alpha values)
  Seed 2/10 (seed=43)
Initialized SpecAnn solver (GPU sparse). Results will be saved under 'SpecAnn'.
Parameters:
  instance_name: er_2097152_1_2.bin.gz
  dataset: erdos_renyi
  random_seed: 43
  mode: 0
  beta: None
  alpha: None
  use_local_search: True
  max_local_iterations: 1000
  eigsh_tol: 1e-06
  eigsh_maxiter: 1000
  eigsh_ncv: None
  disable_warm_start: False
  precision: 32 bits (<class 'numpy.float32'>)
  run_name: SpecAnn
--------------------------------------------------
Applying local search to 128 unique solutions (out of 128 total)
General results saved to: results/erdos_renyi/SpecAnn/er_2097152_1_2.bin.gz.csv
Alpha results saved to: results/erdos_renyi/SpecAnn/alphas/er_2097152_1_2.bin.gz_alphas.csv (128 alpha values)
  Seed 3/10 (seed=44)
Initialized SpecAnn solver (GPU sparse). Results will be saved under 'SpecAnn'.
Parameters:
  instance_name: er_2097152_1_2.bin.gz
  dataset: erdos_renyi
  random_seed: 44
  mode: 0
  beta: None
  alpha: None
  use_local_search: True
  max_local_iterations: 1000
  eigsh_tol: 1e-06
  eigsh_maxiter: 1000
  eigsh_ncv: None
  disable_warm_start: False
  precision: 32 bits (<class 'numpy.float32'>)
  run_name: SpecAnn
--------------------------------------------------
Applying local search to 128 unique solutions (out of 128 total)
General results saved to: results/erdos_renyi/SpecAnn/er_2097152_1_2.bin.gz.csv
Alpha results saved to: results/erdos_renyi/SpecAnn/alphas/er_2097152_1_2.bin.gz_alphas.csv (128 alpha values)
  Seed 4/10 (seed=45)
Initialized SpecAnn solver (GPU sparse). Results will be saved under 'SpecAnn'.
Parameters:
  instance_name: er_2097152_1_2.bin.gz
  dataset: erdos_renyi
  random_seed: 45
  mode: 0
  beta: None
  alpha: None
  use_local_search: True
  max_local_iterations: 1000
  eigsh_tol: 1e-06
  eigsh_maxiter: 1000
  eigsh_ncv: None
  disable_warm_start: False
  precision: 32 bits (<class 'numpy.float32'>)
  run_name: SpecAnn
--------------------------------------------------
Applying local search to 128 unique solutions (out of 128 total)
General results saved to: results/erdos_renyi/SpecAnn/er_2097152_1_2.bin.gz.csv
Alpha results saved to: results/erdos_renyi/SpecAnn/alphas/er_2097152_1_2.bin.gz_alphas.csv (128 alpha values)
  Seed 5/10 (seed=46)
Initialized SpecAnn solver (GPU sparse). Results will be saved under 'SpecAnn'.
Parameters:
  instance_name: er_2097152_1_2.bin.gz
  dataset: erdos_renyi
  random_seed: 46
  mode: 0
  beta: None
  alpha: None
  use_local_search: True
  max_local_iterations: 1000
  eigsh_tol: 1e-06
  eigsh_maxiter: 1000
  eigsh_ncv: None
  disable_warm_start: False
  precision: 32 bits (<class 'numpy.float32'>)
  run_name: SpecAnn
--------------------------------------------------
Applying local search to 128 unique solutions (out of 128 total)
General results saved to: results/erdos_renyi/SpecAnn/er_2097152_1_2.bin.gz.csv
Alpha results saved to: results/erdos_renyi/SpecAnn/alphas/er_2097152_1_2.bin.gz_alphas.csv (128 alpha values)
  Seed 6/10 (seed=47)
Initialized SpecAnn solver (GPU sparse). Results will be saved under 'SpecAnn'.
Parameters:
  instance_name: er_2097152_1_2.bin.gz
  dataset: erdos_renyi
  random_seed: 47
  mode: 0
  beta: None
  alpha: None
  use_local_search: True
  max_local_iterations: 1000
  eigsh_tol: 1e-06
  eigsh_maxiter: 1000
  eigsh_ncv: None
  disable_warm_start: False
  precision: 32 bits (<class 'numpy.float32'>)
  run_name: SpecAnn
--------------------------------------------------
Applying local search to 128 unique solutions (out of 128 total)
General results saved to: results/erdos_renyi/SpecAnn/er_2097152_1_2.bin.gz.csv
Alpha results saved to: results/erdos_renyi/SpecAnn/alphas/er_2097152_1_2.bin.gz_alphas.csv (128 alpha values)
  Seed 7/10 (seed=48)
Initialized SpecAnn solver (GPU sparse). Results will be saved under 'SpecAnn'.
Parameters:
  instance_name: er_2097152_1_2.bin.gz
  dataset: erdos_renyi
  random_seed: 48
  mode: 0
  beta: None
  alpha: None
  use_local_search: True
  max_local_iterations: 1000
  eigsh_tol: 1e-06
  eigsh_maxiter: 1000
  eigsh_ncv: None
  disable_warm_start: False
  precision: 32 bits (<class 'numpy.float32'>)
  run_name: SpecAnn
--------------------------------------------------
Applying local search to 128 unique solutions (out of 128 total)
General results saved to: results/erdos_renyi/SpecAnn/er_2097152_1_2.bin.gz.csv
Alpha results saved to: results/erdos_renyi/SpecAnn/alphas/er_2097152_1_2.bin.gz_alphas.csv (128 alpha values)
  Seed 8/10 (seed=49)
Initialized SpecAnn solver (GPU sparse). Results will be saved under 'SpecAnn'.
Parameters:
  instance_name: er_2097152_1_2.bin.gz
  dataset: erdos_renyi
  random_seed: 49
  mode: 0
  beta: None
  alpha: None
  use_local_search: True
  max_local_iterations: 1000
  eigsh_tol: 1e-06
  eigsh_maxiter: 1000
  eigsh_ncv: None
  disable_warm_start: False
  precision: 32 bits (<class 'numpy.float32'>)
  run_name: SpecAnn
--------------------------------------------------
Applying local search to 128 unique solutions (out of 128 total)
General results saved to: results/erdos_renyi/SpecAnn/er_2097152_1_2.bin.gz.csv
Alpha results saved to: results/erdos_renyi/SpecAnn/alphas/er_2097152_1_2.bin.gz_alphas.csv (128 alpha values)
  Seed 9/10 (seed=50)
Initialized SpecAnn solver (GPU sparse). Results will be saved under 'SpecAnn'.
Parameters:
  instance_name: er_2097152_1_2.bin.gz
  dataset: erdos_renyi
  random_seed: 50
  mode: 0
  beta: None
  alpha: None
  use_local_search: True
  max_local_iterations: 1000
  eigsh_tol: 1e-06
  eigsh_maxiter: 1000
  eigsh_ncv: None
  disable_warm_start: False
  precision: 32 bits (<class 'numpy.float32'>)
  run_name: SpecAnn
--------------------------------------------------
Applying local search to 128 unique solutions (out of 128 total)
General results saved to: results/erdos_renyi/SpecAnn/er_2097152_1_2.bin.gz.csv
Alpha results saved to: results/erdos_renyi/SpecAnn/alphas/er_2097152_1_2.bin.gz_alphas.csv (128 alpha values)
  Seed 10/10 (seed=51)
Initialized SpecAnn solver (GPU sparse). Results will be saved under 'SpecAnn'.
Parameters:
  instance_name: er_2097152_1_2.bin.gz
  dataset: erdos_renyi
  random_seed: 51
  mode: 0
  beta: None
  alpha: None
  use_local_search: True
  max_local_iterations: 1000
  eigsh_tol: 1e-06
  eigsh_maxiter: 1000
  eigsh_ncv: None
  disable_warm_start: False
  precision: 32 bits (<class 'numpy.float32'>)
  run_name: SpecAnn
--------------------------------------------------
Applying local search to 128 unique solutions (out of 128 total)
General results saved to: results/erdos_renyi/SpecAnn/er_2097152_1_2.bin.gz.csv
Alpha results saved to: results/erdos_renyi/SpecAnn/alphas/er_2097152_1_2.bin.gz_alphas.csv (128 alpha values)
Processing instance: er_2097152_1_3.bin.gz
  Seed 1/10 (seed=42)
Initialized SpecAnn solver (GPU sparse). Results will be saved under 'SpecAnn'.
Parameters:
  instance_name: er_2097152_1_3.bin.gz
  dataset: erdos_renyi
  random_seed: 42
  mode: 0
  beta: None
  alpha: None
  use_local_search: True
  max_local_iterations: 1000
  eigsh_tol: 1e-06
  eigsh_maxiter: 1000
  eigsh_ncv: None
  disable_warm_start: False
  precision: 32 bits (<class 'numpy.float32'>)
  run_name: SpecAnn
--------------------------------------------------
Applying local search to 128 unique solutions (out of 128 total)
General results saved to: results/erdos_renyi/SpecAnn/er_2097152_1_3.bin.gz.csv
Alpha results saved to: results/erdos_renyi/SpecAnn/alphas/er_2097152_1_3.bin.gz_alphas.csv (128 alpha values)
  Seed 2/10 (seed=43)
Initialized SpecAnn solver (GPU sparse). Results will be saved under 'SpecAnn'.
Parameters:
  instance_name: er_2097152_1_3.bin.gz
  dataset: erdos_renyi
  random_seed: 43
  mode: 0
  beta: None
  alpha: None
  use_local_search: True
  max_local_iterations: 1000
  eigsh_tol: 1e-06
  eigsh_maxiter: 1000
  eigsh_ncv: None
  disable_warm_start: False
  precision: 32 bits (<class 'numpy.float32'>)
  run_name: SpecAnn
--------------------------------------------------
Applying local search to 128 unique solutions (out of 128 total)
General results saved to: results/erdos_renyi/SpecAnn/er_2097152_1_3.bin.gz.csv
Alpha results saved to: results/erdos_renyi/SpecAnn/alphas/er_2097152_1_3.bin.gz_alphas.csv (128 alpha values)
  Seed 3/10 (seed=44)
Initialized SpecAnn solver (GPU sparse). Results will be saved under 'SpecAnn'.
Parameters:
  instance_name: er_2097152_1_3.bin.gz
  dataset: erdos_renyi
  random_seed: 44
  mode: 0
  beta: None
  alpha: None
  use_local_search: True
  max_local_iterations: 1000
  eigsh_tol: 1e-06
  eigsh_maxiter: 1000
  eigsh_ncv: None
  disable_warm_start: False
  precision: 32 bits (<class 'numpy.float32'>)
  run_name: SpecAnn
--------------------------------------------------
Applying local search to 128 unique solutions (out of 128 total)
General results saved to: results/erdos_renyi/SpecAnn/er_2097152_1_3.bin.gz.csv
Alpha results saved to: results/erdos_renyi/SpecAnn/alphas/er_2097152_1_3.bin.gz_alphas.csv (128 alpha values)
  Seed 4/10 (seed=45)
Initialized SpecAnn solver (GPU sparse). Results will be saved under 'SpecAnn'.
Parameters:
  instance_name: er_2097152_1_3.bin.gz
  dataset: erdos_renyi
  random_seed: 45
  mode: 0
  beta: None
  alpha: None
  use_local_search: True
  max_local_iterations: 1000
  eigsh_tol: 1e-06
  eigsh_maxiter: 1000
  eigsh_ncv: None
  disable_warm_start: False
  precision: 32 bits (<class 'numpy.float32'>)
  run_name: SpecAnn
--------------------------------------------------
Applying local search to 128 unique solutions (out of 128 total)
General results saved to: results/erdos_renyi/SpecAnn/er_2097152_1_3.bin.gz.csv
Alpha results saved to: results/erdos_renyi/SpecAnn/alphas/er_2097152_1_3.bin.gz_alphas.csv (128 alpha values)
  Seed 5/10 (seed=46)
Initialized SpecAnn solver (GPU sparse). Results will be saved under 'SpecAnn'.
Parameters:
  instance_name: er_2097152_1_3.bin.gz
  dataset: erdos_renyi
  random_seed: 46
  mode: 0
  beta: None
  alpha: None
  use_local_search: True
  max_local_iterations: 1000
  eigsh_tol: 1e-06
  eigsh_maxiter: 1000
  eigsh_ncv: None
  disable_warm_start: False
  precision: 32 bits (<class 'numpy.float32'>)
  run_name: SpecAnn
--------------------------------------------------
Applying local search to 128 unique solutions (out of 128 total)
General results saved to: results/erdos_renyi/SpecAnn/er_2097152_1_3.bin.gz.csv
Alpha results saved to: results/erdos_renyi/SpecAnn/alphas/er_2097152_1_3.bin.gz_alphas.csv (128 alpha values)
  Seed 6/10 (seed=47)
Initialized SpecAnn solver (GPU sparse). Results will be saved under 'SpecAnn'.
Parameters:
  instance_name: er_2097152_1_3.bin.gz
  dataset: erdos_renyi
  random_seed: 47
  mode: 0
  beta: None
  alpha: None
  use_local_search: True
  max_local_iterations: 1000
  eigsh_tol: 1e-06
  eigsh_maxiter: 1000
  eigsh_ncv: None
  disable_warm_start: False
  precision: 32 bits (<class 'numpy.float32'>)
  run_name: SpecAnn
--------------------------------------------------
Applying local search to 128 unique solutions (out of 128 total)
General results saved to: results/erdos_renyi/SpecAnn/er_2097152_1_3.bin.gz.csv
Alpha results saved to: results/erdos_renyi/SpecAnn/alphas/er_2097152_1_3.bin.gz_alphas.csv (128 alpha values)
  Seed 7/10 (seed=48)
Initialized SpecAnn solver (GPU sparse). Results will be saved under 'SpecAnn'.
Parameters:
  instance_name: er_2097152_1_3.bin.gz
  dataset: erdos_renyi
  random_seed: 48
  mode: 0
  beta: None
  alpha: None
  use_local_search: True
  max_local_iterations: 1000
  eigsh_tol: 1e-06
  eigsh_maxiter: 1000
  eigsh_ncv: None
  disable_warm_start: False
  precision: 32 bits (<class 'numpy.float32'>)
  run_name: SpecAnn
--------------------------------------------------
Applying local search to 128 unique solutions (out of 128 total)
General results saved to: results/erdos_renyi/SpecAnn/er_2097152_1_3.bin.gz.csv
Alpha results saved to: results/erdos_renyi/SpecAnn/alphas/er_2097152_1_3.bin.gz_alphas.csv (128 alpha values)
  Seed 8/10 (seed=49)
Initialized SpecAnn solver (GPU sparse). Results will be saved under 'SpecAnn'.
Parameters:
  instance_name: er_2097152_1_3.bin.gz
  dataset: erdos_renyi
  random_seed: 49
  mode: 0
  beta: None
  alpha: None
  use_local_search: True
  max_local_iterations: 1000
  eigsh_tol: 1e-06
  eigsh_maxiter: 1000
  eigsh_ncv: None
  disable_warm_start: False
  precision: 32 bits (<class 'numpy.float32'>)
  run_name: SpecAnn
--------------------------------------------------
Applying local search to 128 unique solutions (out of 128 total)
General results saved to: results/erdos_renyi/SpecAnn/er_2097152_1_3.bin.gz.csv
Alpha results saved to: results/erdos_renyi/SpecAnn/alphas/er_2097152_1_3.bin.gz_alphas.csv (128 alpha values)
  Seed 9/10 (seed=50)
Initialized SpecAnn solver (GPU sparse). Results will be saved under 'SpecAnn'.
Parameters:
  instance_name: er_2097152_1_3.bin.gz
  dataset: erdos_renyi
  random_seed: 50
  mode: 0
  beta: None
  alpha: None
  use_local_search: True
  max_local_iterations: 1000
  eigsh_tol: 1e-06
  eigsh_maxiter: 1000
  eigsh_ncv: None
  disable_warm_start: False
  precision: 32 bits (<class 'numpy.float32'>)
  run_name: SpecAnn
--------------------------------------------------
Applying local search to 128 unique solutions (out of 128 total)
General results saved to: results/erdos_renyi/SpecAnn/er_2097152_1_3.bin.gz.csv
Alpha results saved to: results/erdos_renyi/SpecAnn/alphas/er_2097152_1_3.bin.gz_alphas.csv (128 alpha values)
  Seed 10/10 (seed=51)
Initialized SpecAnn solver (GPU sparse). Results will be saved under 'SpecAnn'.
Parameters:
  instance_name: er_2097152_1_3.bin.gz
  dataset: erdos_renyi
  random_seed: 51
  mode: 0
  beta: None
  alpha: None
  use_local_search: True
  max_local_iterations: 1000
  eigsh_tol: 1e-06
  eigsh_maxiter: 1000
  eigsh_ncv: None
  disable_warm_start: False
  precision: 32 bits (<class 'numpy.float32'>)
  run_name: SpecAnn
--------------------------------------------------
Applying local search to 128 unique solutions (out of 128 total)
General results saved to: results/erdos_renyi/SpecAnn/er_2097152_1_3.bin.gz.csv
Alpha results saved to: results/erdos_renyi/SpecAnn/alphas/er_2097152_1_3.bin.gz_alphas.csv (128 alpha values)
Processing instance: er_2097152_1_4.bin.gz
  Seed 1/10 (seed=42)
Initialized SpecAnn solver (GPU sparse). Results will be saved under 'SpecAnn'.
Parameters:
  instance_name: er_2097152_1_4.bin.gz
  dataset: erdos_renyi
  random_seed: 42
  mode: 0
  beta: None
  alpha: None
  use_local_search: True
  max_local_iterations: 1000
  eigsh_tol: 1e-06
  eigsh_maxiter: 1000
  eigsh_ncv: None
  disable_warm_start: False
  precision: 32 bits (<class 'numpy.float32'>)
  run_name: SpecAnn
--------------------------------------------------
Applying local search to 128 unique solutions (out of 128 total)
General results saved to: results/erdos_renyi/SpecAnn/er_2097152_1_4.bin.gz.csv
Alpha results saved to: results/erdos_renyi/SpecAnn/alphas/er_2097152_1_4.bin.gz_alphas.csv (128 alpha values)
  Seed 2/10 (seed=43)
Initialized SpecAnn solver (GPU sparse). Results will be saved under 'SpecAnn'.
Parameters:
  instance_name: er_2097152_1_4.bin.gz
  dataset: erdos_renyi
  random_seed: 43
  mode: 0
  beta: None
  alpha: None
  use_local_search: True
  max_local_iterations: 1000
  eigsh_tol: 1e-06
  eigsh_maxiter: 1000
  eigsh_ncv: None
  disable_warm_start: False
  precision: 32 bits (<class 'numpy.float32'>)
  run_name: SpecAnn
--------------------------------------------------
Applying local search to 128 unique solutions (out of 128 total)
General results saved to: results/erdos_renyi/SpecAnn/er_2097152_1_4.bin.gz.csv
Alpha results saved to: results/erdos_renyi/SpecAnn/alphas/er_2097152_1_4.bin.gz_alphas.csv (128 alpha values)
  Seed 3/10 (seed=44)
Initialized SpecAnn solver (GPU sparse). Results will be saved under 'SpecAnn'.
Parameters:
  instance_name: er_2097152_1_4.bin.gz
  dataset: erdos_renyi
  random_seed: 44
  mode: 0
  beta: None
  alpha: None
  use_local_search: True
  max_local_iterations: 1000
  eigsh_tol: 1e-06
  eigsh_maxiter: 1000
  eigsh_ncv: None
  disable_warm_start: False
  precision: 32 bits (<class 'numpy.float32'>)
  run_name: SpecAnn
--------------------------------------------------
Applying local search to 128 unique solutions (out of 128 total)
General results saved to: results/erdos_renyi/SpecAnn/er_2097152_1_4.bin.gz.csv
Alpha results saved to: results/erdos_renyi/SpecAnn/alphas/er_2097152_1_4.bin.gz_alphas.csv (128 alpha values)
  Seed 4/10 (seed=45)
Initialized SpecAnn solver (GPU sparse). Results will be saved under 'SpecAnn'.
Parameters:
  instance_name: er_2097152_1_4.bin.gz
  dataset: erdos_renyi
  random_seed: 45
  mode: 0
  beta: None
  alpha: None
  use_local_search: True
  max_local_iterations: 1000
  eigsh_tol: 1e-06
  eigsh_maxiter: 1000
  eigsh_ncv: None
  disable_warm_start: False
  precision: 32 bits (<class 'numpy.float32'>)
  run_name: SpecAnn
--------------------------------------------------
Applying local search to 128 unique solutions (out of 128 total)
General results saved to: results/erdos_renyi/SpecAnn/er_2097152_1_4.bin.gz.csv
Alpha results saved to: results/erdos_renyi/SpecAnn/alphas/er_2097152_1_4.bin.gz_alphas.csv (128 alpha values)
  Seed 5/10 (seed=46)
Initialized SpecAnn solver (GPU sparse). Results will be saved under 'SpecAnn'.
Parameters:
  instance_name: er_2097152_1_4.bin.gz
  dataset: erdos_renyi
  random_seed: 46
  mode: 0
  beta: None
  alpha: None
  use_local_search: True
  max_local_iterations: 1000
  eigsh_tol: 1e-06
  eigsh_maxiter: 1000
  eigsh_ncv: None
  disable_warm_start: False
  precision: 32 bits (<class 'numpy.float32'>)
  run_name: SpecAnn
--------------------------------------------------
Applying local search to 128 unique solutions (out of 128 total)
General results saved to: results/erdos_renyi/SpecAnn/er_2097152_1_4.bin.gz.csv
Alpha results saved to: results/erdos_renyi/SpecAnn/alphas/er_2097152_1_4.bin.gz_alphas.csv (128 alpha values)
  Seed 6/10 (seed=47)
Initialized SpecAnn solver (GPU sparse). Results will be saved under 'SpecAnn'.
Parameters:
  instance_name: er_2097152_1_4.bin.gz
  dataset: erdos_renyi
  random_seed: 47
  mode: 0
  beta: None
  alpha: None
  use_local_search: True
  max_local_iterations: 1000
  eigsh_tol: 1e-06
  eigsh_maxiter: 1000
  eigsh_ncv: None
  disable_warm_start: False
  precision: 32 bits (<class 'numpy.float32'>)
  run_name: SpecAnn
--------------------------------------------------
Applying local search to 128 unique solutions (out of 128 total)
General results saved to: results/erdos_renyi/SpecAnn/er_2097152_1_4.bin.gz.csv
Alpha results saved to: results/erdos_renyi/SpecAnn/alphas/er_2097152_1_4.bin.gz_alphas.csv (128 alpha values)
  Seed 7/10 (seed=48)
Initialized SpecAnn solver (GPU sparse). Results will be saved under 'SpecAnn'.
Parameters:
  instance_name: er_2097152_1_4.bin.gz
  dataset: erdos_renyi
  random_seed: 48
  mode: 0
  beta: None
  alpha: None
  use_local_search: True
  max_local_iterations: 1000
  eigsh_tol: 1e-06
  eigsh_maxiter: 1000
  eigsh_ncv: None
  disable_warm_start: False
  precision: 32 bits (<class 'numpy.float32'>)
  run_name: SpecAnn
--------------------------------------------------
Applying local search to 128 unique solutions (out of 128 total)
General results saved to: results/erdos_renyi/SpecAnn/er_2097152_1_4.bin.gz.csv
Alpha results saved to: results/erdos_renyi/SpecAnn/alphas/er_2097152_1_4.bin.gz_alphas.csv (128 alpha values)
  Seed 8/10 (seed=49)
Initialized SpecAnn solver (GPU sparse). Results will be saved under 'SpecAnn'.
Parameters:
  instance_name: er_2097152_1_4.bin.gz
  dataset: erdos_renyi
  random_seed: 49
  mode: 0
  beta: None
  alpha: None
  use_local_search: True
  max_local_iterations: 1000
  eigsh_tol: 1e-06
  eigsh_maxiter: 1000
  eigsh_ncv: None
  disable_warm_start: False
  precision: 32 bits (<class 'numpy.float32'>)
  run_name: SpecAnn
--------------------------------------------------
Applying local search to 128 unique solutions (out of 128 total)
General results saved to: results/erdos_renyi/SpecAnn/er_2097152_1_4.bin.gz.csv
Alpha results saved to: results/erdos_renyi/SpecAnn/alphas/er_2097152_1_4.bin.gz_alphas.csv (128 alpha values)
  Seed 9/10 (seed=50)
Initialized SpecAnn solver (GPU sparse). Results will be saved under 'SpecAnn'.
Parameters:
  instance_name: er_2097152_1_4.bin.gz
  dataset: erdos_renyi
  random_seed: 50
  mode: 0
  beta: None
  alpha: None
  use_local_search: True
  max_local_iterations: 1000
  eigsh_tol: 1e-06
  eigsh_maxiter: 1000
  eigsh_ncv: None
  disable_warm_start: False
  precision: 32 bits (<class 'numpy.float32'>)
  run_name: SpecAnn
--------------------------------------------------
Applying local search to 128 unique solutions (out of 128 total)
General results saved to: results/erdos_renyi/SpecAnn/er_2097152_1_4.bin.gz.csv
Alpha results saved to: results/erdos_renyi/SpecAnn/alphas/er_2097152_1_4.bin.gz_alphas.csv (128 alpha values)
  Seed 10/10 (seed=51)
Initialized SpecAnn solver (GPU sparse). Results will be saved under 'SpecAnn'.
Parameters:
  instance_name: er_2097152_1_4.bin.gz
  dataset: erdos_renyi
  random_seed: 51
  mode: 0
  beta: None
  alpha: None
  use_local_search: True
  max_local_iterations: 1000
  eigsh_tol: 1e-06
  eigsh_maxiter: 1000
  eigsh_ncv: None
  disable_warm_start: False
  precision: 32 bits (<class 'numpy.float32'>)
  run_name: SpecAnn
--------------------------------------------------
Applying local search to 128 unique solutions (out of 128 total)
General results saved to: results/erdos_renyi/SpecAnn/er_2097152_1_4.bin.gz.csv
Alpha results saved to: results/erdos_renyi/SpecAnn/alphas/er_2097152_1_4.bin.gz_alphas.csv (128 alpha values)
Processing instance: er_2097152_1_5.bin.gz
  Seed 1/10 (seed=42)
Initialized SpecAnn solver (GPU sparse). Results will be saved under 'SpecAnn'.
Parameters:
  instance_name: er_2097152_1_5.bin.gz
  dataset: erdos_renyi
  random_seed: 42
  mode: 0
  beta: None
  alpha: None
  use_local_search: True
  max_local_iterations: 1000
  eigsh_tol: 1e-06
  eigsh_maxiter: 1000
  eigsh_ncv: None
  disable_warm_start: False
  precision: 32 bits (<class 'numpy.float32'>)
  run_name: SpecAnn
--------------------------------------------------
Applying local search to 128 unique solutions (out of 128 total)
General results saved to: results/erdos_renyi/SpecAnn/er_2097152_1_5.bin.gz.csv
Alpha results saved to: results/erdos_renyi/SpecAnn/alphas/er_2097152_1_5.bin.gz_alphas.csv (128 alpha values)
  Seed 2/10 (seed=43)
Initialized SpecAnn solver (GPU sparse). Results will be saved under 'SpecAnn'.
Parameters:
  instance_name: er_2097152_1_5.bin.gz
  dataset: erdos_renyi
  random_seed: 43
  mode: 0
  beta: None
  alpha: None
  use_local_search: True
  max_local_iterations: 1000
  eigsh_tol: 1e-06
  eigsh_maxiter: 1000
  eigsh_ncv: None
  disable_warm_start: False
  precision: 32 bits (<class 'numpy.float32'>)
  run_name: SpecAnn
--------------------------------------------------
Applying local search to 128 unique solutions (out of 128 total)
General results saved to: results/erdos_renyi/SpecAnn/er_2097152_1_5.bin.gz.csv
Alpha results saved to: results/erdos_renyi/SpecAnn/alphas/er_2097152_1_5.bin.gz_alphas.csv (128 alpha values)
  Seed 3/10 (seed=44)
Initialized SpecAnn solver (GPU sparse). Results will be saved under 'SpecAnn'.
Parameters:
  instance_name: er_2097152_1_5.bin.gz
  dataset: erdos_renyi
  random_seed: 44
  mode: 0
  beta: None
  alpha: None
  use_local_search: True
  max_local_iterations: 1000
  eigsh_tol: 1e-06
  eigsh_maxiter: 1000
  eigsh_ncv: None
  disable_warm_start: False
  precision: 32 bits (<class 'numpy.float32'>)
  run_name: SpecAnn
--------------------------------------------------
Applying local search to 128 unique solutions (out of 128 total)
General results saved to: results/erdos_renyi/SpecAnn/er_2097152_1_5.bin.gz.csv
Alpha results saved to: results/erdos_renyi/SpecAnn/alphas/er_2097152_1_5.bin.gz_alphas.csv (128 alpha values)
  Seed 4/10 (seed=45)
Initialized SpecAnn solver (GPU sparse). Results will be saved under 'SpecAnn'.
Parameters:
  instance_name: er_2097152_1_5.bin.gz
  dataset: erdos_renyi
  random_seed: 45
  mode: 0
  beta: None
  alpha: None
  use_local_search: True
  max_local_iterations: 1000
  eigsh_tol: 1e-06
  eigsh_maxiter: 1000
  eigsh_ncv: None
  disable_warm_start: False
  precision: 32 bits (<class 'numpy.float32'>)
  run_name: SpecAnn
--------------------------------------------------
Applying local search to 128 unique solutions (out of 128 total)
General results saved to: results/erdos_renyi/SpecAnn/er_2097152_1_5.bin.gz.csv
Alpha results saved to: results/erdos_renyi/SpecAnn/alphas/er_2097152_1_5.bin.gz_alphas.csv (128 alpha values)
  Seed 5/10 (seed=46)
Initialized SpecAnn solver (GPU sparse). Results will be saved under 'SpecAnn'.
Parameters:
  instance_name: er_2097152_1_5.bin.gz
  dataset: erdos_renyi
  random_seed: 46
  mode: 0
  beta: None
  alpha: None
  use_local_search: True
  max_local_iterations: 1000
  eigsh_tol: 1e-06
  eigsh_maxiter: 1000
  eigsh_ncv: None
  disable_warm_start: False
  precision: 32 bits (<class 'numpy.float32'>)
  run_name: SpecAnn
--------------------------------------------------
Applying local search to 128 unique solutions (out of 128 total)